Component: ARM Compiler 5.06 update 6 (build 750) Tool: armlink [4d35ed]

==============================================================================

Section Cross References

    startup_stm32f405xx.o(STACK) refers (Special) to heapauxi.o(.text) for __use_two_region_memory
    startup_stm32f405xx.o(HEAP) refers (Special) to heapauxi.o(.text) for __use_two_region_memory
    startup_stm32f405xx.o(RESET) refers (Special) to heapauxi.o(.text) for __use_two_region_memory
    startup_stm32f405xx.o(RESET) refers to startup_stm32f405xx.o(STACK) for __initial_sp
    startup_stm32f405xx.o(RESET) refers to startup_stm32f405xx.o(.text) for Reset_Handler
    startup_stm32f405xx.o(RESET) refers to stm32f4xx_it.o(i.NMI_Handler) for NMI_Handler
    startup_stm32f405xx.o(RESET) refers to stm32f4xx_it.o(i.HardFault_Handler) for HardFault_Handler
    startup_stm32f405xx.o(RESET) refers to stm32f4xx_it.o(i.MemManage_Handler) for MemManage_Handler
    startup_stm32f405xx.o(RESET) refers to stm32f4xx_it.o(i.BusFault_Handler) for BusFault_Handler
    startup_stm32f405xx.o(RESET) refers to stm32f4xx_it.o(i.UsageFault_Handler) for UsageFault_Handler
    startup_stm32f405xx.o(RESET) refers to port.o(.emb_text) for SVC_Handler
    startup_stm32f405xx.o(RESET) refers to stm32f4xx_it.o(i.DebugMon_Handler) for DebugMon_Handler
    startup_stm32f405xx.o(RESET) refers to port.o(i.SysTick_Handler) for SysTick_Handler
    startup_stm32f405xx.o(RESET) refers to stm32f4xx_it.o(i.EXTI0_IRQHandler) for EXTI0_IRQHandler
    startup_stm32f405xx.o(RESET) refers to stm32f4xx_it.o(i.EXTI1_IRQHandler) for EXTI1_IRQHandler
    startup_stm32f405xx.o(RESET) refers to stm32f4xx_it.o(i.DMA1_Stream3_IRQHandler) for DMA1_Stream3_IRQHandler
    startup_stm32f405xx.o(RESET) refers to stm32f4xx_it.o(i.DMA1_Stream4_IRQHandler) for DMA1_Stream4_IRQHandler
    startup_stm32f405xx.o(RESET) refers to stm32f4xx_it.o(i.DMA1_Stream5_IRQHandler) for DMA1_Stream5_IRQHandler
    startup_stm32f405xx.o(RESET) refers to stm32f4xx_it.o(i.DMA1_Stream6_IRQHandler) for DMA1_Stream6_IRQHandler
    startup_stm32f405xx.o(RESET) refers to stm32f4xx_it.o(i.ADC_IRQHandler) for ADC_IRQHandler
    startup_stm32f405xx.o(RESET) refers to stm32f4xx_it.o(i.TIM3_IRQHandler) for TIM3_IRQHandler
    startup_stm32f405xx.o(RESET) refers to stm32f4xx_it.o(i.SPI1_IRQHandler) for SPI1_IRQHandler
    startup_stm32f405xx.o(RESET) refers to stm32f4xx_it.o(i.SPI2_IRQHandler) for SPI2_IRQHandler
    startup_stm32f405xx.o(RESET) refers to stm32f4xx_it.o(i.USART1_IRQHandler) for USART1_IRQHandler
    startup_stm32f405xx.o(RESET) refers to stm32f4xx_it.o(i.USART2_IRQHandler) for USART2_IRQHandler
    startup_stm32f405xx.o(RESET) refers to stm32f4xx_it.o(i.TIM6_DAC_IRQHandler) for TIM6_DAC_IRQHandler
    startup_stm32f405xx.o(RESET) refers to stm32f4xx_it.o(i.DMA2_Stream0_IRQHandler) for DMA2_Stream0_IRQHandler
    startup_stm32f405xx.o(RESET) refers to stm32f4xx_it.o(i.DMA2_Stream2_IRQHandler) for DMA2_Stream2_IRQHandler
    startup_stm32f405xx.o(RESET) refers to stm32f4xx_it.o(i.DMA2_Stream3_IRQHandler) for DMA2_Stream3_IRQHandler
    startup_stm32f405xx.o(RESET) refers to stm32f4xx_it.o(i.DMA2_Stream4_IRQHandler) for DMA2_Stream4_IRQHandler
    startup_stm32f405xx.o(RESET) refers to stm32f4xx_it.o(i.DMA2_Stream7_IRQHandler) for DMA2_Stream7_IRQHandler
    startup_stm32f405xx.o(.text) refers (Special) to heapauxi.o(.text) for __use_two_region_memory
    startup_stm32f405xx.o(.text) refers to system_stm32f4xx.o(i.SystemInit) for SystemInit
    startup_stm32f405xx.o(.text) refers to __main.o(!!!main) for __main
    startup_stm32f405xx.o(.text) refers to startup_stm32f405xx.o(HEAP) for Heap_Mem
    startup_stm32f405xx.o(.text) refers to startup_stm32f405xx.o(STACK) for Stack_Mem
    main.o(i.HAL_TIM_PeriodElapsedCallback) refers to stm32f4xx_hal.o(i.HAL_IncTick) for HAL_IncTick
    main.o(i.HAL_TIM_PeriodElapsedCallback) refers to sx126xstm32f103-board.o(i.SX126xTimerIrqHandler) for SX126xTimerIrqHandler
    main.o(i.SystemClock_Config) refers to rt_memclr_w.o(.text) for __aeabi_memclr4
    main.o(i.SystemClock_Config) refers to stm32f4xx_hal_rcc.o(i.HAL_RCC_OscConfig) for HAL_RCC_OscConfig
    main.o(i.SystemClock_Config) refers to stm32f4xx_hal_rcc.o(i.HAL_RCC_ClockConfig) for HAL_RCC_ClockConfig
    main.o(i.main) refers to stm32f4xx_hal.o(i.HAL_Init) for HAL_Init
    main.o(i.main) refers to main.o(i.SystemClock_Config) for SystemClock_Config
    main.o(i.main) refers to gpio.o(i.MX_GPIO_Init) for MX_GPIO_Init
    main.o(i.main) refers to dma.o(i.MX_DMA_Init) for MX_DMA_Init
    main.o(i.main) refers to spi.o(i.MX_SPI1_Init) for MX_SPI1_Init
    main.o(i.main) refers to tim.o(i.MX_TIM8_Init) for MX_TIM8_Init
    main.o(i.main) refers to usart.o(i.MX_USART2_UART_Init) for MX_USART2_UART_Init
    main.o(i.main) refers to usart.o(i.MX_USART1_UART_Init) for MX_USART1_UART_Init
    main.o(i.main) refers to spi.o(i.MX_SPI2_Init) for MX_SPI2_Init
[...]
    UsageFault_Handler                       0x08007379   Thumb Code     2  stm32f4xx_it.o(i.UsageFault_Handler)
    __ARM_fpclassify                         0x0800737b   Thumb Code    48  fpclassify.o(i.__ARM_fpclassify)
    __ARM_fpclassifyf                        0x080073ab   Thumb Code    38  fpclassifyf.o(i.__ARM_fpclassifyf)
    __hardfp_asinf                           0x080073f1   Thumb Code   258  asinf.o(i.__hardfp_asinf)
    __hardfp_atan2f                          0x0800751d   Thumb Code   502  atan2f.o(i.__hardfp_atan2f)
    __hardfp_powf                            0x0800776d   Thumb Code  1606  powf.o(i.__hardfp_powf)
    __mathlib_powf                           0x0800776d   Thumb Code     0  powf.o(i.__hardfp_powf)
    __hardfp_sqrtf                           0x08007dd1   Thumb Code    58  sqrtf.o(i.__hardfp_sqrtf)
    __mathlib_flt_divzero                    0x08007e0d   Thumb Code    14  funder.o(i.__mathlib_flt_divzero)
    __mathlib_flt_infnan                     0x08007e21   Thumb Code     6  funder.o(i.__mathlib_flt_infnan)
    __mathlib_flt_infnan2                    0x08007e27   Thumb Code     6  funder.o(i.__mathlib_flt_infnan2)
    __mathlib_flt_invalid                    0x08007e2d   Thumb Code    10  funder.o(i.__mathlib_flt_invalid)
    __mathlib_flt_overflow                   0x08007e3d   Thumb Code    10  funder.o(i.__mathlib_flt_overflow)
    __mathlib_flt_underflow                  0x08007e4d   Thumb Code    10  funder.o(i.__mathlib_flt_underflow)
    _is_digit                                0x08007e5d   Thumb Code    14  __printf_wp.o(i._is_digit)
    acc_body_to_world                        0x08007e6d   Thumb Code   100  sensfusion6.o(i.acc_body_to_world)
    baro_update                              0x08007ed9   Thumb Code   194  state_estimator.o(i.baro_update)
    dio_EXTI                                 0x08008075   Thumb Code    14  sx126xstm32f103-board.o(i.dio_EXTI)
    imuUpdate                                0x08008089   Thumb Code   636  sensfusion6.o(i.imuUpdate)
    linkTxTask                               0x08008361   Thumb Code    68  link.o(i.linkTxTask)
    main                                     0x080083c1   Thumb Code    60  main.o(i.main)
    my2printf                                0x08008411   Thumb Code    50  usart.o(i.my2printf)
    nav_update                               0x0800844d   Thumb Code   640  state_estimator.o(i.nav_update)
    osDelay                                  0x080086f9   Thumb Code    14  cmsis_os.o(i.osDelay)
    osKernelStart                            0x08008707   Thumb Code    10  cmsis_os.o(i.osKernelStart)
    osThreadCreate                           0x08008711   Thumb Code    84  cmsis_os.o(i.osThreadCreate)
    processAccGyroMeasurements               0x08008879   Thumb Code   600  sensors.o(i.processAccGyroMeasurements)
    pvPortMalloc                             0x08009009   Thumb Code   216  heap_4.o(i.pvPortMalloc)
    pvTaskIncrementMutexHeldCount            0x080090e5   Thumb Code    18  tasks.o(i.pvTaskIncrementMutexHeldCount)
    pwm_set_ch1                              0x080090fd   Thumb Code    28  tim.o(i.pwm_set_ch1)
    pwm_set_ch2                              0x0800911d   Thumb Code    28  tim.o(i.pwm_set_ch2)
    pwm_set_ch3                              0x0800913d   Thumb Code    28  tim.o(i.pwm_set_ch3)
    pwm_set_ch4                              0x0800915d   Thumb Code    28  tim.o(i.pwm_set_ch4)
    pxPortInitialiseStack                    0x0800917d   Thumb Code    40  port.o(i.pxPortInitialiseStack)
    sensorsTask                              0x08009599   Thumb Code   122  sensors.o(i.sensorsTask)
    set_sw_gpio                              0x08009629   Thumb Code    20  gpio.o(i.set_sw_gpio)
    spi_dma_tx                               0x08009641   Thumb Code    70  spi.o(i.spi_dma_tx)
    spi_dma_txrx                             0x08009691   Thumb Code    78  spi.o(i.spi_dma_txrx)
    sqrtf                                    0x080096e9   Thumb Code    62  sqrtf.o(i.sqrtf)
    stabilizerTask                           0x08009729   Thumb Code   308  stabilizer.o(i.stabilizerTask)
    startTask                                0x08009885   Thumb Code   104  freertos.o(i.startTask)
    stateControl                             0x08009931   Thumb Code   426  state_control.o(i.stateControl)
    uxListRemove                             0x08009af9   Thumb Code    38  list.o(i.uxListRemove)
    vApplicationGetIdleTaskMemory            0x08009b21   Thumb Code    16  freertos.o(i.vApplicationGetIdleTaskMemory)
    vListInitialise                          0x08009b35   Thumb Code    22  list.o(i.vListInitialise)
    vListInitialiseItem                      0x08009b4b   Thumb Code     6  list.o(i.vListInitialiseItem)
    vListInsert                              0x08009b51   Thumb Code    48  list.o(i.vListInsert)
    vListInsertEnd                           0x08009b81   Thumb Code    24  list.o(i.vListInsertEnd)
    vPortEnterCritical                       0x08009b99   Thumb Code    54  port.o(i.vPortEnterCritical)
    vPortExitCritical                        0x08009bd9   Thumb Code    34  port.o(i.vPortExitCritical)
    vPortFree                                0x08009c01   Thumb Code    94  heap_4.o(i.vPortFree)
    vPortSetupTimerInterrupt                 0x08009c65   Thumb Code    32  port.o(i.vPortSetupTimerInterrupt)
    vPortValidateInterruptPriority           0x08009c89   Thumb Code    74  port.o(i.vPortValidateInterruptPriority)
    vTaskDelay                               0x08009cdd   Thumb Code    66  tasks.o(i.vTaskDelay)
    vTaskDelayUntil                          0x08009d29   Thumb Code   132  tasks.o(i.vTaskDelayUntil)
    vTaskDelete                              0x08009db5   Thumb Code   158  tasks.o(i.vTaskDelete)
    vTaskInternalSetTimeOutState             0x08009e61   Thumb Code    12  tasks.o(i.vTaskInternalSetTimeOutState)
    vTaskMissedYield                         0x08009e71   Thumb Code     8  tasks.o(i.vTaskMissedYield)
    vTaskPlaceOnEventList                    0x08009e7d   Thumb Code    44  tasks.o(i.vTaskPlaceOnEventList)
    vTaskPriorityDisinheritAfterTimeout      0x08009ead   Thumb Code   152  tasks.o(i.vTaskPriorityDisinheritAfterTimeout)
    vTaskStartScheduler                      0x08009f4d   Thumb Code    90  tasks.o(i.vTaskStartScheduler)
    vTaskSuspendAll                          0x08009fb9   Thumb Code    10  tasks.o(i.vTaskSuspendAll)
    vTaskSwitchContext                       0x08009fc9   Thumb Code    82  tasks.o(i.vTaskSwitchContext)
    wirelessTask                             0x0800a025   Thumb Code   188  sx126x_example_recive.o(i.wirelessTask)
    xPortStartScheduler                      0x0800a109   Thumb Code   222  port.o(i.xPortStartScheduler)
    xQueueGenericCreate                      0x0800a1fd   Thumb Code    66  queue.o(i.xQueueGenericCreate)
    xQueueGenericReset                       0x0800a241   Thumb Code   132  queue.o(i.xQueueGenericReset)
    xQueueGenericSend                        0x0800a2c9   Thumb Code   372  queue.o(i.xQueueGenericSend)
    xQueueGiveFromISR                        0x0800a441   Thumb Code   172  queue.o(i.xQueueGiveFromISR)
    xQueueReceive                            0x0800a4ed   Thumb Code   308  queue.o(i.xQueueReceive)
    xQueueSemaphoreTake                      0x0800a625   Thumb Code   372  queue.o(i.xQueueSemaphoreTake)
    xTaskCheckForTimeOut                     0x0800a79d   Thumb Code   112  tasks.o(i.xTaskCheckForTimeOut)
    xTaskCreate                              0x0800a811   Thumb Code    90  tasks.o(i.xTaskCreate)
    xTaskCreateStatic                        0x0800a86b   Thumb Code    86  tasks.o(i.xTaskCreateStatic)
    xTaskGetSchedulerState                   0x0800a8c1   Thumb Code    22  tasks.o(i.xTaskGetSchedulerState)
    xTaskGetTickCount                        0x0800a8dd   Thumb Code     6  tasks.o(i.xTaskGetTickCount)
    xTaskIncrementTick                       0x0800a8e9   Thumb Code   194  tasks.o(i.xTaskIncrementTick)
    xTaskPriorityDisinherit                  0x0800a9b5   Thumb Code   144  tasks.o(i.xTaskPriorityDisinherit)
    xTaskPriorityInherit                     0x0800aa4d   Thumb Code   130  tasks.o(i.xTaskPriorityInherit)
    xTaskRemoveFromEventList                 0x0800aad9   Thumb Code   108  tasks.o(i.xTaskRemoveFromEventList)
    xTaskResumeAll                           0x0800ab4d   Thumb Code   182  tasks.o(i.xTaskResumeAll)
    _get_lc_numeric                          0x0800ac11   Thumb Code    44  lc_numeric_c.o(locale$$code)
    _get_lc_ctype                            0x0800ac3d   Thumb Code    44  lc_ctype_c.o(locale$$code)
    __aeabi_d2f                              0x0800ac69   Thumb Code     0  d2f.o(x$fpl$d2f)
    _d2f                                     0x0800ac69   Thumb Code    98  d2f.o(x$fpl$d2f)
    __aeabi_ddiv                             0x0800accd   Thumb Code     0  ddiv.o(x$fpl$ddiv)
    _ddiv                                    0x0800accd   Thumb Code   552  ddiv.o(x$fpl$ddiv)
    __fpl_dnaninf                            0x0800af7d   Thumb Code   156  dnaninf.o(x$fpl$dnaninf)
    __fpl_dretinf                            0x0800b019   Thumb Code    12  dretinf.o(x$fpl$dretinf)
    __aeabi_f2d                              0x0800b025   Thumb Code     0  f2d.o(x$fpl$f2d)
    _f2d                                     0x0800b025   Thumb Code    86  f2d.o(x$fpl$f2d)
    __fpl_fnaninf                            0x0800b07b   Thumb Code   140  fnaninf.o(x$fpl$fnaninf)
    _fp_init                                 0x0800b107   Thumb Code    10  fpinit.o(x$fpl$fpinit)
    __fplib_config_fpu_vfp                   0x0800b10f   Thumb Code     0  fpinit.o(x$fpl$fpinit)
    __fplib_config_pureend_doubles           0x0800b10f   Thumb Code     0  fpinit.o(x$fpl$fpinit)
    __fpl_fretinf                            0x0800b111   Thumb Code    10  fretinf.o(x$fpl$fretinf)
    _printf_fp_dec                           0x0800b11b   Thumb Code     4  printf1.o(x$fpl$printf1)
    _printf_fp_hex                           0x0800b11f   Thumb Code     4  printf2.o(x$fpl$printf2)
    __I$use$fp                               0x0800b122   Number         0  usenofp.o(x$fpl$usenofp)
    AHBPrescTable                            0x0800b164   Data          16  system_stm32f4xx.o(.constdata)
    APBPrescTable                            0x0800b174   Data           8  system_stm32f4xx.o(.constdata)
    Radio                                    0x0800b17c   Data         108  radio.o(.constdata)
    Bandwidths                               0x0800b1e8   Data           3  radio.o(.constdata)
    FskBandwidths                            0x0800b1ec   Data         176  radio.o(.constdata)
    Region$$Table$$Base                      0x0800b4f0   Number         0  anon$$obj.o(Region$$Table)
    Region$$Table$$Limit                     0x0800b510   Number         0  anon$$obj.o(Region$$Table)
    __ctype                                  0x0800b539   Data           0  lc_ctype_c.o(locale$$data)
    sensorsDataReady                         0x20000000   Data           4  freertos.o(.data)
    icmDataReady                             0x20000004   Data           4  freertos.o(.data)
    uart1TxDone                              0x20000008   Data           4  freertos.o(.data)
    accelerometerDataQueue                   0x2000000c   Data           4  freertos.o(.data)
    barometerDataQueue                       0x20000010   Data           4  freertos.o(.data)
    gyroDataQueue                            0x20000014   Data           4  freertos.o(.data)
    stateDataQueue                           0x20000018   Data           4  freertos.o(.data)
    sensorDataQueue                          0x2000001c   Data           4  freertos.o(.data)
    uartRxQueue                              0x20000020   Data           4  freertos.o(.data)
    controlcommandDataQueue                  0x20000024   Data           4  freertos.o(.data)
    rcctrlDataQueue                          0x20000028   Data           4  freertos.o(.data)
    defaultTaskHandle                        0x2000002c   Data           4  freertos.o(.data)
    START_TASKHandle                         0x20000030   Data           4  freertos.o(.data)
    usart2_dma_tx_over                       0x2000003c   Data           1  usart.o(.data)
    usart1_dma_tx_over                       0x2000003d   Data           1  usart.o(.data)
    uwTickFreq                               0x20000040   Data           1  stm32f4xx_hal.o(.data)
    uwTickPrio                               0x20000044   Data           4  stm32f4xx_hal.o(.data)
    uwTick                                   0x20000048   Data           4  stm32f4xx_hal.o(.data)
    SystemCoreClock                          0x2000004c   Data           4  system_stm32f4xx.o(.data)
    pxCurrentTCB                             0x20000050   Data           4  tasks.o(.data)
    t_fine                                   0x200000b8   Data           4  bmp280.o(.data)
    link_sta                                 0x200001ec   Data           1  link.o(.data)
    MaxPayloadLength                         0x200001f0   Data           1  radio.o(.data)
    RxContinuous                             0x200001f1   Data           1  radio.o(.data)
    IrqFired                                 0x200001f2   Data           1  radio.o(.data)
    TxTimeout                                0x200001f8   Data           4  radio.o(.data)
    RxTimeout                                0x200001fc   Data           4  radio.o(.data)
    FrequencyError                           0x20000208   Data           4  sx126x.o(.data)
    sendflag                                 0x2000020c   Data           1  sx126x_example_recive.o(.data)
    hadc1                                    0x2000046c   Data          72  adc.o(.bss)
    hdma_adc1                                0x200004b4   Data          96  adc.o(.bss)
    hspi1                                    0x20000514   Data          88  spi.o(.bss)
    hspi2                                    0x2000056c   Data          88  spi.o(.bss)
    hdma_spi1_tx                             0x200005c4   Data          96  spi.o(.bss)
    hdma_spi1_rx                             0x20000624   Data          96  spi.o(.bss)
    hdma_spi2_tx                             0x20000684   Data          96  spi.o(.bss)
    hdma_spi2_rx                             0x200006e4   Data          96  spi.o(.bss)
    htim3                                    0x20000744   Data          72  tim.o(.bss)
    htim8                                    0x2000078c   Data          72  tim.o(.bss)
    usart1_rx_buff                           0x20000964   Data         100  usart.o(.bss)
    huart1                                   0x200009c8   Data          72  usart.o(.bss)
    huart2                                   0x20000a10   Data          72  usart.o(.bss)
    hdma_usart1_rx                           0x20000a58   Data          96  usart.o(.bss)
    hdma_usart1_tx                           0x20000ab8   Data          96  usart.o(.bss)
    hdma_usart2_tx                           0x20000b18   Data          96  usart.o(.bss)
    hdma_usart2_rx                           0x20000b78   Data          96  usart.o(.bss)
    htim6                                    0x20000bd8   Data          72  stm32f4xx_hal_timebase_tim.o(.bss)
    bmp280_calib                             0x20004910   Data          24  bmp280.o(.bss)
    RadioPktStatus                           0x20004c64   Data          20  radio.o(.bss)
    RadioRxPayload                           0x20004c78   Data         255  radio.o(.bss)
    SX126x                                   0x20004d78   Data          60  radio.o(.bss)
    sendbuff                                 0x20004db4   Data          32  sx126x_example_recive.o(.bss)
    pid_group                                0x20004df4   Data          36  sx126x_example_recive.o(.bss)
    __libspace_start                         0x20004e54   Data          96  libspace.o(.bss)
    __temporary_stack_top$libspace           0x20004eb4   Data           0  libspace.o(.bss)



==============================================================================

Memory Map of the image

  Image Entry point : 0x08000189

  Load Region LR_IROM1 (Base: 0x08000000, Size: 0x0000b854, Max: 0x00100000, ABSOLUTE, COMPRESSED[0x0000b68c])

    Execution Region ER_IROM1 (Exec base: 0x08000000, Load base: 0x08000000, Size: 0x0000b63c, Max: 0x00100000, ABSOLUTE)

    Exec Addr    Load Addr    Size         Type   Attr      Idx    E Section Name        Object

    0x08000000   0x08000000   0x00000188   Data   RO            3    RESET               startup_stm32f405xx.o
    0x08000188   0x08000188   0x00000008   Code   RO         6622  * !!!main             c_w.l(__main.o)
    0x08000190   0x08000190   0x00000034   Code   RO         7075    !!!scatter          c_w.l(__scatter.o)
    0x080001c4   0x080001c4   0x0000005a   Code   RO         7073    !!dczerorl2         c_w.l(__dczerorl2.o)
    0x0800021e   0x0800021e   0x00000002   PAD
    0x08000220   0x08000220   0x0000001c   Code   RO         7077    !!handler_zi        c_w.l(__scatter_zi.o)
    0x0800023c   0x0800023c   0x00000000   Code   RO         6796    .ARM.Collect$$_printf_percent$$00000000  c_w.l(_printf_percent.o)
    0x0800023c   0x0800023c   0x00000006   Code   RO         6785    .ARM.Collect$$_printf_percent$$00000001  c_w.l(_printf_n.o)
    0x08000242   0x08000242   0x00000006   Code   RO         6787    .ARM.Collect$$_printf_percent$$00000002  c_w.l(_printf_p.o)
    0x08000248   0x08000248   0x00000006   Code   RO         6792    .ARM.Collect$$_printf_percent$$00000003  c_w.l(_printf_f.o)
    0x0800024e   0x0800024e   0x00000006   Code   RO         6793    .ARM.Collect$$_printf_percent$$00000004  c_w.l(_printf_e.o)
    0x08000254   0x08000254   0x00000006   Code   RO         6794    .ARM.Collect$$_printf_percent$$00000005  c_w.l(_printf_g.o)
    0x0800025a   0x0800025a   0x00000006   Code   RO         6795    .ARM.Collect$$_printf_percent$$00000006  c_w.l(_printf_a.o)
    0x08000260   0x08000260   0x0000000a   Code   RO         6800    .ARM.Collect$$_printf_percent$$00000007  c_w.l(_printf_ll.o)
    0x0800026a   0x0800026a   0x00000006   Code   RO         6789    .ARM.Collect$$_printf_percent$$00000008  c_w.l(_printf_i.o)
    0x08000270   0x08000270   0x00000006   Code   RO         6790    .ARM.Collect$$_printf_percent$$00000009  c_w.l(_printf_d.o)
    0x08000276   0x08000276   0x00000006   Code   RO         6791    .ARM.Collect$$_printf_percent$$0000000A  c_w.l(_printf_u.o)
    0x0800027c   0x0800027c   0x00000006   Code   RO         6788    .ARM.Collect$$_printf_percent$$0000000B  c_w.l(_printf_o.o)
    0x08000282   0x08000282   0x00000006   Code   RO         6786    .ARM.Collect$$_printf_percent$$0000000C  c_w.l(_printf_x.o)
    0x08000288   0x08000288   0x00000006   Code   RO         6797    .ARM.Collect$$_printf_percent$$0000000D  c_w.l(_printf_lli.o)
    0x0800028e   0x0800028e   0x00000006   Code   RO         6798    .ARM.Collect$$_printf_percent$$0000000E  c_w.l(_printf_lld.o)
    0x08000294   0x08000294   0x00000006   Code   RO         6799    .ARM.Collect$$_printf_percent$$0000000F  c_w.l(_printf_llu.o)
    0x0800029a   0x0800029a   0x00000006   Code   RO         6804    .ARM.Collect$$_printf_percent$$00000010  c_w.l(_printf_llo.o)
    0x080002a0   0x080002a0   0x00000006   Code   RO         6805    .ARM.Collect$$_printf_percent$$00000011  c_w.l(_printf_llx.o)
    0x080002a6   0x080002a6   0x0000000a   Code   RO         6801    .ARM.Collect$$_printf_percent$$00000012  c_w.l(_printf_l.o)
    0x080002b0   0x080002b0   0x00000006   Code   RO         6783    .ARM.Collect$$_printf_percent$$00000013  c_w.l(_printf_c.o)
    0x080002b6   0x080002b6   0x00000006   Code   RO         6784    .ARM.Collect$$_printf_percent$$00000014  c_w.l(_printf_s.o)
    0x080002bc   0x080002bc   0x00000006   Code   RO         6802    .ARM.Collect$$_printf_percent$$00000015  c_w.l(_printf_lc.o)
    0x080002c2   0x080002c2   0x00000006   Code   RO         6803    .ARM.Collect$$_printf_percent$$00000016  c_w.l(_printf_ls.o)
    0x080002c8   0x080002c8   0x00000004   Code   RO         6883    .ARM.Collect$$_printf_percent$$00000017  c_w.l(_printf_percent_end.o)
    0x080002cc   0x080002cc   0x00000002   Code   RO         6939    .ARM.Collect$$libinit$$00000000  c_w.l(libinit.o)
    0x080002ce   0x080002ce   0x00000004   Code   RO         6955    .ARM.Collect$$libinit$$00000001  c_w.l(libinit2.o)
    0x080002d2   0x080002d2   0x00000000   Code   RO         6958    .ARM.Collect$$libinit$$00000004  c_w.l(libinit2.o)
    0x080002d2   0x080002d2   0x00000000   Code   RO         6961    .ARM.Collect$$libinit$$0000000A  c_w.l(libinit2.o)
    0x080002d2   0x080002d2   0x00000000   Code   RO         6963    .ARM.Collect$$libinit$$0000000C  c_w.l(libinit2.o)
    0x080002d2   0x080002d2   0x00000000   Code   RO         6965    .ARM.Collect$$libinit$$0000000E  c_w.l(libinit2.o)
    0x080002d2   0x080002d2   0x00000006   Code   RO         6966    .ARM.Collect$$libinit$$0000000F  c_w.l(libinit2.o)
    0x080002d8   0x080002d8   0x00000000   Code   RO         6968    .ARM.Collect$$libinit$$00000011  c_w.l(libinit2.o)
    0x080002d8   0x080002d8   0x0000000c   Code   RO         6969    .ARM.Collect$$libinit$$00000012  c_w.l(libinit2.o)
    0x080002e4   0x080002e4   0x00000000   Code   RO         6970    .ARM.Collect$$libinit$$00000013  c_w.l(libinit2.o)
    0x080002e4   0x080002e4   0x00000000   Code   RO         6972    .ARM.Collect$$libinit$$00000015  c_w.l(libinit2.o)
    0x080002e4   0x080002e4   0x0000000a   Code   RO         6973    .ARM.Collect$$libinit$$00000016  c_w.l(libinit2.o)
    0x080002ee   0x080002ee   0x00000000   Code   RO         6974    .ARM.Collect$$libinit$$00000017  c_w.l(libinit2.o)
    0x080002ee   0x080002ee   0x00000000   Code   RO         6976    .ARM.Collect$$libinit$$00000019  c_w.l(libinit2.o)
    0x080002ee   0x080002ee   0x00000000   Code   RO         6978    .ARM.Collect$$libinit$$0000001B  c_w.l(libinit2.o)
    0x080002ee   0x080002ee   0x00000000   Code   RO         6980    .ARM.Collect$$libinit$$0000001D  c_w.l(libinit2.o)
    0x080002ee   0x080002ee   0x00000000   Code   RO         6982    .ARM.Collect$$libinit$$0000001F  c_w.l(libinit2.o)
    0x080002ee   0x080002ee   0x00000000   Code   RO         6984    .ARM.Collect$$libinit$$00000021  c_w.l(libinit2.o)
    0x080002ee   0x080002ee   0x00000000   Code   RO         6986    .ARM.Collect$$libinit$$00000023  c_w.l(libinit2.o)
    0x080002ee   0x080002ee   0x00000000   Code   RO         6988    .ARM.Collect$$libinit$$00000025  c_w.l(libinit2.o)
    0x080002ee   0x080002ee   0x00000000   Code   RO         6992    .ARM.Collect$$libinit$$0000002C  c_w.l(libinit2.o)
    0x080002ee   0x080002ee   0x00000000   Code   RO         6994    .ARM.Collect$$libinit$$0000002E  c_w.l(libinit2.o)
    0x080002ee   0x080002ee   0x00000000   Code   RO         6996    .ARM.Collect$$libinit$$00000030  c_w.l(libinit2.o)
    0x080002ee   0x080002ee   0x00000000   Code   RO         6998    .ARM.Collect$$libinit$$00000032  c_w.l(libinit2.o)
    0x080002ee   0x080002ee   0x00000002   Code   RO         6999    .ARM.Collect$$libinit$$00000033  c_w.l(libinit2.o)
    0x080002f0   0x080002f0   0x00000002   Code   RO         7030    .ARM.Collect$$libshutdown$$00000000  c_w.l(libshutdown.o)
    0x080002f2   0x080002f2   0x00000000   Code   RO         7056    .ARM.Collect$$libshutdown$$00000002  c_w.l(libshutdown2.o)
    0x080002f2   0x080002f2   0x00000000   Code   RO         7058    .ARM.Collect$$libshutdown$$00000004  c_w.l(libshutdown2.o)
    0x080002f2   0x080002f2   0x00000000   Code   RO         7061    .ARM.Collect$$libshutdown$$00000007  c_w.l(libshutdown2.o)
    0x080002f2   0x080002f2   0x00000000   Code   RO         7064    .ARM.Collect$$libshutdown$$0000000A  c_w.l(libshutdown2.o)
    0x080002f2   0x080002f2   0x00000000   Code   RO         7066    .ARM.Collect$$libshutdown$$0000000C  c_w.l(libshutdown2.o)
    0x080002f2   0x080002f2   0x00000000   Code   RO         7069    .ARM.Collect$$libshutdown$$0000000F  c_w.l(libshutdown2.o)
    0x080002f2   0x080002f2   0x00000002   Code   RO         7070    .ARM.Collect$$libshutdown$$00000010  c_w.l(libshutdown2.o)
    0x080002f4   0x080002f4   0x00000000   Code   RO         6706    .ARM.Collect$$rtentry$$00000000  c_w.l(__rtentry.o)
    0x080002f4   0x080002f4   0x00000000   Code   RO         6847    .ARM.Collect$$rtentry$$00000002  c_w.l(__rtentry2.o)
    0x080002f4   0x080002f4   0x00000006   Code   RO         6859    .ARM.Collect$$rtentry$$00000004  c_w.l(__rtentry4.o)
    0x080002fa   0x080002fa   0x00000000   Code   RO         6849    .ARM.Collect$$rtentry$$00000009  c_w.l(__rtentry2.o)
    0x080002fa   0x080002fa   0x00000004   Code   RO         6850    .ARM.Collect$$rtentry$$0000000A  c_w.l(__rtentry2.o)
    0x080002fe   0x080002fe   0x00000000   Code   RO         6852    .ARM.Collect$$rtentry$$0000000C  c_w.l(__rtentry2.o)
    0x080002fe   0x080002fe   0x00000008   Code   RO         6853    .ARM.Collect$$rtentry$$0000000D  c_w.l(__rtentry2.o)
    0x08000306   0x08000306   0x00000002   Code   RO         6942    .ARM.Collect$$rtexit$$00000000  c_w.l(rtexit.o)
    0x08000308   0x08000308   0x00000000   Code   RO         7003    .ARM.Collect$$rtexit$$00000002  c_w.l(rtexit2.o)
    0x08000308   0x08000308   0x00000004   Code   RO         7004    .ARM.Collect$$rtexit$$00000003  c_w.l(rtexit2.o)
    0x0800030c   0x0800030c   0x00000006   Code   RO         7005    .ARM.Collect$$rtexit$$00000004  c_w.l(rtexit2.o)
    0x08000312   0x08000312   0x00000002   PAD
    0x08000314   0x08000314   0x000000be   Code   RO         5327    .emb_text           port.o
    0x080003d2   0x080003d2   0x00000002   PAD
    0x080003d4   0x080003d4   0x00000040   Code   RO            4    .text               startup_stm32f405xx.o
    0x08000414   0x08000414   0x000000ee   Code   RO         6606    .text               c_w.l(lludivv7m.o)
    0x08000502   0x08000502   0x00000048   Code   RO         6608    .text               c_w.l(llsdiv.o)
    0x0800054a   0x0800054a   0x00000002   PAD
    0x0800054c   0x0800054c   0x00000034   Code   RO         6610    .text               c_w.l(vsnprintf.o)
    0x08000580   0x08000580   0x0000008a   Code   RO         6612    .text               c_w.l(rt_memcpy_v6.o)
    0x0800060a   0x0800060a   0x00000064   Code   RO         6614    .text               c_w.l(rt_memcpy_w.o)
    0x0800066e   0x0800066e   0x0000004e   Code   RO         6618    .text               c_w.l(rt_memclr_w.o)
    0x080006bc   0x080006bc   0x00000006   Code   RO         6620    .text               c_w.l(heapauxi.o)
    0x080006c2   0x080006c2   0x00000016   Code   RO         6711    .text               c_w.l(_rserrno.o)
    0x080006d8   0x080006d8   0x0000004e   Code   RO         6715    .text               c_w.l(_printf_pad.o)
    0x08000726   0x08000726   0x00000024   Code   RO         6717    .text               c_w.l(_printf_truncate.o)
    0x0800074a   0x0800074a   0x00000052   Code   RO         6719    .text               c_w.l(_printf_str.o)
    0x0800079c   0x0800079c   0x00000078   Code   RO         6721    .text               c_w.l(_printf_dec.o)
    0x08000814   0x08000814   0x00000028   Code   RO         6723    .text               c_w.l(_printf_charcount.o)
    0x0800083c   0x0800083c   0x00000030   Code   RO         6725    .text               c_w.l(_printf_char_common.o)
    0x0800086c   0x0800086c   0x0000000a   Code   RO         6727    .text               c_w.l(_sputc.o)
    0x08000876   0x08000876   0x00000010   Code   RO         6729    .text               c_w.l(_snputc.o)
    0x08000886   0x08000886   0x00000002   PAD
    0x08000888   0x08000888   0x000000bc   Code   RO         6731    .text               c_w.l(_printf_wctomb.o)
    0x08000944   0x08000944   0x0000007c   Code   RO         6734    .text               c_w.l(_printf_longlong_dec.o)
    0x080009c0   0x080009c0   0x00000070   Code   RO         6740    .text               c_w.l(_printf_oct_int_ll.o)
    0x08000a30   0x08000a30   0x00000094   Code   RO         6760    .text               c_w.l(_printf_hex_int_ll_ptr.o)
    0x08000ac4   0x08000ac4   0x00000188   Code   RO         6780    .text               c_w.l(__printf_flags_ss_wp.o)
    0x08000c4c   0x08000c4c   0x00000008   Code   RO         6866    .text               c_w.l(rt_errno_addr_intlibspace.o)
    0x08000c54   0x08000c54   0x0000008a   Code   RO         6868    .text               c_w.l(lludiv10.o)
    0x08000cde   0x08000cde   0x000000b2   Code   RO         6870    .text               c_w.l(_printf_intcommon.o)
    0x08000d90   0x08000d90   0x0000041e   Code   RO         6872    .text               c_w.l(_printf_fp_dec.o)
    0x080011ae   0x080011ae   0x00000002   PAD
    0x080011b0   0x080011b0   0x000002fc   Code   RO         6874    .text               c_w.l(_printf_fp_hex.o)
    0x080014ac   0x080014ac   0x0000002c   Code   RO         6879    .text               c_w.l(_printf_char.o)
    0x080014d8   0x080014d8   0x0000002c   Code   RO         6881    .text               c_w.l(_printf_wchar.o)
    0x08001504   0x08001504   0x00000040   Code   RO         6884    .text               c_w.l(_wcrtomb.o)
    0x08001544   0x08001544   0x00000008   Code   RO         6886    .text               c_w.l(libspace.o)
    0x0800154c   0x0800154c   0x0000004a   Code   RO         6889    .text               c_w.l(sys_stackheap_outer.o)
    0x08001596   0x08001596   0x00000002   PAD
    0x08001598   0x08001598   0x00000010   Code   RO         6891    .text               c_w.l(rt_ctype_table.o)
    0x080015a8   0x080015a8   0x00000008   Code   RO         6896    .text               c_w.l(rt_locale_intlibspace.o)
    0x080015b0   0x080015b0   0x00000080   Code   RO         6898    .text               c_w.l(_printf_fp_infnan.o)
    0x08001630   0x08001630   0x000000e4   Code   RO         6900    .text               c_w.l(bigflt0.o)
    0x08001714   0x08001714   0x00000012   Code   RO         6928    .text               c_w.l(exit.o)
    0x08001726   0x08001726   0x00000002   PAD
    0x08001728   0x08001728   0x00000080   Code   RO         6953    .text               c_w.l(strcmpv7m.o)
    0x080017a8   0x080017a8   0x0000000c   Code   RO         7000    .text               c_w.l(sys_exit.o)
    0x080017b4   0x080017b4   0x00000002   Code   RO         7019    .text               c_w.l(use_no_semi.o)
    0x080017b6   0x080017b6   0x00000000   Code   RO         7021    .text               c_w.l(indicate_semi.o)
    0x080017b6   0x080017b6   0x0000003e   Code   RO         6903    CL$$btod_d2e        c_w.l(btod.o)
    0x080017f4   0x080017f4   0x00000046   Code   RO         6905    CL$$btod_d2e_denorm_low  c_w.l(btod.o)
    0x0800183a   0x0800183a   0x00000060   Code   RO         6904    CL$$btod_d2e_norm_op1  c_w.l(btod.o)
    0x0800189a   0x0800189a   0x00000338   Code   RO         6913    CL$$btod_div_common  c_w.l(btod.o)
    0x08001bd2   0x08001bd2   0x000000dc   Code   RO         6910    CL$$btod_e2e        c_w.l(btod.o)
    0x08001cae   0x08001cae   0x0000002a   Code   RO         6907    CL$$btod_ediv       c_w.l(btod.o)
    0x08001cd8   0x08001cd8   0x0000002a   Code   RO         6906    CL$$btod_emul       c_w.l(btod.o)
    0x08001d02   0x08001d02   0x00000244   Code   RO         6912    CL$$btod_mult_common  c_w.l(btod.o)
    0x08001f46   0x08001f46   0x00000002   PAD
    0x08001f48   0x08001f48   0x0000000c   Code   RO          695    i.ADC_IRQHandler    stm32f4xx_it.o
    0x08001f54   0x08001f54   0x00000128   Code   RO         1900    i.ADC_Init          stm32f4xx_hal_adc.o
    0x0800207c   0x0800207c   0x00000168   Code   RO         5440    i.BMP280_Compensate_P  bmp280.o
    0x080021e4   0x080021e4   0x0000003c   Code   RO         5441    i.BMP280_Compensate_T  bmp280.o
    0x08002220   0x08002220   0x00000058   Code   RO         5442    i.BMP280_GetData    bmp280.o
    0x08002278   0x08002278   0x0000003e   Code   RO         5443    i.BMP280_Init       bmp280.o
    0x080022b6   0x080022b6   0x00000002   PAD
    0x080022b8   0x080022b8   0x00000060   Code   RO         5444    i.BMP280_ReadCalibration  bmp280.o
    0x08002318   0x08002318   0x00000042   Code   RO         5445    i.BMP280_ReadRaw    bmp280.o
    0x0800235a   0x0800235a   0x00000002   PAD
    0x0800235c   0x0800235c   0x00000054   Code   RO         5446    i.BMP280_ReadRegs   bmp280.o
    0x080023b0   0x080023b0   0x00000040   Code   RO         5447    i.BMP280_WriteReg   bmp280.o
    0x080023f0   0x080023f0   0x00000002   Code   RO          696    i.BusFault_Handler  stm32f4xx_it.o
    0x080023f2   0x080023f2   0x00000002   PAD
    0x080023f4   0x080023f4   0x0000000c   Code   RO          697    i.DMA1_Stream3_IRQHandler  stm32f4xx_it.o
    0x08002400   0x08002400   0x0000000c   Code   RO          698    i.DMA1_Stream4_IRQHandler  stm32f4xx_it.o
    0x0800240c   0x0800240c   0x0000000c   Code   RO          699    i.DMA1_Stream5_IRQHandler  stm32f4xx_it.o
    0x08002418   0x08002418   0x0000000c   Code   RO          700    i.DMA1_Stream6_IRQHandler  stm32f4xx_it.o
    0x08002424   0x08002424   0x0000000c   Code   RO          701    i.DMA2_Stream0_IRQHandler  stm32f4xx_it.o
    0x08002430   0x08002430   0x0000000c   Code   RO          702    i.DMA2_Stream2_IRQHandler  stm32f4xx_it.o
    0x0800243c   0x0800243c   0x0000000c   Code   RO          703    i.DMA2_Stream3_IRQHandler  stm32f4xx_it.o
    0x08002448   0x08002448   0x0000000c   Code   RO          704    i.DMA2_Stream4_IRQHandler  stm32f4xx_it.o
    0x08002454   0x08002454   0x0000000c   Code   RO          705    i.DMA2_Stream7_IRQHandler  stm32f4xx_it.o
    0x08002460   0x08002460   0x00000028   Code   RO         2631    i.DMA_CalcBaseAndBitshift  stm32f4xx_hal_dma.o
    0x08002488   0x08002488   0x00000054   Code   RO         2632    i.DMA_CheckFifoParam  stm32f4xx_hal_dma.o
    0x080024dc   0x080024dc   0x00000028   Code   RO         2633    i.DMA_SetConfig     stm32f4xx_hal_dma.o
    0x08002504   0x08002504   0x00000002   Code   RO          706    i.DebugMon_Handler  stm32f4xx_it.o
    0x08002506   0x08002506   0x00000006   Code   RO          707    i.EXTI0_IRQHandler  stm32f4xx_it.o
    0x0800250c   0x0800250c   0x00000006   Code   RO          708    i.EXTI1_IRQHandler  stm32f4xx_it.o
    0x08002512   0x08002512   0x00000004   Code   RO           13    i.Error_Handler     main.o
    0x08002516   0x08002516   0x00000002   PAD
    0x08002518   0x08002518   0x0000002c   Code   RO          438    i.HALSpi2InOut      spi.o
    0x08002544   0x08002544   0x00000002   Code   RO         2071    i.HAL_ADCEx_InjectedConvCpltCallback  stm32f4xx_hal_adc_ex.o
    0x08002546   0x08002546   0x00000002   PAD
    0x08002548   0x08002548   0x0000014c   Code   RO         1902    i.HAL_ADC_ConfigChannel  stm32f4xx_hal_adc.o
    0x08002694   0x08002694   0x00000002   Code   RO         1903    i.HAL_ADC_ConvCpltCallback  stm32f4xx_hal_adc.o
    0x08002696   0x08002696   0x00000002   Code   RO         1906    i.HAL_ADC_ErrorCallback  stm32f4xx_hal_adc.o
    0x08002698   0x08002698   0x0000012e   Code   RO         1910    i.HAL_ADC_IRQHandler  stm32f4xx_hal_adc.o
    0x080027c6   0x080027c6   0x00000054   Code   RO         1911    i.HAL_ADC_Init      stm32f4xx_hal_adc.o
    0x0800281a   0x0800281a   0x00000002   Code   RO         1912    i.HAL_ADC_LevelOutOfWindowCallback  stm32f4xx_hal_adc.o
    0x0800281c   0x0800281c   0x000000a8   Code   RO          373    i.HAL_ADC_MspInit   adc.o
    0x080028c4   0x080028c4   0x00000092   Code   RO         2634    i.HAL_DMA_Abort     stm32f4xx_hal_dma.o
    0x08002956   0x08002956   0x00000024   Code   RO         2635    i.HAL_DMA_Abort_IT  stm32f4xx_hal_dma.o
    0x0800297a   0x0800297a   0x00000002   PAD
    0x0800297c   0x0800297c   0x000001a0   Code   RO         2639    i.HAL_DMA_IRQHandler  stm32f4xx_hal_dma.o
    0x08002b1c   0x08002b1c   0x000000d4   Code   RO         2640    i.HAL_DMA_Init      stm32f4xx_hal_dma.o
    0x08002bf0   0x08002bf0   0x0000006e   Code   RO         2644    i.HAL_DMA_Start_IT  stm32f4xx_hal_dma.o
    0x08002c5e   0x08002c5e   0x00000002   PAD
    0x08002c60   0x08002c60   0x00000024   Code   RO         3071    i.HAL_Delay         stm32f4xx_hal.o
    0x08002c84   0x08002c84   0x00000040   Code   RO          276    i.HAL_GPIO_EXTI_Callback  gpio.o
    0x08002cc4   0x08002cc4   0x00000018   Code   RO         2526    i.HAL_GPIO_EXTI_IRQHandler  stm32f4xx_hal_gpio.o
    0x08002cdc   0x08002cdc   0x000001f0   Code   RO         2527    i.HAL_GPIO_Init     stm32f4xx_hal_gpio.o
    0x08002ecc   0x08002ecc   0x0000000a   Code   RO         2529    i.HAL_GPIO_ReadPin  stm32f4xx_hal_gpio.o
    0x08002ed6   0x08002ed6   0x0000000a   Code   RO         2531    i.HAL_GPIO_WritePin  stm32f4xx_hal_gpio.o
    0x08002ee0   0x08002ee0   0x0000000c   Code   RO         3077    i.HAL_GetTick       stm32f4xx_hal.o
    0x08002eec   0x08002eec   0x00000010   Code   RO         3083    i.HAL_IncTick       stm32f4xx_hal.o
    0x08002efc   0x08002efc   0x00000034   Code   RO         3084    i.HAL_Init          stm32f4xx_hal.o
    0x08002f30   0x08002f30   0x00000098   Code   RO          885    i.HAL_InitTick      stm32f4xx_hal_timebase_tim.o
    0x08002fc8   0x08002fc8   0x00000038   Code   RO          861    i.HAL_MspInit       stm32f4xx_hal_msp.o
    0x08003000   0x08003000   0x0000001a   Code   RO         2919    i.HAL_NVIC_EnableIRQ  stm32f4xx_hal_cortex.o
    0x0800301a   0x0800301a   0x00000002   PAD
    0x0800301c   0x0800301c   0x00000040   Code   RO         2925    i.HAL_NVIC_SetPriority  stm32f4xx_hal_cortex.o
    0x0800305c   0x0800305c   0x00000024   Code   RO         2926    i.HAL_NVIC_SetPriorityGrouping  stm32f4xx_hal_cortex.o
    0x08003080   0x08003080   0x00000134   Code   RO         2173    i.HAL_RCC_ClockConfig  stm32f4xx_hal_rcc.o
    0x080031b4   0x080031b4   0x00000040   Code   RO         2177    i.HAL_RCC_GetClockConfig  stm32f4xx_hal_rcc.o
    0x080031f4   0x080031f4   0x00000020   Code   RO         2180    i.HAL_RCC_GetPCLK1Freq  stm32f4xx_hal_rcc.o
    0x08003214   0x08003214   0x00000020   Code   RO         2181    i.HAL_RCC_GetPCLK2Freq  stm32f4xx_hal_rcc.o
    0x08003234   0x08003234   0x00000060   Code   RO         2182    i.HAL_RCC_GetSysClockFreq  stm32f4xx_hal_rcc.o
    0x08003294   0x08003294   0x0000036c   Code   RO         2185    i.HAL_RCC_OscConfig  stm32f4xx_hal_rcc.o
    0x08003600   0x08003600   0x00000002   Code   RO         3329    i.HAL_SPI_ErrorCallback  stm32f4xx_hal_spi.o
    0x08003602   0x08003602   0x00000006   Code   RO         3331    i.HAL_SPI_GetState  stm32f4xx_hal_spi.o
    0x08003608   0x08003608   0x000000fc   Code   RO         3332    i.HAL_SPI_IRQHandler  stm32f4xx_hal_spi.o
    0x08003704   0x08003704   0x000000bc   Code   RO         3333    i.HAL_SPI_Init      stm32f4xx_hal_spi.o
    0x080037c0   0x080037c0   0x000001a0   Code   RO          440    i.HAL_SPI_MspInit   spi.o
    0x08003960   0x08003960   0x00000154   Code   RO         3336    i.HAL_SPI_Receive   stm32f4xx_hal_spi.o
    0x08003ab4   0x08003ab4   0x00000002   Code   RO         3339    i.HAL_SPI_RxCpltCallback  stm32f4xx_hal_spi.o
    0x08003ab6   0x08003ab6   0x00000002   Code   RO         3340    i.HAL_SPI_RxHalfCpltCallback  stm32f4xx_hal_spi.o
    0x08003ab8   0x08003ab8   0x00000166   Code   RO         3341    i.HAL_SPI_Transmit  stm32f4xx_hal_spi.o
    0x08003c1e   0x08003c1e   0x000001f0   Code   RO         3342    i.HAL_SPI_TransmitReceive  stm32f4xx_hal_spi.o
    0x08003e0e   0x08003e0e   0x00000002   PAD
    0x08003e10   0x08003e10   0x00000110   Code   RO         3343    i.HAL_SPI_TransmitReceive_DMA  stm32f4xx_hal_spi.o
    0x08003f20   0x08003f20   0x000000cc   Code   RO         3345    i.HAL_SPI_Transmit_DMA  stm32f4xx_hal_spi.o
    0x08003fec   0x08003fec   0x00000002   Code   RO         3347    i.HAL_SPI_TxCpltCallback  stm32f4xx_hal_spi.o
    0x08003fee   0x08003fee   0x00000002   Code   RO         3348    i.HAL_SPI_TxHalfCpltCallback  stm32f4xx_hal_spi.o
    0x08003ff0   0x08003ff0   0x0000001c   Code   RO          441    i.HAL_SPI_TxRxCpltCallback  spi.o
    0x0800400c   0x0800400c   0x00000002   Code   RO         3350    i.HAL_SPI_TxRxHalfCpltCallback  stm32f4xx_hal_spi.o
    0x0800400e   0x0800400e   0x00000002   Code   RO         1630    i.HAL_TIMEx_BreakCallback  stm32f4xx_hal_tim_ex.o
    0x08004010   0x08004010   0x00000002   Code   RO         1631    i.HAL_TIMEx_CommutCallback  stm32f4xx_hal_tim_ex.o
    0x08004012   0x08004012   0x00000054   Code   RO         1633    i.HAL_TIMEx_ConfigBreakDeadTime  stm32f4xx_hal_tim_ex.o
    0x08004066   0x08004066   0x00000002   PAD
    0x08004068   0x08004068   0x00000090   Code   RO         1649    i.HAL_TIMEx_MasterConfigSynchronization  stm32f4xx_hal_tim_ex.o
    0x080040f8   0x080040f8   0x0000005a   Code   RO          926    i.HAL_TIM_Base_Init  stm32f4xx_hal_tim.o
    0x08004152   0x08004152   0x00000002   PAD
    0x08004154   0x08004154   0x00000058   Code   RO          525    i.HAL_TIM_Base_MspInit  tim.o
    0x080041ac   0x080041ac   0x00000080   Code   RO          931    i.HAL_TIM_Base_Start_IT  stm32f4xx_hal_tim.o
    0x0800422c   0x0800422c   0x000000dc   Code   RO          935    i.HAL_TIM_ConfigClockSource  stm32f4xx_hal_tim.o
    0x08004308   0x08004308   0x00000002   Code   RO          960    i.HAL_TIM_IC_CaptureCallback  stm32f4xx_hal_tim.o
    0x0800430a   0x0800430a   0x00000130   Code   RO          974    i.HAL_TIM_IRQHandler  stm32f4xx_hal_tim.o
    0x0800443a   0x0800443a   0x00000002   PAD
    0x0800443c   0x0800443c   0x00000054   Code   RO          526    i.HAL_TIM_MspPostInit  tim.o
    0x08004490   0x08004490   0x00000002   Code   RO          977    i.HAL_TIM_OC_DelayElapsedCallback  stm32f4xx_hal_tim.o
    0x08004492   0x08004492   0x000000cc   Code   RO          998    i.HAL_TIM_PWM_ConfigChannel  stm32f4xx_hal_tim.o
    0x0800455e   0x0800455e   0x0000005a   Code   RO         1001    i.HAL_TIM_PWM_Init  stm32f4xx_hal_tim.o
    0x080045b8   0x080045b8   0x00000002   Code   RO         1003    i.HAL_TIM_PWM_MspInit  stm32f4xx_hal_tim.o
    0x080045ba   0x080045ba   0x00000002   Code   RO         1004    i.HAL_TIM_PWM_PulseFinishedCallback  stm32f4xx_hal_tim.o
    0x080045bc   0x080045bc   0x000000c8   Code   RO         1006    i.HAL_TIM_PWM_Start  stm32f4xx_hal_tim.o
    0x08004684   0x08004684   0x0000002c   Code   RO           14    i.HAL_TIM_PeriodElapsedCallback  main.o
    0x080046b0   0x080046b0   0x00000002   Code   RO         1017    i.HAL_TIM_TriggerCallback  stm32f4xx_hal_tim.o
    0x080046b2   0x080046b2   0x00000002   Code   RO         3656    i.HAL_UARTEx_RxEventCallback  stm32f4xx_hal_uart.o
    0x080046b4   0x080046b4   0x00000070   Code   RO         3668    i.HAL_UART_DMAStop  stm32f4xx_hal_uart.o
    0x08004724   0x08004724   0x00000002   Code   RO         3670    i.HAL_UART_ErrorCallback  stm32f4xx_hal_uart.o
    0x08004726   0x08004726   0x00000002   PAD
    0x08004728   0x08004728   0x00000280   Code   RO         3673    i.HAL_UART_IRQHandler  stm32f4xx_hal_uart.o
    0x080049a8   0x080049a8   0x00000064   Code   RO         3674    i.HAL_UART_Init     stm32f4xx_hal_uart.o
    0x08004a0c   0x08004a0c   0x000001d0   Code   RO          609    i.HAL_UART_MspInit  usart.o
    0x08004bdc   0x08004bdc   0x0000001c   Code   RO         3678    i.HAL_UART_Receive_DMA  stm32f4xx_hal_uart.o
    0x08004bf8   0x08004bf8   0x00000048   Code   RO          610    i.HAL_UART_RxCpltCallback  usart.o
    0x08004c40   0x08004c40   0x00000002   Code   RO         3681    i.HAL_UART_RxHalfCpltCallback  stm32f4xx_hal_uart.o
    0x08004c42   0x08004c42   0x00000002   PAD
    0x08004c44   0x08004c44   0x00000084   Code   RO         3683    i.HAL_UART_Transmit_DMA  stm32f4xx_hal_uart.o
    0x08004cc8   0x08004cc8   0x00000054   Code   RO          611    i.HAL_UART_TxCpltCallback  usart.o
    0x08004d1c   0x08004d1c   0x00000002   Code   RO         3686    i.HAL_UART_TxHalfCpltCallback  stm32f4xx_hal_uart.o
    0x08004d1e   0x08004d1e   0x00000002   Code   RO          709    i.HardFault_Handler  stm32f4xx_it.o
    0x08004d20   0x08004d20   0x00000086   Code   RO         5407    i.ICM20602_Init     icm20602.o
    0x08004da6   0x08004da6   0x00000020   Code   RO          442    i.ICM20602_ReadReg  spi.o
    0x08004dc6   0x08004dc6   0x00000002   PAD
    0x08004dc8   0x08004dc8   0x00000048   Code   RO         5408    i.ICM20602_ReadRegs  icm20602.o
    0x08004e10   0x08004e10   0x00000018   Code   RO          443    i.ICM20602_WriteReg  spi.o
    0x08004e28   0x08004e28   0x00000064   Code   RO          374    i.MX_ADC1_Init      adc.o
    0x08004e8c   0x08004e8c   0x000000bc   Code   RO          414    i.MX_DMA_Init       dma.o
    0x08004f48   0x08004f48   0x000000c0   Code   RO          312    i.MX_FREERTOS_Init  freertos.o
    0x08005008   0x08005008   0x0000015c   Code   RO          277    i.MX_GPIO_Init      gpio.o
    0x08005164   0x08005164   0x00000048   Code   RO          444    i.MX_SPI1_Init      spi.o
    0x080051ac   0x080051ac   0x00000048   Code   RO          445    i.MX_SPI2_Init      spi.o
    0x080051f4   0x080051f4   0x0000006c   Code   RO          527    i.MX_TIM3_Init      tim.o
    0x08005260   0x08005260   0x0000012c   Code   RO          528    i.MX_TIM8_Init      tim.o
    0x0800538c   0x0800538c   0x00000038   Code   RO          612    i.MX_USART1_UART_Init  usart.o
    0x080053c4   0x080053c4   0x00000038   Code   RO          613    i.MX_USART2_UART_Init  usart.o
    0x080053fc   0x080053fc   0x00000002   Code   RO          710    i.MemManage_Handler  stm32f4xx_it.o
    0x080053fe   0x080053fe   0x00000002   Code   RO          711    i.NMI_Handler       stm32f4xx_it.o
    0x08005400   0x08005400   0x00000004   Code   RO         5754    i.RadioCheckRfFrequency  radio.o
    0x08005404   0x08005404   0x00000034   Code   RO         5755    i.RadioGetFskBandwidthRegValue  radio.o
    0x08005438   0x08005438   0x0000007a   Code   RO         5756    i.RadioGetLoRaTimeOnAirNumerator  radio.o
    0x080054b2   0x080054b2   0x00000002   PAD
    0x080054b4   0x080054b4   0x00000024   Code   RO         5757    i.RadioGetStatus    radio.o
    0x080054d8   0x080054d8   0x00000004   Code   RO         5758    i.RadioGetWakeupTime  radio.o
    0x080054dc   0x080054dc   0x0000004c   Code   RO         5759    i.RadioInit         radio.o
    0x08005528   0x08005528   0x00000120   Code   RO         5760    i.RadioIrqProcess   radio.o
    0x08005648   0x08005648   0x00000078   Code   RO         5761    i.RadioIsChannelFree  radio.o
    0x080056c0   0x080056c0   0x0000000c   Code   RO         5762    i.RadioOnDioIrq     radio.o
    0x080056cc   0x080056cc   0x00000018   Code   RO         5763    i.RadioOnRxTimeoutIrq  radio.o
    0x080056e4   0x080056e4   0x00000018   Code   RO         5764    i.RadioOnTxTimeoutIrq  radio.o
    0x080056fc   0x080056fc   0x0000001c   Code   RO         5765    i.RadioRandom       radio.o
    0x08005718   0x08005718   0x00000006   Code   RO         5766    i.RadioRead         radio.o
    0x0800571e   0x0800571e   0x00000006   Code   RO         5767    i.RadioReadBuffer   radio.o
    0x08005724   0x08005724   0x00000004   Code   RO         5768    i.RadioRssi         radio.o
    0x08005728   0x08005728   0x0000003c   Code   RO         5769    i.RadioRx           radio.o
    0x08005764   0x08005764   0x0000003c   Code   RO         5770    i.RadioRxBoosted    radio.o
    0x080057a0   0x080057a0   0x00000050   Code   RO         5771    i.RadioSend         radio.o
    0x080057f0   0x080057f0   0x00000004   Code   RO         5772    i.RadioSetChannel   radio.o
    0x080057f4   0x080057f4   0x00000028   Code   RO         5773    i.RadioSetMaxPayloadLength  radio.o
    0x0800581c   0x0800581c   0x00000030   Code   RO         5774    i.RadioSetModem     radio.o
    0x0800584c   0x0800584c   0x00000038   Code   RO         5775    i.RadioSetPublicNetwork  radio.o
    0x08005884   0x08005884   0x000001a0   Code   RO         5776    i.RadioSetRxConfig  radio.o
    0x08005a24   0x08005a24   0x00000004   Code   RO         5777    i.RadioSetRxDutyCycle  radio.o
    0x08005a28   0x08005a28   0x00000174   Code   RO         5778    i.RadioSetTxConfig  radio.o
    0x08005b9c   0x08005b9c   0x00000028   Code   RO         5779    i.RadioSetTxContinuousWave  radio.o
    0x08005bc4   0x08005bc4   0x00000012   Code   RO         5780    i.RadioSleep        radio.o
    0x08005bd6   0x08005bd6   0x00000006   Code   RO         5781    i.RadioStandby      radio.o
    0x08005bdc   0x08005bdc   0x00000018   Code   RO         5782    i.RadioStartCad     radio.o
    0x08005bf4   0x08005bf4   0x000000cc   Code   RO         5783    i.RadioTimeOnAir    radio.o
    0x08005cc0   0x08005cc0   0x00000006   Code   RO         5784    i.RadioWrite        radio.o
    0x08005cc6   0x08005cc6   0x00000006   Code   RO         5785    i.RadioWriteBuffer  radio.o
    0x08005ccc   0x08005ccc   0x0000000c   Code   RO          712    i.SPI1_IRQHandler   stm32f4xx_it.o
    0x08005cd8   0x08005cd8   0x0000000c   Code   RO          713    i.SPI2_IRQHandler   stm32f4xx_it.o
    0x08005ce4   0x08005ce4   0x00000010   Code   RO         3360    i.SPI_DMAAbortOnError  stm32f4xx_hal_spi.o
    0x08005cf4   0x08005cf4   0x00000022   Code   RO         3361    i.SPI_DMAError      stm32f4xx_hal_spi.o
    0x08005d16   0x08005d16   0x0000000a   Code   RO         3362    i.SPI_DMAHalfReceiveCplt  stm32f4xx_hal_spi.o
    0x08005d20   0x08005d20   0x0000000a   Code   RO         3363    i.SPI_DMAHalfTransmitCplt  stm32f4xx_hal_spi.o
    0x08005d2a   0x08005d2a   0x0000000a   Code   RO         3364    i.SPI_DMAHalfTransmitReceiveCplt  stm32f4xx_hal_spi.o
    0x08005d34   0x08005d34   0x0000006a   Code   RO         3365    i.SPI_DMAReceiveCplt  stm32f4xx_hal_spi.o
    0x08005d9e   0x08005d9e   0x00000064   Code   RO         3367    i.SPI_DMATransmitCplt  stm32f4xx_hal_spi.o
    0x08005e02   0x08005e02   0x0000005a   Code   RO         3368    i.SPI_DMATransmitReceiveCplt  stm32f4xx_hal_spi.o
    0x08005e5c   0x08005e5c   0x0000005c   Code   RO         3370    i.SPI_EndRxTransaction  stm32f4xx_hal_spi.o
    0x08005eb8   0x08005eb8   0x0000006c   Code   RO         3371    i.SPI_EndRxTxTransaction  stm32f4xx_hal_spi.o
    0x08005f24   0x08005f24   0x000000bc   Code   RO         3376    i.SPI_WaitFlagStateUntilTimeout  stm32f4xx_hal_spi.o
    0x08005fe0   0x08005fe0   0x00000002   Code   RO         5786    i.SX126xAntSwOff    radio.o
    0x08005fe2   0x08005fe2   0x00000002   Code   RO         5787    i.SX126xAntSwOn     radio.o
    0x08005fe4   0x08005fe4   0x00000074   Code   RO         6079    i.SX126xCalibrateImage  sx126x.o
    0x08006058   0x08006058   0x00000020   Code   RO         6080    i.SX126xCheckDeviceReady  sx126x.o
    0x08006078   0x08006078   0x00000018   Code   RO         6082    i.SX126xClearIrqStatus  sx126x.o
    0x08006090   0x08006090   0x0000001e   Code   RO         6083    i.SX126xConvertFreqInHzToPllStep  sx126x.o
    0x080060ae   0x080060ae   0x00000004   Code   RO         6441    i.SX126xDelayMs     sx126xstm32f103-board.o
    0x080060b2   0x080060b2   0x00000004   Code   RO         5789    i.SX126xGetDeviceId  radio.o
    0x080060b6   0x080060b6   0x00000014   Code   RO         6085    i.SX126xGetIrqStatus  sx126x.o
    0x080060ca   0x080060ca   0x00000002   PAD
    0x080060cc   0x080060cc   0x0000000c   Code   RO         5790    i.SX126xGetOperatingMode  radio.o
    0x080060d8   0x080060d8   0x00000070   Code   RO         6086    i.SX126xGetPacketStatus  sx126x.o
    0x08006148   0x08006148   0x0000000c   Code   RO         6087    i.SX126xGetPacketType  sx126x.o
    0x08006154   0x08006154   0x0000002e   Code   RO         6088    i.SX126xGetPayload  sx126x.o
    0x08006182   0x08006182   0x0000005e   Code   RO         6089    i.SX126xGetRandom   sx126x.o
    0x080061e0   0x080061e0   0x00000018   Code   RO         6090    i.SX126xGetRssiInst  sx126x.o
    0x080061f8   0x080061f8   0x0000003c   Code   RO         6091    i.SX126xGetRxBufferStatus  sx126x.o
    0x08006234   0x08006234   0x0000002a   Code   RO         6093    i.SX126xInit        sx126x.o
    0x0800625e   0x0800625e   0x00000002   Code   RO         6443    i.SX126xIoInit      sx126xstm32f103-board.o
    0x08006260   0x08006260   0x0000000c   Code   RO         6444    i.SX126xIoIrqInit   sx126xstm32f103-board.o
    0x0800626c   0x0800626c   0x00000006   Code   RO         5791    i.SX126xIoRfSwitchInit  radio.o
    0x08006272   0x08006272   0x00000002   Code   RO         5792    i.SX126xIoTcxoInit  radio.o
    0x08006274   0x08006274   0x0000003c   Code   RO         6371    i.SX126xOnRxDone    sx126x_example_recive.o
    0x080062b0   0x080062b0   0x00000018   Code   RO         6372    i.SX126xOnRxError   sx126x_example_recive.o
    0x080062c8   0x080062c8   0x00000002   Code   RO         6373    i.SX126xOnRxTimeout  sx126x_example_recive.o
    0x080062ca   0x080062ca   0x00000002   PAD
    0x080062cc   0x080062cc   0x00000018   Code   RO         6374    i.SX126xOnTxDone    sx126x_example_recive.o
    0x080062e4   0x080062e4   0x00000002   Code   RO         6375    i.SX126xOnTxTimeout  sx126x_example_recive.o
    0x080062e6   0x080062e6   0x00000048   Code   RO         5793    i.SX126xReadBuffer  radio.o
    0x0800632e   0x0800632e   0x00000046   Code   RO         5794    i.SX126xReadCommand  radio.o
    0x08006374   0x08006374   0x00000010   Code   RO         5795    i.SX126xReadRegister  radio.o
    0x08006384   0x08006384   0x0000004e   Code   RO         5796    i.SX126xReadRegisters  radio.o
    0x080063d2   0x080063d2   0x00000002   Code   RO         6445    i.SX126xReset       sx126xstm32f103-board.o
    0x080063d4   0x080063d4   0x00000018   Code   RO         6446    i.SX126xRxTimerStart  sx126xstm32f103-board.o
    0x080063ec   0x080063ec   0x0000000c   Code   RO         6447    i.SX126xRxTimerStop  sx126xstm32f103-board.o
    0x080063f8   0x080063f8   0x00000012   Code   RO         6094    i.SX126xSendPayload  sx126x.o
    0x0800640a   0x0800640a   0x00000016   Code   RO         6095    i.SX126xSetBufferBaseAddress  sx126x.o
    0x08006420   0x08006420   0x00000016   Code   RO         6096    i.SX126xSetCad      sx126x.o
    0x08006436   0x08006436   0x00000002   PAD
    0x08006438   0x08006438   0x00000028   Code   RO         6098    i.SX126xSetCrcPolynomial  sx126x.o
    0x08006460   0x08006460   0x00000028   Code   RO         6099    i.SX126xSetCrcSeed  sx126x.o
    0x08006488   0x08006488   0x0000000e   Code   RO         6100    i.SX126xSetDio2AsRfSwitchCtrl  sx126x.o
    0x08006496   0x08006496   0x00000036   Code   RO         6102    i.SX126xSetDioIrqParams  sx126x.o
    0x080064cc   0x080064cc   0x00000052   Code   RO         6104    i.SX126xSetLoRaSymbNumTimeout  sx126x.o
    0x0800651e   0x0800651e   0x00000002   PAD
    0x08006520   0x08006520   0x0000008c   Code   RO         6105    i.SX126xSetModulationParams  sx126x.o
    0x080065ac   0x080065ac   0x00000018   Code   RO         6448    i.SX126xSetNss      sx126xstm32f103-board.o
    0x080065c4   0x080065c4   0x0000000c   Code   RO         5797    i.SX126xSetOperatingMode  radio.o
    0x080065d0   0x080065d0   0x0000001e   Code   RO         6106    i.SX126xSetPaConfig  sx126x.o
    0x080065ee   0x080065ee   0x00000002   PAD
    0x080065f0   0x080065f0   0x000000c4   Code   RO         6107    i.SX126xSetPacketParams  sx126x.o
    0x080066b4   0x080066b4   0x0000001c   Code   RO         6108    i.SX126xSetPacketType  sx126x.o
    0x080066d0   0x080066d0   0x0000000a   Code   RO         6109    i.SX126xSetPayload  sx126x.o
    0x080066da   0x080066da   0x0000000e   Code   RO         6110    i.SX126xSetRegulatorMode  sx126x.o
    0x080066e8   0x080066e8   0x00000040   Code   RO         6111    i.SX126xSetRfFrequency  sx126x.o
    0x08006728   0x08006728   0x00000006   Code   RO         5798    i.SX126xSetRfTxPower  radio.o
    0x0800672e   0x0800672e   0x00000026   Code   RO         6112    i.SX126xSetRx       sx126x.o
    0x08006754   0x08006754   0x00000030   Code   RO         6113    i.SX126xSetRxBoosted  sx126x.o
    0x08006784   0x08006784   0x00000034   Code   RO         6114    i.SX126xSetRxDutyCycle  sx126x.o
    0x080067b8   0x080067b8   0x0000000c   Code   RO         6449    i.SX126xSetRxTimerValue  sx126xstm32f103-board.o
    0x080067c4   0x080067c4   0x00000038   Code   RO         6116    i.SX126xSetSleep    sx126x.o
    0x080067fc   0x080067fc   0x0000001c   Code   RO         6117    i.SX126xSetStandby  sx126x.o
    0x08006818   0x08006818   0x0000000e   Code   RO         6118    i.SX126xSetStopRxTimerOnPreambleDetect  sx126x.o
    0x08006826   0x08006826   0x00000012   Code   RO         6119    i.SX126xSetSyncWord  sx126x.o
    0x08006838   0x08006838   0x00000026   Code   RO         6120    i.SX126xSetTx       sx126x.o
    0x0800685e   0x0800685e   0x00000016   Code   RO         6121    i.SX126xSetTxContinuousWave  sx126x.o
    0x08006874   0x08006874   0x0000007e   Code   RO         6123    i.SX126xSetTxParams  sx126x.o
    0x080068f2   0x080068f2   0x00000002   PAD
    0x080068f4   0x080068f4   0x0000000c   Code   RO         6450    i.SX126xSetTxTimerValue  sx126xstm32f103-board.o
    0x08006900   0x08006900   0x00000038   Code   RO         6124    i.SX126xSetWhiteningSeed  sx126x.o
    0x08006938   0x08006938   0x00000004   Code   RO         6451    i.SX126xSpiInOut    sx126xstm32f103-board.o
    0x0800693c   0x0800693c   0x00000002   Code   RO         6452    i.SX126xTimerInit   sx126xstm32f103-board.o
    0x0800693e   0x0800693e   0x00000002   PAD
    0x08006940   0x08006940   0x00000068   Code   RO         6453    i.SX126xTimerIrqHandler  sx126xstm32f103-board.o
    0x080069a8   0x080069a8   0x00000018   Code   RO         6454    i.SX126xTxTimerStart  sx126xstm32f103-board.o
    0x080069c0   0x080069c0   0x0000000c   Code   RO         6455    i.SX126xTxTimerStop  sx126xstm32f103-board.o
    0x080069cc   0x080069cc   0x00000030   Code   RO         6456    i.SX126xWaitOnBusy  sx126xstm32f103-board.o
    0x080069fc   0x080069fc   0x0000002c   Code   RO         5799    i.SX126xWakeup      radio.o
    0x08006a28   0x08006a28   0x00000040   Code   RO         5800    i.SX126xWriteBuffer  radio.o
    0x08006a68   0x08006a68   0x00000042   Code   RO         5801    i.SX126xWriteCommand  radio.o
    0x08006aaa   0x08006aaa   0x0000000c   Code   RO         5802    i.SX126xWriteRegister  radio.o
    0x08006ab6   0x08006ab6   0x00000046   Code   RO         5803    i.SX126xWriteRegisters  radio.o
    0x08006afc   0x08006afc   0x00000008   Code   RO          313    i.StartDefaultTask  freertos.o
    0x08006b04   0x08006b04   0x0000002c   Code   RO         5328    i.SysTick_Handler   port.o
    0x08006b30   0x08006b30   0x00000094   Code   RO           15    i.SystemClock_Config  main.o
    0x08006bc4   0x08006bc4   0x00000010   Code   RO         4008    i.SystemInit        system_stm32f4xx.o
    0x08006bd4   0x08006bd4   0x0000000c   Code   RO          714    i.TIM3_IRQHandler   stm32f4xx_it.o
    0x08006be0   0x08006be0   0x0000000c   Code   RO          715    i.TIM6_DAC_IRQHandler  stm32f4xx_it.o
    0x08006bec   0x08006bec   0x00000040   Code   RO          529    i.TIM8_SetDuty      tim.o
    0x08006c2c   0x08006c2c   0x000000d0   Code   RO         1019    i.TIM_Base_SetConfig  stm32f4xx_hal_tim.o
    0x08006cfc   0x08006cfc   0x0000001a   Code   RO         1020    i.TIM_CCxChannelCmd  stm32f4xx_hal_tim.o
    0x08006d16   0x08006d16   0x00000014   Code   RO         1030    i.TIM_ETR_SetConfig  stm32f4xx_hal_tim.o
    0x08006d2a   0x08006d2a   0x00000010   Code   RO         1031    i.TIM_ITRx_SetConfig  stm32f4xx_hal_tim.o
    0x08006d3a   0x08006d3a   0x00000002   PAD
    0x08006d3c   0x08006d3c   0x00000060   Code   RO         1032    i.TIM_OC1_SetConfig  stm32f4xx_hal_tim.o
    0x08006d9c   0x08006d9c   0x0000006c   Code   RO         1033    i.TIM_OC2_SetConfig  stm32f4xx_hal_tim.o
    0x08006e08   0x08006e08   0x00000068   Code   RO         1034    i.TIM_OC3_SetConfig  stm32f4xx_hal_tim.o
    0x08006e70   0x08006e70   0x00000050   Code   RO         1035    i.TIM_OC4_SetConfig  stm32f4xx_hal_tim.o
    0x08006ec0   0x08006ec0   0x00000022   Code   RO         1037    i.TIM_TI1_ConfigInputStage  stm32f4xx_hal_tim.o
    0x08006ee2   0x08006ee2   0x00000024   Code   RO         1039    i.TIM_TI2_ConfigInputStage  stm32f4xx_hal_tim.o
    0x08006f06   0x08006f06   0x0000000e   Code   RO         3687    i.UART_DMAAbortOnError  stm32f4xx_hal_uart.o
    0x08006f14   0x08006f14   0x0000004a   Code   RO         3688    i.UART_DMAError     stm32f4xx_hal_uart.o
    0x08006f5e   0x08006f5e   0x00000086   Code   RO         3689    i.UART_DMAReceiveCplt  stm32f4xx_hal_uart.o
    0x08006fe4   0x08006fe4   0x0000001e   Code   RO         3691    i.UART_DMARxHalfCplt  stm32f4xx_hal_uart.o
    0x08007002   0x08007002   0x00000042   Code   RO         3693    i.UART_DMATransmitCplt  stm32f4xx_hal_uart.o
    0x08007044   0x08007044   0x0000000a   Code   RO         3695    i.UART_DMATxHalfCplt  stm32f4xx_hal_uart.o
    0x0800704e   0x0800704e   0x0000004e   Code   RO         3697    i.UART_EndRxTransfer  stm32f4xx_hal_uart.o
    0x0800709c   0x0800709c   0x0000001c   Code   RO         3698    i.UART_EndTxTransfer  stm32f4xx_hal_uart.o
    0x080070b8   0x080070b8   0x000000c2   Code   RO         3699    i.UART_Receive_IT   stm32f4xx_hal_uart.o
    0x0800717a   0x0800717a   0x00000002   PAD
    0x0800717c   0x0800717c   0x0000010c   Code   RO         3700    i.UART_SetConfig    stm32f4xx_hal_uart.o
    0x08007288   0x08007288   0x000000a0   Code   RO         3701    i.UART_Start_Receive_DMA  stm32f4xx_hal_uart.o
    0x08007328   0x08007328   0x00000028   Code   RO          716    i.USART1_IRQHandler  stm32f4xx_it.o
    0x08007350   0x08007350   0x00000028   Code   RO          717    i.USART2_IRQHandler  stm32f4xx_it.o
    0x08007378   0x08007378   0x00000002   Code   RO          718    i.UsageFault_Handler  stm32f4xx_it.o
    0x0800737a   0x0800737a   0x00000030   Code   RO         6940    i.__ARM_fpclassify  m_wm.l(fpclassify.o)
    0x080073aa   0x080073aa   0x00000026   Code   RO         6827    i.__ARM_fpclassifyf  m_wm.l(fpclassifyf.o)
    0x080073d0   0x080073d0   0x00000020   Code   RO         2932    i.__NVIC_SetPriority  stm32f4xx_hal_cortex.o
    0x080073f0   0x080073f0   0x0000012c   Code   RO         6632    i.__hardfp_asinf    m_wm.l(asinf.o)
    0x0800751c   0x0800751c   0x00000250   Code   RO         6644    i.__hardfp_atan2f   m_wm.l(atan2f.o)
    0x0800776c   0x0800776c   0x00000664   Code   RO         6668    i.__hardfp_powf     m_wm.l(powf.o)
    0x08007dd0   0x08007dd0   0x0000003a   Code   RO         6682    i.__hardfp_sqrtf    m_wm.l(sqrtf.o)
    0x08007e0a   0x08007e0a   0x00000002   PAD
    0x08007e0c   0x08007e0c   0x00000014   Code   RO         6829    i.__mathlib_flt_divzero  m_wm.l(funder.o)
    0x08007e20   0x08007e20   0x00000006   Code   RO         6830    i.__mathlib_flt_infnan  m_wm.l(funder.o)
    0x08007e26   0x08007e26   0x00000006   Code   RO         6831    i.__mathlib_flt_infnan2  m_wm.l(funder.o)
    0x08007e2c   0x08007e2c   0x00000010   Code   RO         6832    i.__mathlib_flt_invalid  m_wm.l(funder.o)
    0x08007e3c   0x08007e3c   0x00000010   Code   RO         6833    i.__mathlib_flt_overflow  m_wm.l(funder.o)
    0x08007e4c   0x08007e4c   0x00000010   Code   RO         6835    i.__mathlib_flt_underflow  m_wm.l(funder.o)
    0x08007e5c   0x08007e5c   0x0000000e   Code   RO         6773    i._is_digit         c_w.l(__printf_wp.o)
    0x08007e6a   0x08007e6a   0x00000002   PAD
    0x08007e6c   0x08007e6c   0x0000006c   Code   RO         5556    i.acc_body_to_world  sensfusion6.o
    0x08007ed8   0x08007ed8   0x000000dc   Code   RO         5627    i.baro_update       state_estimator.o
    0x08007fb4   0x08007fb4   0x000000c0   Code   RO         5557    i.computeRotationMatrix  sensfusion6.o
    0x08008074   0x08008074   0x00000014   Code   RO         6457    i.dio_EXTI          sx126xstm32f103-board.o
    0x08008088   0x08008088   0x000002ac   Code   RO         5558    i.imuUpdate         sensfusion6.o
    0x08008334   0x08008334   0x0000002c   Code   RO         5559    i.invSqrt           sensfusion6.o
    0x08008360   0x08008360   0x00000060   Code   RO         5688    i.linkTxTask        link.o
    0x080083c0   0x080083c0   0x00000044   Code   RO           16    i.main              main.o
    0x08008404   0x08008404   0x0000000c   Code   RO         4893    i.makeFreeRtosPriority  cmsis_os.o
    0x08008410   0x08008410   0x0000003c   Code   RO          615    i.my2printf         usart.o
    0x0800844c   0x0800844c   0x000002ac   Code   RO         5631    i.nav_update        state_estimator.o
    0x080086f8   0x080086f8   0x0000000e   Code   RO         4895    i.osDelay           cmsis_os.o
    0x08008706   0x08008706   0x0000000a   Code   RO         4898    i.osKernelStart     cmsis_os.o
    0x08008710   0x08008710   0x00000054   Code   RO         4932    i.osThreadCreate    cmsis_os.o
    0x08008764   0x08008764   0x00000114   Code   RO         5666    i.pid_calculate     state_control.o
    0x08008878   0x08008878   0x00000290   Code   RO         5590    i.processAccGyroMeasurements  sensors.o
    0x08008b08   0x08008b08   0x00000070   Code   RO         4569    i.prvAddCurrentTaskToDelayedList  tasks.o
    0x08008b78   0x08008b78   0x000000d0   Code   RO         4570    i.prvAddNewTaskToReadyList  tasks.o
    0x08008c48   0x08008c48   0x00000026   Code   RO         4186    i.prvCopyDataFromQueue  queue.o
    0x08008c6e   0x08008c6e   0x0000006c   Code   RO         4187    i.prvCopyDataToQueue  queue.o
    0x08008cda   0x08008cda   0x00000034   Code   RO         4571    i.prvDeleteTCB      tasks.o
    0x08008d0e   0x08008d0e   0x00000002   PAD
    0x08008d10   0x08008d10   0x0000004c   Code   RO         5260    i.prvHeapInit       heap_4.o
    0x08008d5c   0x08008d5c   0x00000060   Code   RO         4572    i.prvIdleTask       tasks.o
    0x08008dbc   0x08008dbc   0x0000001e   Code   RO         4189    i.prvInitialiseNewQueue  queue.o
    0x08008dda   0x08008dda   0x00000098   Code   RO         4573    i.prvInitialiseNewTask  tasks.o
    0x08008e72   0x08008e72   0x00000002   PAD
    0x08008e74   0x08008e74   0x0000004c   Code   RO         5261    i.prvInsertBlockIntoFreeList  heap_4.o
    0x08008ec0   0x08008ec0   0x0000001c   Code   RO         4190    i.prvIsQueueEmpty   queue.o
    0x08008edc   0x08008edc   0x0000006c   Code   RO         4191    i.prvNotifyQueueSetContainer  queue.o
    0x08008f48   0x08008f48   0x00000020   Code   RO         4574    i.prvResetNextTaskUnblockTime  tasks.o
    0x08008f68   0x08008f68   0x00000028   Code   RO         5329    i.prvTaskExitError  port.o
    0x08008f90   0x08008f90   0x00000076   Code   RO         4192    i.prvUnlockQueue    queue.o
    0x08009006   0x08009006   0x00000002   PAD
    0x08009008   0x08009008   0x000000dc   Code   RO         5262    i.pvPortMalloc      heap_4.o
    0x080090e4   0x080090e4   0x00000018   Code   RO         4576    i.pvTaskIncrementMutexHeldCount  tasks.o
    0x080090fc   0x080090fc   0x00000020   Code   RO          530    i.pwm_set_ch1       tim.o
    0x0800911c   0x0800911c   0x00000020   Code   RO          531    i.pwm_set_ch2       tim.o
    0x0800913c   0x0800913c   0x00000020   Code   RO          532    i.pwm_set_ch3       tim.o
    0x0800915c   0x0800915c   0x00000020   Code   RO          533    i.pwm_set_ch4       tim.o
    0x0800917c   0x0800917c   0x0000002c   Code   RO         5330    i.pxPortInitialiseStack  port.o
    0x080091a8   0x080091a8   0x00000078   Code   RO         5513    i.rc_control_update  stabilizer.o
    0x08009220   0x08009220   0x00000354   Code   RO         6376    i.receiveWirelessData  sx126x_example_recive.o
    0x08009574   0x08009574   0x00000022   Code   RO         5514    i.send_pwm_motor    stabilizer.o
    0x08009596   0x08009596   0x00000002   PAD
    0x08009598   0x08009598   0x00000090   Code   RO         5591    i.sensorsTask       sensors.o
    0x08009628   0x08009628   0x00000018   Code   RO          278    i.set_sw_gpio       gpio.o
    0x08009640   0x08009640   0x00000050   Code   RO          446    i.spi_dma_tx        spi.o
    0x08009690   0x08009690   0x00000058   Code   RO          447    i.spi_dma_txrx      spi.o
    0x080096e8   0x080096e8   0x0000003e   Code   RO         6684    i.sqrtf             m_wm.l(sqrtf.o)
    0x08009726   0x08009726   0x00000002   PAD
    0x08009728   0x08009728   0x0000015c   Code   RO         5515    i.stabilizerTask    stabilizer.o
    0x08009884   0x08009884   0x000000ac   Code   RO          314    i.startTask         freertos.o
    0x08009930   0x08009930   0x000001c8   Code   RO         5667    i.stateControl      state_control.o
    0x08009af8   0x08009af8   0x00000026   Code   RO         4146    i.uxListRemove      list.o
    0x08009b1e   0x08009b1e   0x00000002   PAD
    0x08009b20   0x08009b20   0x00000014   Code   RO          315    i.vApplicationGetIdleTaskMemory  freertos.o
    0x08009b34   0x08009b34   0x00000016   Code   RO         4147    i.vListInitialise   list.o
    0x08009b4a   0x08009b4a   0x00000006   Code   RO         4148    i.vListInitialiseItem  list.o
    0x08009b50   0x08009b50   0x00000030   Code   RO         4149    i.vListInsert       list.o
    0x08009b80   0x08009b80   0x00000018   Code   RO         4150    i.vListInsertEnd    list.o
    0x08009b98   0x08009b98   0x00000040   Code   RO         5332    i.vPortEnterCritical  port.o
    0x08009bd8   0x08009bd8   0x00000028   Code   RO         5333    i.vPortExitCritical  port.o
    0x08009c00   0x08009c00   0x00000064   Code   RO         5263    i.vPortFree         heap_4.o
    0x08009c64   0x08009c64   0x00000024   Code   RO         5334    i.vPortSetupTimerInterrupt  port.o
    0x08009c88   0x08009c88   0x00000054   Code   RO         5335    i.vPortValidateInterruptPriority  port.o
    0x08009cdc   0x08009cdc   0x0000004c   Code   RO         4583    i.vTaskDelay        tasks.o
    0x08009d28   0x08009d28   0x0000008c   Code   RO         4584    i.vTaskDelayUntil   tasks.o
    0x08009db4   0x08009db4   0x000000ac   Code   RO         4585    i.vTaskDelete       tasks.o
    0x08009e60   0x08009e60   0x00000010   Code   RO         4587    i.vTaskInternalSetTimeOutState  tasks.o
    0x08009e70   0x08009e70   0x0000000c   Code   RO         4588    i.vTaskMissedYield  tasks.o
    0x08009e7c   0x08009e7c   0x00000030   Code   RO         4590    i.vTaskPlaceOnEventList  tasks.o
    0x08009eac   0x08009eac   0x000000a0   Code   RO         4592    i.vTaskPriorityDisinheritAfterTimeout  tasks.o
    0x08009f4c   0x08009f4c   0x0000006c   Code   RO         4597    i.vTaskStartScheduler  tasks.o
    0x08009fb8   0x08009fb8   0x00000010   Code   RO         4599    i.vTaskSuspendAll   tasks.o
    0x08009fc8   0x08009fc8   0x0000005c   Code   RO         4600    i.vTaskSwitchContext  tasks.o
    0x0800a024   0x0800a024   0x000000e4   Code   RO         6377    i.wirelessTask      sx126x_example_recive.o
    0x0800a108   0x0800a108   0x000000f4   Code   RO         5336    i.xPortStartScheduler  port.o
    0x0800a1fc   0x0800a1fc   0x00000042   Code   RO         4205    i.xQueueGenericCreate  queue.o
    0x0800a23e   0x0800a23e   0x00000002   PAD
    0x0800a240   0x0800a240   0x00000088   Code   RO         4207    i.xQueueGenericReset  queue.o
    0x0800a2c8   0x0800a2c8   0x00000178   Code   RO         4208    i.xQueueGenericSend  queue.o
    0x0800a440   0x0800a440   0x000000ac   Code   RO         4210    i.xQueueGiveFromISR  queue.o
    0x0800a4ec   0x0800a4ec   0x00000138   Code   RO         4216    i.xQueueReceive     queue.o
    0x0800a624   0x0800a624   0x00000178   Code   RO         4221    i.xQueueSemaphoreTake  queue.o
    0x0800a79c   0x0800a79c   0x00000074   Code   RO         4602    i.xTaskCheckForTimeOut  tasks.o
    0x0800a810   0x0800a810   0x0000005a   Code   RO         4603    i.xTaskCreate       tasks.o
    0x0800a86a   0x0800a86a   0x00000056   Code   RO         4604    i.xTaskCreateStatic  tasks.o
    0x0800a8c0   0x0800a8c0   0x0000001c   Code   RO         4608    i.xTaskGetSchedulerState  tasks.o
    0x0800a8dc   0x0800a8dc   0x0000000c   Code   RO         4609    i.xTaskGetTickCount  tasks.o
    0x0800a8e8   0x0800a8e8   0x000000cc   Code   RO         4611    i.xTaskIncrementTick  tasks.o
    0x0800a9b4   0x0800a9b4   0x00000098   Code   RO         4614    i.xTaskPriorityDisinherit  tasks.o
    0x0800aa4c   0x0800aa4c   0x0000008c   Code   RO         4615    i.xTaskPriorityInherit  tasks.o
    0x0800aad8   0x0800aad8   0x00000074   Code   RO         4616    i.xTaskRemoveFromEventList  tasks.o
    0x0800ab4c   0x0800ab4c   0x000000c4   Code   RO         4617    i.xTaskResumeAll    tasks.o
    0x0800ac10   0x0800ac10   0x0000002c   Code   RO         6926    locale$$code        c_w.l(lc_numeric_c.o)
    0x0800ac3c   0x0800ac3c   0x0000002c   Code   RO         6947    locale$$code        c_w.l(lc_ctype_c.o)
    0x0800ac68   0x0800ac68   0x00000062   Code   RO         6624    x$fpl$d2f           fz_wm.l(d2f.o)
    0x0800acca   0x0800acca   0x00000002   PAD
    0x0800accc   0x0800accc   0x000002b0   Code   RO         6627    x$fpl$ddiv          fz_wm.l(ddiv.o)
    0x0800af7c   0x0800af7c   0x0000009c   Code   RO         6808    x$fpl$dnaninf       fz_wm.l(dnaninf.o)
    0x0800b018   0x0800b018   0x0000000c   Code   RO         6810    x$fpl$dretinf       fz_wm.l(dretinf.o)
    0x0800b024   0x0800b024   0x00000056   Code   RO         6630    x$fpl$f2d           fz_wm.l(f2d.o)
    0x0800b07a   0x0800b07a   0x0000008c   Code   RO         6812    x$fpl$fnaninf       fz_wm.l(fnaninf.o)
    0x0800b106   0x0800b106   0x0000000a   Code   RO         7015    x$fpl$fpinit        fz_wm.l(fpinit.o)
    0x0800b110   0x0800b110   0x0000000a   Code   RO         6814    x$fpl$fretinf       fz_wm.l(fretinf.o)
    0x0800b11a   0x0800b11a   0x00000004   Code   RO         6818    x$fpl$printf1       fz_wm.l(printf1.o)
    0x0800b11e   0x0800b11e   0x00000004   Code   RO         6820    x$fpl$printf2       fz_wm.l(printf2.o)
    0x0800b122   0x0800b122   0x00000000   Code   RO         6826    x$fpl$usenofp       fz_wm.l(usenofp.o)
    0x0800b122   0x0800b122   0x00000002   PAD
    0x0800b124   0x0800b124   0x00000038   Data   RO          317    .constdata          freertos.o
    0x0800b15c   0x0800b15c   0x00000008   Data   RO         2646    .constdata          stm32f4xx_hal_dma.o
    0x0800b164   0x0800b164   0x00000010   Data   RO         4009    .constdata          system_stm32f4xx.o
    0x0800b174   0x0800b174   0x00000008   Data   RO         4010    .constdata          system_stm32f4xx.o
    0x0800b17c   0x0800b17c   0x0000006c   Data   RO         5805    .constdata          radio.o
    0x0800b1e8   0x0800b1e8   0x000000b4   Data   RO         5806    .constdata          radio.o
    0x0800b29c   0x0800b29c   0x00000140   Data   RO         6671    .constdata          m_wm.l(powf.o)
    0x0800b3dc   0x0800b3dc   0x00000008   Data   RO         6732    .constdata          c_w.l(_printf_wctomb.o)
    0x0800b3e4   0x0800b3e4   0x00000028   Data   RO         6761    .constdata          c_w.l(_printf_hex_int_ll_ptr.o)
    0x0800b40c   0x0800b40c   0x00000011   Data   RO         6781    .constdata          c_w.l(__printf_flags_ss_wp.o)
    0x0800b41d   0x0800b41d   0x00000026   Data   RO         6875    .constdata          c_w.l(_printf_fp_hex.o)
    0x0800b443   0x0800b443   0x00000001   PAD
    0x0800b444   0x0800b444   0x00000094   Data   RO         6901    .constdata          c_w.l(bigflt0.o)
    0x0800b4d8   0x0800b4d8   0x00000018   Data   RO          318    .conststring        freertos.o
    0x0800b4f0   0x0800b4f0   0x00000020   Data   RO         7071    Region$$Table       anon$$obj.o
    0x0800b510   0x0800b510   0x0000001c   Data   RO         6925    locale$$data        c_w.l(lc_numeric_c.o)
    0x0800b52c   0x0800b52c   0x00000110   Data   RO         6946    locale$$data        c_w.l(lc_ctype_c.o)


    Execution Region RW_IRAM1 (Exec base: 0x20000000, Load base: 0x0800b63c, Size: 0x000054b8, Max: 0x0001c000, ABSOLUTE, COMPRESSED[0x00000050])

    Exec Addr    Load Addr    Size         Type   Attr      Idx    E Section Name        Object

    0x20000000   COMPRESSED   0x00000034   Data   RW          319    .data               freertos.o
    0x20000034   COMPRESSED   0x00000008   Data   RW          535    .data               tim.o
    0x2000003c   COMPRESSED   0x00000002   Data   RW          619    .data               usart.o
    0x2000003e   COMPRESSED   0x00000002   PAD
    0x20000040   COMPRESSED   0x0000000c   Data   RW         3091    .data               stm32f4xx_hal.o
    0x2000004c   COMPRESSED   0x00000004   Data   RW         4011    .data               system_stm32f4xx.o
    0x20000050   COMPRESSED   0x0000003c   Data   RW         4620    .data               tasks.o
    0x2000008c   COMPRESSED   0x00000020   Data   RW         5269    .data               heap_4.o
    0x200000ac   COMPRESSED   0x0000000c   Data   RW         5337    .data               port.o
    0x200000b8   COMPRESSED   0x00000004   Data   RW         5449    .data               bmp280.o
    0x200000bc   COMPRESSED   0x0000000a   Data   RW         5517    .data               stabilizer.o
    0x200000c6   COMPRESSED   0x00000002   PAD
    0x200000c8   COMPRESSED   0x0000001c   Data   RW         5561    .data               sensfusion6.o
    0x200000e4   COMPRESSED   0x0000000c   Data   RW         5593    .data               sensors.o
    0x200000f0   COMPRESSED   0x00000024   Data   RW         5633    .data               state_estimator.o
    0x20000114   COMPRESSED   0x000000d8   Data   RW         5668    .data               state_control.o
    0x200001ec   COMPRESSED   0x00000001   Data   RW         5689    .data               link.o
    0x200001ed   COMPRESSED   0x00000003   PAD
    0x200001f0   COMPRESSED   0x00000014   Data   RW         5807    .data               radio.o
    0x20000204   COMPRESSED   0x00000008   Data   RW         6125    .data               sx126x.o
    0x2000020c   COMPRESSED   0x00000002   Data   RW         6379    .data               sx126x_example_recive.o
    0x2000020e   COMPRESSED   0x00000002   PAD
    0x20000210   COMPRESSED   0x00000008   Data   RW         6459    .data               sx126xstm32f103-board.o
    0x20000218        -       0x00000254   Zero   RW          316    .bss                freertos.o
    0x2000046c        -       0x000000a8   Zero   RW          375    .bss                adc.o
    0x20000514        -       0x00000230   Zero   RW          448    .bss                spi.o
    0x20000744        -       0x00000090   Zero   RW          534    .bss                tim.o
    0x200007d4        -       0x00000404   Zero   RW          617    .bss                usart.o
    0x20000bd8        -       0x00000048   Zero   RW          888    .bss                stm32f4xx_hal_timebase_tim.o
    0x20000c20        -       0x000000f0   Zero   RW         4619    .bss                tasks.o
    0x20000d10        -       0x00003c00   Zero   RW         5268    .bss                heap_4.o
    0x20004910        -       0x00000018   Zero   RW         5448    .bss                bmp280.o
    0x20004928        -       0x000000a4   Zero   RW         5516    .bss                stabilizer.o
    0x200049cc        -       0x00000024   Zero   RW         5560    .bss                sensfusion6.o
    0x200049f0        -       0x000000a8   Zero   RW         5592    .bss                sensors.o
    0x20004a98        -       0x000001cc   Zero   RW         5632    .bss                state_estimator.o
    0x20004c64        -       0x00000150   Zero   RW         5804    .bss                radio.o
    0x20004db4        -       0x00000088   Zero   RW         6378    .bss                sx126x_example_recive.o
    0x20004e3c        -       0x00000018   Zero   RW         6458    .bss                sx126xstm32f103-board.o
    0x20004e54        -       0x00000060   Zero   RW         6887    .bss                c_w.l(libspace.o)
    0x20004eb4   COMPRESSED   0x00000004   PAD
    0x20004eb8        -       0x00000200   Zero   RW            2    HEAP                startup_stm32f405xx.o
    0x200050b8        -       0x00000400   Zero   RW            1    STACK               startup_stm32f405xx.o


    Execution Region RW_IRAM2 (Exec base: 0x2001c000, Load base: 0x0800b68c, Size: 0x00000000, Max: 0x00004000, ABSOLUTE)

    **** No section assigned to this execution region ****


==============================================================================

Image component sizes


      Code (inc. data)   RO Data    RW Data    ZI Data      Debug   Object Name

       268         34          0          0        168       1795   adc.o
       880         52          0          4         24       6243   bmp280.o
       120          0          0          0          0      23345   cmsis_os.o
       188          4          0          0          0        882   dma.o
         0          0          0          0          0      20052   event_groups.o
       392         80         80         52        596       3752   freertos.o
       436         32          0          0          0       2226   gpio.o
       472         24          0         32      15360       7475   heap_4.o
       206         10          0          0          0       1596   icm20602.o
        96         28          0          1          0        772   link.o
       138          0          0          0          0       3602   list.o
       264         28          0          0          0     710158   main.o
       786         82          0         12          0      11901   port.o
      1868         16          0          0          0      18193   queue.o
      2788        160        288         20        336      42953   radio.o
      1028         70          0         28         36       4268   sensfusion6.o
       800         78          0         12        168       2923   sensors.o
       856         94          0          0        560       6537   spi.o
       502         48          0         10        164       3001   stabilizer.o
        64         26        392          0       1536        848   startup_stm32f405xx.o
       732         44          0        216          0       3651   state_control.o
       904         70          0         36        460       3667   state_estimator.o
       116         18          0         12          0       8746   stm32f4xx_hal.o
      1020         28          0          0          0       5538   stm32f4xx_hal_adc.o
         2          0          0          0          0        993   stm32f4xx_hal_adc_ex.o
       158         14          0          0          0      33086   stm32f4xx_hal_cortex.o
      1084         16          8          0          0       7382   stm32f4xx_hal_dma.o
       540         52          0          0          0       3498   stm32f4xx_hal_gpio.o
        56          4          0          0          0        874   stm32f4xx_hal_msp.o
      1408         82          0          0          0       5945   stm32f4xx_hal_rcc.o
      2892         56          0          0          0      20574   stm32f4xx_hal_spi.o
      1974        136          0          0          0      17126   stm32f4xx_hal_tim.o
       232         28          0          0          0       3325   stm32f4xx_hal_tim_ex.o
       152         20          0          0         72       1491   stm32f4xx_hal_timebase_tim.o
      2076         40          0          0          0      15615   stm32f4xx_hal_uart.o
       272         92          0          0          0      12410   stm32f4xx_it.o
         0          0          0          0          0        456   stream_buffer.o
      1882         74          0          8          0      26320   sx126x.o
      1192         96          0          2        136       7633   sx126x_example_recive.o
       318         70          0          8         24       9489   sx126xstm32f103-board.o
        16          4         24          4          0       1139   system_stm32f4xx.o
      2656        202          0         60        240      30463   tasks.o
       772         62          0          8        144       6229   tim.o
       792         98          0          2       1028       6163   usart.o

    ----------------------------------------------------------------------
     33462       2172        824        536      21052    1104335   Object Totals
         0          0         32          0          0          0   (incl. Generated)
        64          0          0          9          0          0   (incl. Padding)

    ----------------------------------------------------------------------

      Code (inc. data)   RO Data    RW Data    ZI Data      Debug   Library Member Name

        90          0          0          0          0          0   __dczerorl2.o
         8          0          0          0          0         68   __main.o
       392          4         17          0          0         92   __printf_flags_ss_wp.o
        14          0          0          0          0         68   __printf_wp.o
         0          0          0          0          0          0   __rtentry.o
        12          0          0          0          0          0   __rtentry2.o
         6          0          0          0          0          0   __rtentry4.o
        52          8          0          0          0          0   __scatter.o
        28          0          0          0          0          0   __scatter_zi.o
         6          0          0          0          0          0   _printf_a.o
         6          0          0          0          0          0   _printf_c.o
        44          0          0          0          0        108   _printf_char.o
        48          6          0          0          0         96   _printf_char_common.o
        40          0          0          0          0         68   _printf_charcount.o
         6          0          0          0          0          0   _printf_d.o
       120         16          0          0          0         92   _printf_dec.o
         6          0          0          0          0          0   _printf_e.o
         6          0          0          0          0          0   _printf_f.o
      1054          0          0          0          0        216   _printf_fp_dec.o
       764          8         38          0          0        100   _printf_fp_hex.o
       128         16          0          0          0         84   _printf_fp_infnan.o
         6          0          0          0          0          0   _printf_g.o
       148          4         40          0          0        160   _printf_hex_int_ll_ptr.o
         6          0          0          0          0          0   _printf_i.o
       178          0          0          0          0         88   _printf_intcommon.o
        10          0          0          0          0          0   _printf_l.o
         6          0          0          0          0          0   _printf_lc.o
        10          0          0          0          0          0   _printf_ll.o
         6          0          0          0          0          0   _printf_lld.o
         6          0          0          0          0          0   _printf_lli.o
         6          0          0          0          0          0   _printf_llo.o
         6          0          0          0          0          0   _printf_llu.o
         6          0          0          0          0          0   _printf_llx.o
       124         16          0          0          0         92   _printf_longlong_dec.o
         6          0          0          0          0          0   _printf_ls.o
         6          0          0          0          0          0   _printf_n.o
         6          0          0          0          0          0   _printf_o.o
       112         10          0          0          0        124   _printf_oct_int_ll.o
         6          0          0          0          0          0   _printf_p.o
        78          0          0          0          0        108   _printf_pad.o
         0          0          0          0          0          0   _printf_percent.o
         4          0          0          0          0          0   _printf_percent_end.o
         6          0          0          0          0          0   _printf_s.o
        82          0          0          0          0         80   _printf_str.o
        36          0          0          0          0         84   _printf_truncate.o
         6          0          0          0          0          0   _printf_u.o
        44          0          0          0          0        108   _printf_wchar.o
       188          6          8          0          0         92   _printf_wctomb.o
         6          0          0          0          0          0   _printf_x.o
        22          0          0          0          0        100   _rserrno.o
        16          0          0          0          0         68   _snputc.o
        10          0          0          0          0         68   _sputc.o
        64          0          0          0          0         92   _wcrtomb.o
       228          4        148          0          0         96   bigflt0.o
      1936        128          0          0          0        672   btod.o
        18          0          0          0          0         80   exit.o
         6          0          0          0          0        152   heapauxi.o
         0          0          0          0          0          0   indicate_semi.o
        44         10        272          0          0         76   lc_ctype_c.o
        44         10         28          0          0         76   lc_numeric_c.o
         2          0          0          0          0          0   libinit.o
        34          0          0          0          0          0   libinit2.o
         2          0          0          0          0          0   libshutdown.o
         2          0          0          0          0          0   libshutdown2.o
         8          4          0          0         96         68   libspace.o
        72          0          0          0          0         76   llsdiv.o
       138          0          0          0          0         80   lludiv10.o
       238          0          0          0          0        100   lludivv7m.o
        16          4          0          0          0         76   rt_ctype_table.o
         8          4          0          0          0         68   rt_errno_addr_intlibspace.o
         8          4          0          0          0         68   rt_locale_intlibspace.o
        78          0          0          0          0         80   rt_memclr_w.o
       138          0          0          0          0         68   rt_memcpy_v6.o
       100          0          0          0          0         80   rt_memcpy_w.o
         2          0          0          0          0          0   rtexit.o
        10          0          0          0          0          0   rtexit2.o
       128          0          0          0          0         68   strcmpv7m.o
        12          4          0          0          0         68   sys_exit.o
        74          0          0          0          0         80   sys_stackheap_outer.o
         2          0          0          0          0         68   use_no_semi.o
        52          4          0          0          0         80   vsnprintf.o
        98          4          0          0          0        140   d2f.o
       688        140          0          0          0        256   ddiv.o
       156          4          0          0          0        140   dnaninf.o
        12          0          0          0          0        116   dretinf.o
        86          4          0          0          0        132   f2d.o
       140          4          0          0          0        132   fnaninf.o
        10          0          0          0          0        116   fpinit.o
        10          0          0          0          0        116   fretinf.o
         4          0          0          0          0        116   printf1.o
         4          0          0          0          0        116   printf2.o
         0          0          0          0          0          0   usenofp.o
       300         42          0          0          0        176   asinf.o
       592         90          0          0          0        184   atan2f.o
        48          0          0          0          0        124   fpclassify.o
        38          0          0          0          0        116   fpclassifyf.o
        80         24          0          0          0        696   funder.o
      1636        110        320          0          0        372   powf.o
       120          0          0          0          0        272   sqrtf.o

    ----------------------------------------------------------------------
     11494        692        872          0        100       7856   Library Totals
        26          0          1          0          4          0   (incl. Padding)

    ----------------------------------------------------------------------

      Code (inc. data)   RO Data    RW Data    ZI Data      Debug   Library Name

      7446        270        551          0         96       4536   c_w.l
      1208        156          0          0          0       1380   fz_wm.l
      2814        266        320          0          0       1940   m_wm.l

    ----------------------------------------------------------------------
     11494        692        872          0        100       7856   Library Totals

    ----------------------------------------------------------------------

==============================================================================


      Code (inc. data)   RO Data    RW Data    ZI Data      Debug   

     44956       2864       1696        536      21152    1071795   Grand Totals
     44956       2864       1696         80      21152    1071795   ELF Image Totals (compressed)
     44956       2864       1696         80          0          0   ROM Totals

==============================================================================

    Total RO  Size (Code + RO Data)                46652 (  45.56kB)
    Total RW  Size (RW Data + ZI Data)             21688 (  21.18kB)
    Total ROM Size (Code + RO Data + RW Data)      46732 (  45.64kB)

==============================================================================

