Component: ARM Compiler 5.06 update 6 (build 750) Tool: armlink [4d35ed]

==============================================================================

Section Cross References

    startup_stm32f103xb.o(STACK) refers (Special) to heapauxi.o(.text) for __use_two_region_memory
    startup_stm32f103xb.o(HEAP) refers (Special) to heapauxi.o(.text) for __use_two_region_memory
    startup_stm32f103xb.o(RESET) refers (Special) to heapauxi.o(.text) for __use_two_region_memory
    startup_stm32f103xb.o(RESET) refers to startup_stm32f103xb.o(STACK) for __initial_sp
    startup_stm32f103xb.o(RESET) refers to startup_stm32f103xb.o(.text) for Reset_Handler
    startup_stm32f103xb.o(RESET) refers to stm32f1xx_it.o(i.NMI_Handler) for NMI_Handler
    startup_stm32f103xb.o(RESET) refers to stm32f1xx_it.o(i.HardFault_Handler) for HardFault_Handler
    startup_stm32f103xb.o(RESET) refers to stm32f1xx_it.o(i.MemManage_Handler) for MemManage_Handler
    startup_stm32f103xb.o(RESET) refers to stm32f1xx_it.o(i.BusFault_Handler) for BusFault_Handler
    startup_stm32f103xb.o(RESET) refers to stm32f1xx_it.o(i.UsageFault_Handler) for UsageFault_Handler
    startup_stm32f103xb.o(RESET) refers to port.o(.emb_text) for SVC_Handler
    startup_stm32f103xb.o(RESET) refers to stm32f1xx_it.o(i.DebugMon_Handler) for DebugMon_Handler
    startup_stm32f103xb.o(RESET) refers to port.o(i.SysTick_Handler) for SysTick_Handler
    startup_stm32f103xb.o(RESET) refers to stm32f1xx_it.o(i.DMA1_Channel1_IRQHandler) for DMA1_Channel1_IRQHandler
    startup_stm32f103xb.o(RESET) refers to stm32f1xx_it.o(i.EXTI9_5_IRQHandler) for EXTI9_5_IRQHandler
    startup_stm32f103xb.o(RESET) refers to stm32f1xx_it.o(i.TIM3_IRQHandler) for TIM3_IRQHandler
    startup_stm32f103xb.o(RESET) refers to stm32f1xx_it.o(i.TIM4_IRQHandler) for TIM4_IRQHandler
    startup_stm32f103xb.o(.text) refers (Special) to heapauxi.o(.text) for __use_two_region_memory
    startup_stm32f103xb.o(.text) refers to system_stm32f1xx.o(i.SystemInit) for SystemInit
    startup_stm32f103xb.o(.text) refers to __main.o(!!!main) for __main
    startup_stm32f103xb.o(.text) refers to startup_stm32f103xb.o(HEAP) for Heap_Mem
    startup_stm32f103xb.o(.text) refers to startup_stm32f103xb.o(STACK) for Stack_Mem
    main.o(i.HAL_TIM_PeriodElapsedCallback) refers to stm32f1xx_hal.o(i.HAL_IncTick) for HAL_IncTick
    main.o(i.SystemClock_Config) refers to rt_memclr_w.o(.text) for __aeabi_memclr4
    main.o(i.SystemClock_Config) refers to stm32f1xx_hal_rcc.o(i.HAL_RCC_OscConfig) for HAL_RCC_OscConfig
    main.o(i.SystemClock_Config) refers to stm32f1xx_hal_rcc.o(i.HAL_RCC_ClockConfig) for HAL_RCC_ClockConfig
    main.o(i.SystemClock_Config) refers to stm32f1xx_hal_rcc_ex.o(i.HAL_RCCEx_PeriphCLKConfig) for HAL_RCCEx_PeriphCLKConfig
    main.o(i.main) refers to stm32f1xx_hal.o(i.HAL_Init) for HAL_Init
    main.o(i.main) refers to main.o(i.SystemClock_Config) for SystemClock_Config
    main.o(i.main) refers to gpio.o(i.MX_GPIO_Init) for MX_GPIO_Init
    main.o(i.main) refers to dma.o(i.MX_DMA_Init) for MX_DMA_Init
    main.o(i.main) refers to adc.o(i.MX_ADC1_Init) for MX_ADC1_Init
    main.o(i.main) refers to spi.o(i.MX_SPI1_Init) for MX_SPI1_Init
    main.o(i.main) refers to tim.o(i.MX_TIM4_Init) for MX_TIM4_Init
    main.o(i.main) refers to stm32f1xx_hal_gpio.o(i.HAL_GPIO_WritePin) for HAL_GPIO_WritePin
    main.o(i.main) refers to freertos.o(i.MX_FREERTOS_Init) for MX_FREERTOS_Init
    main.o(i.main) refers to cmsis_os.o(i.osKernelStart) for osKernelStart
    gpio.o(i.HAL_GPIO_EXTI_Callback) refers to sx126xstm32f103-board.o(i.dio_EXTI) for dio_EXTI
    gpio.o(i.MX_GPIO_Init) refers to stm32f1xx_hal_gpio.o(i.HAL_GPIO_WritePin) for HAL_GPIO_WritePin
    gpio.o(i.MX_GPIO_Init) refers to stm32f1xx_hal_gpio.o(i.HAL_GPIO_Init) for HAL_GPIO_Init
    gpio.o(i.MX_GPIO_Init) refers to stm32f1xx_hal_cortex.o(i.HAL_NVIC_SetPriority) for HAL_NVIC_SetPriority
    gpio.o(i.MX_GPIO_Init) refers to stm32f1xx_hal_cortex.o(i.HAL_NVIC_EnableIRQ) for HAL_NVIC_EnableIRQ
    freertos.o(i.MX_FREERTOS_Init) refers to queue.o(i.xQueueGenericCreate) for xQueueGenericCreate
    freertos.o(i.MX_FREERTOS_Init) refers to rt_memcpy_w.o(.text) for __aeabi_memcpy4
    freertos.o(i.MX_FREERTOS_Init) refers to cmsis_os.o(i.osThreadCreate) for osThreadCreate
    freertos.o(i.MX_FREERTOS_Init) refers to freertos.o(.data) for .data
    freertos.o(i.MX_FREERTOS_Init) refers to freertos.o(.constdata) for .constdata
    freertos.o(i.StartDefaultTask) refers to cmsis_os.o(i.osDelay) for osDelay
    freertos.o(i.startTask) refers to tasks.o(i.xTaskCreate) for xTaskCreate
    freertos.o(i.startTask) refers to tasks.o(i.vTaskDelete) for vTaskDelete
    freertos.o(i.startTask) refers to cmsis_os.o(i.osDelay) for osDelay
    freertos.o(i.startTask) refers to processstate.o(i.updateStateTask) for updateStateTask
    freertos.o(i.startTask) refers to wireless.o(i.wirelessTxTask) for wirelessTxTask
[...]
    .bss                                     0x200000f4   Section      596  freertos.o(.bss)
    xIdleTaskTCBBuffer                       0x200000f4   Data          84  freertos.o(.bss)
    xIdleStack                               0x20000148   Data         512  freertos.o(.bss)
    .bss                                     0x20000348   Section      116  adc.o(.bss)
    .bss                                     0x200003bc   Section       88  spi.o(.bss)
    .bss                                     0x20000414   Section       72  tim.o(.bss)
    .bss                                     0x2000045c   Section       72  stm32f1xx_hal_timebase_tim.o(.bss)
    .bss                                     0x200004a4   Section      240  tasks.o(.bss)
    pxReadyTasksLists                        0x200004a4   Data         140  tasks.o(.bss)
    xDelayedTaskList1                        0x20000530   Data          20  tasks.o(.bss)
    xDelayedTaskList2                        0x20000544   Data          20  tasks.o(.bss)
    xPendingReadyList                        0x20000558   Data          20  tasks.o(.bss)
    xTasksWaitingTermination                 0x2000056c   Data          20  tasks.o(.bss)
    xSuspendedTaskList                       0x20000580   Data          20  tasks.o(.bss)
    .bss                                     0x20000594   Section     8192  heap_4.o(.bss)
    ucHeap                                   0x20000594   Data        8192  heap_4.o(.bss)
    .bss                                     0x20002594   Section      336  radio.o(.bss)
    .bss                                     0x200026e4   Section       68  sx126x_example_recive.o(.bss)
    SX126xRadioEvents                        0x20002704   Data          36  sx126x_example_recive.o(.bss)
    .bss                                     0x20002728   Section       24  sx126xstm32f103-board.o(.bss)
    txTimerHandle                            0x20002728   Data          12  sx126xstm32f103-board.o(.bss)
    rxTimerHandle                            0x20002734   Data          12  sx126xstm32f103-board.o(.bss)
    .bss                                     0x20002740   Section       72  processstate.o(.bss)
    keys                                     0x20002740   Data          40  processstate.o(.bss)
    tws                                      0x20002768   Data          32  processstate.o(.bss)
    .bss                                     0x20002788   Section       96  libspace.o(.bss)
    HEAP                                     0x200027e8   Section      512  startup_stm32f103xb.o(HEAP)
    Heap_Mem                                 0x200027e8   Data         512  startup_stm32f103xb.o(HEAP)
    STACK                                    0x200029e8   Section     1024  startup_stm32f103xb.o(STACK)
    Stack_Mem                                0x200029e8   Data        1024  startup_stm32f103xb.o(STACK)
    __initial_sp                             0x20002de8   Data           0  startup_stm32f103xb.o(STACK)

    Global Symbols

    Symbol Name                              Value     Ov Type        Size  Object(Section)

    BuildAttributes$$THM_ISAv4$P$D$K$B$S$PE$A:L22UL41UL21$X:L11$S22US41US21$IEEE1$IW$USESV6$~STKCKD$USESV7$~SHL$OSPACE$ROPI$EBA8$UX$STANDARDLIB$REQ8$PRES8$EABIv2 0x00000000   Number         0  anon$$obj.o ABSOLUTE
    __ARM_use_no_argv                        0x00000000   Number         0  main.o ABSOLUTE
    __ARM_exceptions_init                     - Undefined Weak Reference
    __alloca_initialize                       - Undefined Weak Reference
    __arm_preinit_                            - Undefined Weak Reference
    __cpp_initialize__aeabi_                  - Undefined Weak Reference
    __cxa_finalize                            - Undefined Weak Reference
    __rt_locale                               - Undefined Weak Reference
    __sigvec_lookup                           - Undefined Weak Reference
    _atexit_init                              - Undefined Weak Reference
    _call_atexit_fns                          - Undefined Weak Reference
    _clock_init                               - Undefined Weak Reference
    _fp_trap_init                             - Undefined Weak Reference
    _fp_trap_shutdown                         - Undefined Weak Reference
    _get_lc_collate                           - Undefined Weak Reference
    _get_lc_ctype                             - Undefined Weak Reference
    _get_lc_monetary                          - Undefined Weak Reference
    _get_lc_numeric                           - Undefined Weak Reference
    _get_lc_time                              - Undefined Weak Reference
    _getenv_init                              - Undefined Weak Reference
    _handle_redirection                       - Undefined Weak Reference
    _init_alloc                               - Undefined Weak Reference
    _init_user_alloc                          - Undefined Weak Reference
    _initio                                   - Undefined Weak Reference
    _rand_init                                - Undefined Weak Reference
    _signal_finish                            - Undefined Weak Reference
    _signal_init                              - Undefined Weak Reference
    _terminate_alloc                          - Undefined Weak Reference
    _terminate_user_alloc                     - Undefined Weak Reference
    _terminateio                              - Undefined Weak Reference
    __Vectors_Size                           0x000000ec   Number         0  startup_stm32f103xb.o ABSOLUTE
    __Vectors                                0x08000000   Data           4  startup_stm32f103xb.o(RESET)
    __Vectors_End                            0x080000ec   Data           0  startup_stm32f103xb.o(RESET)
    __main                                   0x080000ed   Thumb Code     8  __main.o(!!!main)
    __scatterload                            0x080000f5   Thumb Code     0  __scatter.o(!!!scatter)
    __scatterload_rt2                        0x080000f5   Thumb Code    44  __scatter.o(!!!scatter)
    __scatterload_rt2_thumb_only             0x080000f5   Thumb Code     0  __scatter.o(!!!scatter)
    __scatterload_null                       0x08000103   Thumb Code     0  __scatter.o(!!!scatter)
    __scatterload_copy                       0x08000129   Thumb Code    26  __scatter_copy.o(!!handler_copy)
    __scatterload_zeroinit                   0x08000145   Thumb Code    28  __scatter_zi.o(!!handler_zi)
    __rt_lib_init                            0x08000161   Thumb Code     0  libinit.o(.ARM.Collect$$libinit$$00000000)
    __rt_lib_init_alloca_1                   0x08000163   Thumb Code     0  libinit2.o(.ARM.Collect$$libinit$$0000002E)
    __rt_lib_init_argv_1                     0x08000163   Thumb Code     0  libinit2.o(.ARM.Collect$$libinit$$0000002C)
    __rt_lib_init_atexit_1                   0x08000163   Thumb Code     0  libinit2.o(.ARM.Collect$$libinit$$0000001B)
    __rt_lib_init_clock_1                    0x08000163   Thumb Code     0  libinit2.o(.ARM.Collect$$libinit$$00000021)
    __rt_lib_init_cpp_1                      0x08000163   Thumb Code     0  libinit2.o(.ARM.Collect$$libinit$$00000032)
    __rt_lib_init_exceptions_1               0x08000163   Thumb Code     0  libinit2.o(.ARM.Collect$$libinit$$00000030)
    __rt_lib_init_fp_1                       0x08000163   Thumb Code     0  libinit2.o(.ARM.Collect$$libinit$$00000002)
    __rt_lib_init_fp_trap_1                  0x08000163   Thumb Code     0  libinit2.o(.ARM.Collect$$libinit$$0000001F)
    __rt_lib_init_getenv_1                   0x08000163   Thumb Code     0  libinit2.o(.ARM.Collect$$libinit$$00000023)
    __rt_lib_init_heap_1                     0x08000163   Thumb Code     0  libinit2.o(.ARM.Collect$$libinit$$0000000A)
    __rt_lib_init_lc_collate_1               0x08000163   Thumb Code     0  libinit2.o(.ARM.Collect$$libinit$$00000011)
    __rt_lib_init_lc_ctype_1                 0x08000163   Thumb Code     0  libinit2.o(.ARM.Collect$$libinit$$00000013)
    __rt_lib_init_lc_monetary_1              0x08000163   Thumb Code     0  libinit2.o(.ARM.Collect$$libinit$$00000015)
    __rt_lib_init_lc_numeric_1               0x08000163   Thumb Code     0  libinit2.o(.ARM.Collect$$libinit$$00000017)
    __rt_lib_init_lc_time_1                  0x08000163   Thumb Code     0  libinit2.o(.ARM.Collect$$libinit$$00000019)
    __rt_lib_init_preinit_1                  0x08000163   Thumb Code     0  libinit2.o(.ARM.Collect$$libinit$$00000004)
    __rt_lib_init_rand_1                     0x08000163   Thumb Code     0  libinit2.o(.ARM.Collect$$libinit$$0000000E)
    __rt_lib_init_return                     0x08000163   Thumb Code     0  libinit2.o(.ARM.Collect$$libinit$$00000033)
    __rt_lib_init_signal_1                   0x08000163   Thumb Code     0  libinit2.o(.ARM.Collect$$libinit$$0000001D)
    __rt_lib_init_stdio_1                    0x08000163   Thumb Code     0  libinit2.o(.ARM.Collect$$libinit$$00000025)
    __rt_lib_init_user_alloc_1               0x08000163   Thumb Code     0  libinit2.o(.ARM.Collect$$libinit$$0000000C)
    __rt_lib_shutdown                        0x08000165   Thumb Code     0  libshutdown.o(.ARM.Collect$$libshutdown$$00000000)
    __rt_lib_shutdown_cpp_1                  0x08000167   Thumb Code     0  libshutdown2.o(.ARM.Collect$$libshutdown$$00000002)
    __rt_lib_shutdown_fp_trap_1              0x08000167   Thumb Code     0  libshutdown2.o(.ARM.Collect$$libshutdown$$00000007)
    __rt_lib_shutdown_heap_1                 0x08000167   Thumb Code     0  libshutdown2.o(.ARM.Collect$$libshutdown$$0000000F)
    __rt_lib_shutdown_return                 0x08000167   Thumb Code     0  libshutdown2.o(.ARM.Collect$$libshutdown$$00000010)
    __rt_lib_shutdown_signal_1               0x08000167   Thumb Code     0  libshutdown2.o(.ARM.Collect$$libshutdown$$0000000A)
    __rt_lib_shutdown_stdio_1                0x08000167   Thumb Code     0  libshutdown2.o(.ARM.Collect$$libshutdown$$00000004)
    __rt_lib_shutdown_user_alloc_1           0x08000167   Thumb Code     0  libshutdown2.o(.ARM.Collect$$libshutdown$$0000000C)
    __rt_entry                               0x08000169   Thumb Code     0  __rtentry.o(.ARM.Collect$$rtentry$$00000000)
    __rt_entry_presh_1                       0x08000169   Thumb Code     0  __rtentry2.o(.ARM.Collect$$rtentry$$00000002)
    __rt_entry_sh                            0x08000169   Thumb Code     0  __rtentry4.o(.ARM.Collect$$rtentry$$00000004)
    __rt_entry_li                            0x0800016f   Thumb Code     0  __rtentry2.o(.ARM.Collect$$rtentry$$0000000A)
    __rt_entry_postsh_1                      0x0800016f   Thumb Code     0  __rtentry2.o(.ARM.Collect$$rtentry$$00000009)
    __rt_entry_main                          0x08000173   Thumb Code     0  __rtentry2.o(.ARM.Collect$$rtentry$$0000000D)
    __rt_entry_postli_1                      0x08000173   Thumb Code     0  __rtentry2.o(.ARM.Collect$$rtentry$$0000000C)
    __rt_exit                                0x0800017b   Thumb Code     0  rtexit.o(.ARM.Collect$$rtexit$$00000000)
    __rt_exit_ls                             0x0800017d   Thumb Code     0  rtexit2.o(.ARM.Collect$$rtexit$$00000003)
    __rt_exit_prels_1                        0x0800017d   Thumb Code     0  rtexit2.o(.ARM.Collect$$rtexit$$00000002)
    __rt_exit_exit                           0x08000181   Thumb Code     0  rtexit2.o(.ARM.Collect$$rtexit$$00000004)
    SVC_Handler                              0x08000189   Thumb Code    32  port.o(.emb_text)
    __asm___6_port_c_39a90d8d__prvStartFirstTask 0x080001ad   Thumb Code    28  port.o(.emb_text)
    PendSV_Handler                           0x080001cd   Thumb Code    72  port.o(.emb_text)
    vPortGetIPSR                             0x08000219   Thumb Code     6  port.o(.emb_text)
    Reset_Handler                            0x08000221   Thumb Code     8  startup_stm32f103xb.o(.text)
    ADC1_2_IRQHandler                        0x0800023b   Thumb Code     0  startup_stm32f103xb.o(.text)
    CAN1_RX1_IRQHandler                      0x0800023b   Thumb Code     0  startup_stm32f103xb.o(.text)
    CAN1_SCE_IRQHandler                      0x0800023b   Thumb Code     0  startup_stm32f103xb.o(.text)
    DMA1_Channel2_IRQHandler                 0x0800023b   Thumb Code     0  startup_stm32f103xb.o(.text)
    DMA1_Channel3_IRQHandler                 0x0800023b   Thumb Code     0  startup_stm32f103xb.o(.text)
    DMA1_Channel4_IRQHandler                 0x0800023b   Thumb Code     0  startup_stm32f103xb.o(.text)
    DMA1_Channel5_IRQHandler                 0x0800023b   Thumb Code     0  startup_stm32f103xb.o(.text)
    DMA1_Channel6_IRQHandler                 0x0800023b   Thumb Code     0  startup_stm32f103xb.o(.text)
    DMA1_Channel7_IRQHandler                 0x0800023b   Thumb Code     0  startup_stm32f103xb.o(.text)
    EXTI0_IRQHandler                         0x0800023b   Thumb Code     0  startup_stm32f103xb.o(.text)
    EXTI15_10_IRQHandler                     0x0800023b   Thumb Code     0  startup_stm32f103xb.o(.text)
    EXTI1_IRQHandler                         0x0800023b   Thumb Code     0  startup_stm32f103xb.o(.text)
    EXTI2_IRQHandler                         0x0800023b   Thumb Code     0  startup_stm32f103xb.o(.text)
    EXTI3_IRQHandler                         0x0800023b   Thumb Code     0  startup_stm32f103xb.o(.text)
    EXTI4_IRQHandler                         0x0800023b   Thumb Code     0  startup_stm32f103xb.o(.text)
    FLASH_IRQHandler                         0x0800023b   Thumb Code     0  startup_stm32f103xb.o(.text)
    I2C1_ER_IRQHandler                       0x0800023b   Thumb Code     0  startup_stm32f103xb.o(.text)
    I2C1_EV_IRQHandler                       0x0800023b   Thumb Code     0  startup_stm32f103xb.o(.text)
    I2C2_ER_IRQHandler                       0x0800023b   Thumb Code     0  startup_stm32f103xb.o(.text)
    I2C2_EV_IRQHandler                       0x0800023b   Thumb Code     0  startup_stm32f103xb.o(.text)
    PVD_IRQHandler                           0x0800023b   Thumb Code     0  startup_stm32f103xb.o(.text)
    RCC_IRQHandler                           0x0800023b   Thumb Code     0  startup_stm32f103xb.o(.text)
    RTC_Alarm_IRQHandler                     0x0800023b   Thumb Code     0  startup_stm32f103xb.o(.text)
    RTC_IRQHandler                           0x0800023b   Thumb Code     0  startup_stm32f103xb.o(.text)
    SPI1_IRQHandler                          0x0800023b   Thumb Code     0  startup_stm32f103xb.o(.text)
    SPI2_IRQHandler                          0x0800023b   Thumb Code     0  startup_stm32f103xb.o(.text)
    TAMPER_IRQHandler                        0x0800023b   Thumb Code     0  startup_stm32f103xb.o(.text)
    TIM1_BRK_IRQHandler                      0x0800023b   Thumb Code     0  startup_stm32f103xb.o(.text)
    TIM1_CC_IRQHandler                       0x0800023b   Thumb Code     0  startup_stm32f103xb.o(.text)
    TIM1_TRG_COM_IRQHandler                  0x0800023b   Thumb Code     0  startup_stm32f103xb.o(.text)
    TIM1_UP_IRQHandler                       0x0800023b   Thumb Code     0  startup_stm32f103xb.o(.text)
    TIM2_IRQHandler                          0x0800023b   Thumb Code     0  startup_stm32f103xb.o(.text)
    USART1_IRQHandler                        0x0800023b   Thumb Code     0  startup_stm32f103xb.o(.text)
    USART2_IRQHandler                        0x0800023b   Thumb Code     0  startup_stm32f103xb.o(.text)
    USART3_IRQHandler                        0x0800023b   Thumb Code     0  startup_stm32f103xb.o(.text)
    USBWakeUp_IRQHandler                     0x0800023b   Thumb Code     0  startup_stm32f103xb.o(.text)
    USB_HP_CAN1_TX_IRQHandler                0x0800023b   Thumb Code     0  startup_stm32f103xb.o(.text)
    USB_LP_CAN1_RX0_IRQHandler               0x0800023b   Thumb Code     0  startup_stm32f103xb.o(.text)
    WWDG_IRQHandler                          0x0800023b   Thumb Code     0  startup_stm32f103xb.o(.text)
    __user_initial_stackheap                 0x0800023d   Thumb Code     0  startup_stm32f103xb.o(.text)
    __aeabi_memcpy                           0x08000261   Thumb Code     0  rt_memcpy_v6.o(.text)
    __rt_memcpy                              0x08000261   Thumb Code   138  rt_memcpy_v6.o(.text)
    _memcpy_lastbytes                        0x080002c7   Thumb Code     0  rt_memcpy_v6.o(.text)
    __aeabi_memcpy4                          0x080002eb   Thumb Code     0  rt_memcpy_w.o(.text)
    __aeabi_memcpy8                          0x080002eb   Thumb Code     0  rt_memcpy_w.o(.text)
    __rt_memcpy_w                            0x080002eb   Thumb Code   100  rt_memcpy_w.o(.text)
    _memcpy_lastbytes_aligned                0x08000333   Thumb Code     0  rt_memcpy_w.o(.text)
    __aeabi_memset                           0x0800034f   Thumb Code    16  aeabi_memset.o(.text)
    __aeabi_memclr                           0x0800035f   Thumb Code     0  rt_memclr.o(.text)
    __rt_memclr                              0x0800035f   Thumb Code    68  rt_memclr.o(.text)
    _memset                                  0x08000363   Thumb Code     0  rt_memclr.o(.text)
    __aeabi_memclr4                          0x080003a3   Thumb Code     0  rt_memclr_w.o(.text)
    __aeabi_memclr8                          0x080003a3   Thumb Code     0  rt_memclr_w.o(.text)
    __rt_memclr_w                            0x080003a3   Thumb Code    78  rt_memclr_w.o(.text)
    _memset_w                                0x080003a7   Thumb Code     0  rt_memclr_w.o(.text)
    __use_two_region_memory                  0x080003f1   Thumb Code     2  heapauxi.o(.text)
    __rt_heap_escrow$2region                 0x080003f3   Thumb Code     2  heapauxi.o(.text)
    __rt_heap_expand$2region                 0x080003f5   Thumb Code     2  heapauxi.o(.text)
    __user_setup_stackheap                   0x080003f7   Thumb Code    74  sys_stackheap_outer.o(.text)
    exit                                     0x08000441   Thumb Code    18  exit.o(.text)
    __user_libspace                          0x08000455   Thumb Code     8  libspace.o(.text)
    __user_perproc_libspace                  0x08000455   Thumb Code     0  libspace.o(.text)
    __user_perthread_libspace                0x08000455   Thumb Code     0  libspace.o(.text)
    _sys_exit                                0x0800045d   Thumb Code     8  sys_exit.o(.text)
    __I$use$semihosting                      0x08000469   Thumb Code     0  use_no_semi.o(.text)
    __use_no_semihosting_swi                 0x08000469   Thumb Code     2  use_no_semi.o(.text)
    __semihosting_library_function           0x0800046b   Thumb Code     0  indicate_semi.o(.text)
    ADC_ConversionStop_Disable               0x0800046d   Thumb Code    86  stm32f1xx_hal_adc.o(i.ADC_ConversionStop_Disable)
    ADC_DMAConvCplt                          0x080004c3   Thumb Code    78  stm32f1xx_hal_adc.o(i.ADC_DMAConvCplt)
    ADC_DMAError                             0x08000511   Thumb Code    26  stm32f1xx_hal_adc.o(i.ADC_DMAError)
    ADC_DMAHalfConvCplt                      0x0800052b   Thumb Code    10  stm32f1xx_hal_adc.o(i.ADC_DMAHalfConvCplt)
    ADC_Enable                               0x08000535   Thumb Code   114  stm32f1xx_hal_adc.o(i.ADC_Enable)
    ADC_Filter                               0x080005b1   Thumb Code    34  processstate.o(i.ADC_Filter)
    BusFault_Handler                         0x080005d9   Thumb Code     2  stm32f1xx_it.o(i.BusFault_Handler)
    DMA1_Channel1_IRQHandler                 0x080005dd   Thumb Code     6  stm32f1xx_it.o(i.DMA1_Channel1_IRQHandler)
    DebugMon_Handler                         0x08000613   Thumb Code     2  stm32f1xx_it.o(i.DebugMon_Handler)
    EXTI9_5_IRQHandler                       0x08000615   Thumb Code     8  stm32f1xx_it.o(i.EXTI9_5_IRQHandler)
    Error_Handler                            0x0800061d   Thumb Code     4  main.o(i.Error_Handler)
    Flash_ErasePage                          0x08000621   Thumb Code    70  processstate.o(i.Flash_ErasePage)
    Flash_Lock                               0x0800066d   Thumb Code    12  processstate.o(i.Flash_Lock)
    Flash_Unlock                             0x0800067d   Thumb Code    12  processstate.o(i.Flash_Unlock)
    Flash_WriteHalfWord                      0x08000695   Thumb Code    62  processstate.o(i.Flash_WriteHalfWord)
    HALSpi1InOut                             0x080006d9   Thumb Code    38  spi.o(i.HALSpi1InOut)
    HAL_ADCEx_Calibration_Start              0x08000705   Thumb Code   210  stm32f1xx_hal_adc_ex.o(i.HAL_ADCEx_Calibration_Start)
    HAL_ADC_ConfigChannel                    0x080007dd   Thumb Code   240  stm32f1xx_hal_adc.o(i.HAL_ADC_ConfigChannel)
    HAL_ADC_ConvCpltCallback                 0x080008d9   Thumb Code     2  stm32f1xx_hal_adc.o(i.HAL_ADC_ConvCpltCallback)
    HAL_ADC_ConvHalfCpltCallback             0x080008db   Thumb Code     2  stm32f1xx_hal_adc.o(i.HAL_ADC_ConvHalfCpltCallback)
    HAL_ADC_ErrorCallback                    0x080008dd   Thumb Code     2  stm32f1xx_hal_adc.o(i.HAL_ADC_ErrorCallback)
    HAL_ADC_Init                             0x080008e1   Thumb Code   272  stm32f1xx_hal_adc.o(i.HAL_ADC_Init)
    HAL_ADC_MspInit                          0x080009fd   Thumb Code   122  adc.o(i.HAL_ADC_MspInit)
    HAL_ADC_Start_DMA                        0x08000a8d   Thumb Code   246  stm32f1xx_hal_adc.o(i.HAL_ADC_Start_DMA)
    HAL_DMA_IRQHandler                       0x08000b99   Thumb Code   316  stm32f1xx_hal_dma.o(i.HAL_DMA_IRQHandler)
    HAL_DMA_Init                             0x08000ced   Thumb Code    84  stm32f1xx_hal_dma.o(i.HAL_DMA_Init)
    HAL_DMA_Start_IT                         0x08000d49   Thumb Code   112  stm32f1xx_hal_dma.o(i.HAL_DMA_Start_IT)
    HAL_GPIO_EXTI_Callback                   0x08000db9   Thumb Code    12  gpio.o(i.HAL_GPIO_EXTI_Callback)
    HAL_GPIO_EXTI_IRQHandler                 0x08000dc5   Thumb Code    18  stm32f1xx_hal_gpio.o(i.HAL_GPIO_EXTI_IRQHandler)
    HAL_GPIO_Init                            0x08000ddd   Thumb Code   446  stm32f1xx_hal_gpio.o(i.HAL_GPIO_Init)
    HAL_GPIO_ReadPin                         0x08000fbd   Thumb Code    10  stm32f1xx_hal_gpio.o(i.HAL_GPIO_ReadPin)
    HAL_GPIO_WritePin                        0x08000fc7   Thumb Code    10  stm32f1xx_hal_gpio.o(i.HAL_GPIO_WritePin)
    HAL_GetTick                              0x08000fd1   Thumb Code     6  stm32f1xx_hal.o(i.HAL_GetTick)
    HAL_IncTick                              0x08000fdd   Thumb Code    12  stm32f1xx_hal.o(i.HAL_IncTick)
    HAL_Init                                 0x08000fed   Thumb Code    32  stm32f1xx_hal.o(i.HAL_Init)
    HAL_InitTick                             0x08001011   Thumb Code   132  stm32f1xx_hal_timebase_tim.o(i.HAL_InitTick)
    HAL_MspInit                              0x080010a9   Thumb Code    62  stm32f1xx_hal_msp.o(i.HAL_MspInit)
    HAL_NVIC_EnableIRQ                       0x080010f1   Thumb Code    26  stm32f1xx_hal_cortex.o(i.HAL_NVIC_EnableIRQ)
    HAL_NVIC_SetPriority                     0x0800110d   Thumb Code    60  stm32f1xx_hal_cortex.o(i.HAL_NVIC_SetPriority)
    HAL_NVIC_SetPriorityGrouping             0x0800114d   Thumb Code    26  stm32f1xx_hal_cortex.o(i.HAL_NVIC_SetPriorityGrouping)
    HAL_RCCEx_GetPeriphCLKFreq               0x08001171   Thumb Code   148  stm32f1xx_hal_rcc_ex.o(i.HAL_RCCEx_GetPeriphCLKFreq)
    HAL_RCCEx_PeriphCLKConfig                0x08001215   Thumb Code   224  stm32f1xx_hal_rcc_ex.o(i.HAL_RCCEx_PeriphCLKConfig)
    HAL_RCC_ClockConfig                      0x08001301   Thumb Code   280  stm32f1xx_hal_rcc.o(i.HAL_RCC_ClockConfig)
    HAL_RCC_GetClockConfig                   0x0800142d   Thumb Code    54  stm32f1xx_hal_rcc.o(i.HAL_RCC_GetClockConfig)
    HAL_RCC_GetPCLK1Freq                     0x0800146d   Thumb Code    20  stm32f1xx_hal_rcc.o(i.HAL_RCC_GetPCLK1Freq)
    HAL_RCC_GetPCLK2Freq                     0x0800148d   Thumb Code    20  stm32f1xx_hal_rcc.o(i.HAL_RCC_GetPCLK2Freq)
    HAL_RCC_GetSysClockFreq                  0x080014ad   Thumb Code    58  stm32f1xx_hal_rcc.o(i.HAL_RCC_GetSysClockFreq)
    HAL_RCC_OscConfig                        0x080014f9   Thumb Code   778  stm32f1xx_hal_rcc.o(i.HAL_RCC_OscConfig)
    HAL_SPI_Init                             0x08001819   Thumb Code   178  stm32f1xx_hal_spi.o(i.HAL_SPI_Init)
    HAL_SPI_MspInit                          0x080018cd   Thumb Code    98  spi.o(i.HAL_SPI_MspInit)
    HAL_SPI_TransmitReceive                  0x0800193d   Thumb Code   496  stm32f1xx_hal_spi.o(i.HAL_SPI_TransmitReceive)
    HAL_TIMEx_BreakCallback                  0x08001b2d   Thumb Code     2  stm32f1xx_hal_tim_ex.o(i.HAL_TIMEx_BreakCallback)
    HAL_TIMEx_CommutCallback                 0x08001b2f   Thumb Code     2  stm32f1xx_hal_tim_ex.o(i.HAL_TIMEx_CommutCallback)
    HAL_TIMEx_MasterConfigSynchronization    0x08001b31   Thumb Code    92  stm32f1xx_hal_tim_ex.o(i.HAL_TIMEx_MasterConfigSynchronization)
    HAL_TIM_Base_Init                        0x08001b99   Thumb Code    90  stm32f1xx_hal_tim.o(i.HAL_TIM_Base_Init)
    HAL_TIM_Base_MspInit                     0x08001bf5   Thumb Code    50  tim.o(i.HAL_TIM_Base_MspInit)
    HAL_TIM_Base_Start_IT                    0x08001c31   Thumb Code    76  stm32f1xx_hal_tim.o(i.HAL_TIM_Base_Start_IT)
    HAL_TIM_ConfigClockSource                0x08001c89   Thumb Code   220  stm32f1xx_hal_tim.o(i.HAL_TIM_ConfigClockSource)
    HAL_TIM_IC_CaptureCallback               0x08001d65   Thumb Code     2  stm32f1xx_hal_tim.o(i.HAL_TIM_IC_CaptureCallback)
    HAL_TIM_IRQHandler                       0x08001d67   Thumb Code   304  stm32f1xx_hal_tim.o(i.HAL_TIM_IRQHandler)
    HAL_TIM_OC_DelayElapsedCallback          0x08001e97   Thumb Code     2  stm32f1xx_hal_tim.o(i.HAL_TIM_OC_DelayElapsedCallback)
    HAL_TIM_PWM_PulseFinishedCallback        0x08001e99   Thumb Code     2  stm32f1xx_hal_tim.o(i.HAL_TIM_PWM_PulseFinishedCallback)
    HAL_TIM_PeriodElapsedCallback            0x08001e9d   Thumb Code    14  main.o(i.HAL_TIM_PeriodElapsedCallback)
    HAL_TIM_TriggerCallback                  0x08001eb1   Thumb Code     2  stm32f1xx_hal_tim.o(i.HAL_TIM_TriggerCallback)
    HardFault_Handler                        0x08001eb3   Thumb Code     2  stm32f1xx_it.o(i.HardFault_Handler)
    MX_ADC1_Init                             0x08001eb5   Thumb Code   132  adc.o(i.MX_ADC1_Init)
    MX_DMA_Init                              0x08001f41   Thumb Code    40  dma.o(i.MX_DMA_Init)
    MX_FREERTOS_Init                         0x08001f6d   Thumb Code    88  freertos.o(i.MX_FREERTOS_Init)
    MX_GPIO_Init                             0x08001fcd   Thumb Code   288  gpio.o(i.MX_GPIO_Init)
    MX_SPI1_Init                             0x08002101   Thumb Code    62  spi.o(i.MX_SPI1_Init)
    MX_TIM4_Init                             0x08002149   Thumb Code   100  tim.o(i.MX_TIM4_Init)
    MemManage_Handler                        0x080021b5   Thumb Code     2  stm32f1xx_it.o(i.MemManage_Handler)
    NMI_Handler                              0x080021b7   Thumb Code     2  stm32f1xx_it.o(i.NMI_Handler)
    QuadTrim_StoreToFlash                    0x080021b9   Thumb Code    62  processstate.o(i.QuadTrim_StoreToFlash)
    RC_Map                                   0x080021fd   Thumb Code    50  processstate.o(i.RC_Map)
    RadioCheckRfFrequency                    0x0800222f   Thumb Code     4  radio.o(i.RadioCheckRfFrequency)
    RadioGetStatus                           0x080022e5   Thumb Code    32  radio.o(i.RadioGetStatus)
    RadioGetWakeupTime                       0x08002309   Thumb Code     4  radio.o(i.RadioGetWakeupTime)
    RadioInit                                0x0800230d   Thumb Code    68  radio.o(i.RadioInit)
    RadioIrqProcess                          0x08002359   Thumb Code   280  radio.o(i.RadioIrqProcess)
    RadioIsChannelFree                       0x08002479   Thumb Code   120  radio.o(i.RadioIsChannelFree)
    RadioOnDioIrq                            0x080024f1   Thumb Code     8  radio.o(i.RadioOnDioIrq)
    RadioRandom                              0x080024fd   Thumb Code    28  radio.o(i.RadioRandom)
    RadioRead                                0x08002519   Thumb Code     6  radio.o(i.RadioRead)
    RadioReadBuffer                          0x0800251f   Thumb Code     6  radio.o(i.RadioReadBuffer)
    RadioRssi                                0x08002525   Thumb Code     4  radio.o(i.RadioRssi)
    RadioRx                                  0x08002529   Thumb Code    54  radio.o(i.RadioRx)
    RadioRxBoosted                           0x08002565   Thumb Code    54  radio.o(i.RadioRxBoosted)
    RadioSend                                0x080025a1   Thumb Code    70  radio.o(i.RadioSend)
    RadioSetChannel                          0x080025f1   Thumb Code     4  radio.o(i.RadioSetChannel)
    RadioSetMaxPayloadLength                 0x080025f5   Thumb Code    32  radio.o(i.RadioSetMaxPayloadLength)
    RadioSetModem                            0x0800261d   Thumb Code    44  radio.o(i.RadioSetModem)
    RadioSetPublicNetwork                    0x0800264d   Thumb Code    52  radio.o(i.RadioSetPublicNetwork)
    RadioSetRxConfig                         0x08002685   Thumb Code   400  radio.o(i.RadioSetRxConfig)
    RadioSetRxDutyCycle                      0x08002825   Thumb Code     4  radio.o(i.RadioSetRxDutyCycle)
    RadioSetTxConfig                         0x08002829   Thumb Code   354  radio.o(i.RadioSetTxConfig)
    RadioSetTxContinuousWave                 0x0800299d   Thumb Code    40  radio.o(i.RadioSetTxContinuousWave)
    RadioSleep                               0x080029c5   Thumb Code    18  radio.o(i.RadioSleep)
    RadioStandby                             0x080029d7   Thumb Code     6  radio.o(i.RadioStandby)
    RadioStartCad                            0x080029dd   Thumb Code    24  radio.o(i.RadioStartCad)
    RadioTimeOnAir                           0x080029f5   Thumb Code   186  radio.o(i.RadioTimeOnAir)
    RadioWrite                               0x08002ac1   Thumb Code     6  radio.o(i.RadioWrite)
    RadioWriteBuffer                         0x08002ac7   Thumb Code     6  radio.o(i.RadioWriteBuffer)
    SX126xAntSwOff                           0x08002bb9   Thumb Code     2  radio.o(i.SX126xAntSwOff)
    SX126xAntSwOn                            0x08002bbb   Thumb Code     2  radio.o(i.SX126xAntSwOn)
    SX126xCalibrateImage                     0x08002bbd   Thumb Code    96  sx126x.o(i.SX126xCalibrateImage)
    SX126xCheckDeviceReady                   0x08002c31   Thumb Code    32  sx126x.o(i.SX126xCheckDeviceReady)
    SX126xClearIrqStatus                     0x08002c51   Thumb Code    24  sx126x.o(i.SX126xClearIrqStatus)
    SX126xDelayMs                            0x08002c87   Thumb Code     4  sx126xstm32f103-board.o(i.SX126xDelayMs)
    SX126xGetDeviceId                        0x08002c8b   Thumb Code     4  radio.o(i.SX126xGetDeviceId)
    SX126xGetIrqStatus                       0x08002c8f   Thumb Code    20  sx126x.o(i.SX126xGetIrqStatus)
    SX126xGetOperatingMode                   0x08002ca5   Thumb Code     6  radio.o(i.SX126xGetOperatingMode)
    SX126xGetPacketStatus                    0x08002cb1   Thumb Code   108  sx126x.o(i.SX126xGetPacketStatus)
    SX126xGetPacketType                      0x08002d21   Thumb Code     6  sx126x.o(i.SX126xGetPacketType)
    SX126xGetPayload                         0x08002d2d   Thumb Code    46  sx126x.o(i.SX126xGetPayload)
    SX126xGetRandom                          0x08002d5b   Thumb Code    94  sx126x.o(i.SX126xGetRandom)
    SX126xGetRssiInst                        0x08002db9   Thumb Code    24  sx126x.o(i.SX126xGetRssiInst)
    SX126xGetRxBufferStatus                  0x08002dd1   Thumb Code    54  sx126x.o(i.SX126xGetRxBufferStatus)
    SX126xInit                               0x08002e0d   Thumb Code    42  sx126x.o(i.SX126xInit)
    SX126xIoInit                             0x08002e37   Thumb Code     2  sx126xstm32f103-board.o(i.SX126xIoInit)
    SX126xIoIrqInit                          0x08002e39   Thumb Code     6  sx126xstm32f103-board.o(i.SX126xIoIrqInit)
    SX126xIoRfSwitchInit                     0x08002e45   Thumb Code     6  radio.o(i.SX126xIoRfSwitchInit)
    SX126xIoTcxoInit                         0x08002e4b   Thumb Code     2  radio.o(i.SX126xIoTcxoInit)
    SX126xReadBuffer                         0x08002eaf   Thumb Code    72  radio.o(i.SX126xReadBuffer)
    SX126xReadCommand                        0x08002ef7   Thumb Code    70  radio.o(i.SX126xReadCommand)
    SX126xReadRegister                       0x08002f3d   Thumb Code    16  radio.o(i.SX126xReadRegister)
    SX126xReadRegisters                      0x08002f4d   Thumb Code    78  radio.o(i.SX126xReadRegisters)
    SX126xReset                              0x08002f9b   Thumb Code     2  sx126xstm32f103-board.o(i.SX126xReset)
    SX126xRxTimerStart                       0x08002f9d   Thumb Code    14  sx126xstm32f103-board.o(i.SX126xRxTimerStart)
    SX126xRxTimerStop                        0x08002fb5   Thumb Code     8  sx126xstm32f103-board.o(i.SX126xRxTimerStop)
    SX126xSendPayload                        0x08002fc1   Thumb Code    18  sx126x.o(i.SX126xSendPayload)
    SX126xSetBufferBaseAddress               0x08002fd3   Thumb Code    22  sx126x.o(i.SX126xSetBufferBaseAddress)
    SX126xSetCad                             0x08002fe9   Thumb Code    22  sx126x.o(i.SX126xSetCad)
    SX126xSetCrcPolynomial                   0x08003001   Thumb Code    34  sx126x.o(i.SX126xSetCrcPolynomial)
    SX126xSetCrcSeed                         0x08003029   Thumb Code    34  sx126x.o(i.SX126xSetCrcSeed)
    SX126xSetDio2AsRfSwitchCtrl              0x08003051   Thumb Code    14  sx126x.o(i.SX126xSetDio2AsRfSwitchCtrl)
    SX126xSetDioIrqParams                    0x0800305f   Thumb Code    54  sx126x.o(i.SX126xSetDioIrqParams)
    SX126xSetLoRaSymbNumTimeout              0x08003095   Thumb Code    82  sx126x.o(i.SX126xSetLoRaSymbNumTimeout)
    SX126xSetModulationParams                0x080030e9   Thumb Code   132  sx126x.o(i.SX126xSetModulationParams)
    SX126xSetNss                             0x08003175   Thumb Code    20  sx126xstm32f103-board.o(i.SX126xSetNss)
    SX126xSetOperatingMode                   0x0800318d   Thumb Code     6  radio.o(i.SX126xSetOperatingMode)
    SX126xSetPaConfig                        0x08003199   Thumb Code    30  sx126x.o(i.SX126xSetPaConfig)
    SX126xSetPacketParams                    0x080031b9   Thumb Code   192  sx126x.o(i.SX126xSetPacketParams)
    SX126xSetPacketType                      0x0800327d   Thumb Code    22  sx126x.o(i.SX126xSetPacketType)
    SX126xSetPayload                         0x08003299   Thumb Code    10  sx126x.o(i.SX126xSetPayload)
    SX126xSetRegulatorMode                   0x080032a3   Thumb Code    14  sx126x.o(i.SX126xSetRegulatorMode)
    SX126xSetRfFrequency                     0x080032b1   Thumb Code    60  sx126x.o(i.SX126xSetRfFrequency)
    SX126xSetRfTxPower                       0x080032f1   Thumb Code     6  radio.o(i.SX126xSetRfTxPower)
    SX126xSetRx                              0x080032f7   Thumb Code    38  sx126x.o(i.SX126xSetRx)
    SX126xSetRxBoosted                       0x0800331d   Thumb Code    48  sx126x.o(i.SX126xSetRxBoosted)
    SX126xSetRxDutyCycle                     0x0800334d   Thumb Code    52  sx126x.o(i.SX126xSetRxDutyCycle)
    SX126xSetRxTimerValue                    0x08003381   Thumb Code     6  sx126xstm32f103-board.o(i.SX126xSetRxTimerValue)
    SX126xSetSleep                           0x0800338d   Thumb Code    56  sx126x.o(i.SX126xSetSleep)
    SX126xSetStandby                         0x080033c5   Thumb Code    28  sx126x.o(i.SX126xSetStandby)
    SX126xSetStopRxTimerOnPreambleDetect     0x080033e1   Thumb Code    14  sx126x.o(i.SX126xSetStopRxTimerOnPreambleDetect)
    SX126xSetSyncWord                        0x080033ef   Thumb Code    18  sx126x.o(i.SX126xSetSyncWord)
    SX126xSetTx                              0x08003401   Thumb Code    38  sx126x.o(i.SX126xSetTx)
    SX126xSetTxContinuousWave                0x08003427   Thumb Code    22  sx126x.o(i.SX126xSetTxContinuousWave)
    SX126xSetTxParams                        0x0800343d   Thumb Code   126  sx126x.o(i.SX126xSetTxParams)
    SX126xSetTxTimerValue                    0x080034bd   Thumb Code     6  sx126xstm32f103-board.o(i.SX126xSetTxTimerValue)
    SX126xSetWhiteningSeed                   0x080034c9   Thumb Code    52  sx126x.o(i.SX126xSetWhiteningSeed)
    SX126xSpiInOut                           0x08003501   Thumb Code     4  sx126xstm32f103-board.o(i.SX126xSpiInOut)
    SX126xTimerInit                          0x08003505   Thumb Code     2  sx126xstm32f103-board.o(i.SX126xTimerInit)
    SX126xTxTimerStart                       0x08003509   Thumb Code    14  sx126xstm32f103-board.o(i.SX126xTxTimerStart)
    SX126xTxTimerStop                        0x08003521   Thumb Code     8  sx126xstm32f103-board.o(i.SX126xTxTimerStop)
    SX126xWaitOnBusy                         0x0800352d   Thumb Code    50  sx126xstm32f103-board.o(i.SX126xWaitOnBusy)
    SX126xWakeup                             0x08003565   Thumb Code    38  radio.o(i.SX126xWakeup)
    SX126xWriteBuffer                        0x08003591   Thumb Code    64  radio.o(i.SX126xWriteBuffer)
    SX126xWriteCommand                       0x080035d1   Thumb Code    66  radio.o(i.SX126xWriteCommand)
    SX126xWriteRegister                      0x08003613   Thumb Code    12  radio.o(i.SX126xWriteRegister)
    SX126xWriteRegisters                     0x0800361f   Thumb Code    70  radio.o(i.SX126xWriteRegisters)
    StartDefaultTask                         0x08003665   Thumb Code     8  freertos.o(i.StartDefaultTask)
    SysTick_Handler                          0x0800366d   Thumb Code    38  port.o(i.SysTick_Handler)
    SystemClock_Config                       0x08003699   Thumb Code   120  main.o(i.SystemClock_Config)
    SystemInit                               0x08003711   Thumb Code     2  system_stm32f1xx.o(i.SystemInit)
    TIM3_IRQHandler                          0x08003715   Thumb Code     6  stm32f1xx_it.o(i.TIM3_IRQHandler)
    TIM4_IRQHandler                          0x08003721   Thumb Code     6  stm32f1xx_it.o(i.TIM4_IRQHandler)
    TIM_Base_SetConfig                       0x0800372d   Thumb Code   108  stm32f1xx_hal_tim.o(i.TIM_Base_SetConfig)
    TIM_ETR_SetConfig                        0x080037a5   Thumb Code    20  stm32f1xx_hal_tim.o(i.TIM_ETR_SetConfig)
    UsageFault_Handler                       0x0800380f   Thumb Code     2  stm32f1xx_it.o(i.UsageFault_Handler)
    dio_EXTI                                 0x08003831   Thumb Code    14  sx126xstm32f103-board.o(i.dio_EXTI)
    initKeyScan                              0x08003845   Thumb Code    46  processstate.o(i.initKeyScan)
    isKeyPressed                             0x0800387d   Thumb Code    24  processstate.o(i.isKeyPressed)
    isTWPressed                              0x08003899   Thumb Code    30  processstate.o(i.isTWPressed)
    main                                     0x080038bd   Thumb Code    48  main.o(i.main)
    osDelay                                  0x080038fd   Thumb Code    14  cmsis_os.o(i.osDelay)
    osKernelStart                            0x0800390b   Thumb Code    10  cmsis_os.o(i.osKernelStart)
    osThreadCreate                           0x08003915   Thumb Code    84  cmsis_os.o(i.osThreadCreate)
    pvPortMalloc                             0x08003e01   Thumb Code   216  heap_4.o(i.pvPortMalloc)
    pxPortInitialiseStack                    0x08003edd   Thumb Code    32  port.o(i.pxPortInitialiseStack)
    scanMatrixKeys                           0x08003f01   Thumb Code   258  processstate.o(i.scanMatrixKeys)
    scanTWInputs                             0x08004011   Thumb Code   166  processstate.o(i.scanTWInputs)
    startTask                                0x080040c5   Thumb Code    72  freertos.o(i.startTask)
    updateStateTask                          0x08004149   Thumb Code   602  processstate.o(i.updateStateTask)
    uxListRemove                             0x080043c5   Thumb Code    38  list.o(i.uxListRemove)
    uxTaskGetStackHighWaterMark              0x080043ed   Thumb Code    28  tasks.o(i.uxTaskGetStackHighWaterMark)
    vApplicationGetIdleTaskMemory            0x0800440d   Thumb Code    16  freertos.o(i.vApplicationGetIdleTaskMemory)
    vListInitialise                          0x08004421   Thumb Code    22  list.o(i.vListInitialise)
    vListInitialiseItem                      0x08004437   Thumb Code     6  list.o(i.vListInitialiseItem)
    vListInsert                              0x0800443d   Thumb Code    48  list.o(i.vListInsert)
    vListInsertEnd                           0x0800446d   Thumb Code    24  list.o(i.vListInsertEnd)
    vPortEnterCritical                       0x08004485   Thumb Code    54  port.o(i.vPortEnterCritical)
    vPortExitCritical                        0x080044c5   Thumb Code    34  port.o(i.vPortExitCritical)
    vPortFree                                0x080044ed   Thumb Code    94  heap_4.o(i.vPortFree)
    vPortGetHeapStats                        0x08004551   Thumb Code   102  heap_4.o(i.vPortGetHeapStats)
    vPortSetupTimerInterrupt                 0x080045bd   Thumb Code    32  port.o(i.vPortSetupTimerInterrupt)
    vTaskDelay                               0x080045e1   Thumb Code    66  tasks.o(i.vTaskDelay)
    vTaskDelayUntil                          0x0800462d   Thumb Code   132  tasks.o(i.vTaskDelayUntil)
    vTaskDelete                              0x080046b9   Thumb Code   158  tasks.o(i.vTaskDelete)
    vTaskInternalSetTimeOutState             0x08004765   Thumb Code    12  tasks.o(i.vTaskInternalSetTimeOutState)
    vTaskMissedYield                         0x08004775   Thumb Code     8  tasks.o(i.vTaskMissedYield)
    vTaskPlaceOnEventList                    0x08004781   Thumb Code    44  tasks.o(i.vTaskPlaceOnEventList)
    vTaskStartScheduler                      0x080047b1   Thumb Code    90  tasks.o(i.vTaskStartScheduler)
    vTaskSuspendAll                          0x0800481d   Thumb Code    10  tasks.o(i.vTaskSuspendAll)
    vTaskSwitchContext                       0x0800482d   Thumb Code    82  tasks.o(i.vTaskSwitchContext)
    wirelessTask                             0x08004889   Thumb Code   188  sx126x_example_recive.o(i.wirelessTask)
    wirelessTxTask                           0x0800496d   Thumb Code   406  wireless.o(i.wirelessTxTask)
    xPortStartScheduler                      0x08004b11   Thumb Code   154  port.o(i.xPortStartScheduler)
    xQueueGenericCreate                      0x08004bb9   Thumb Code    66  queue.o(i.xQueueGenericCreate)
    xQueueGenericReset                       0x08004bfd   Thumb Code   132  queue.o(i.xQueueGenericReset)
    xQueueGenericSend                        0x08004c85   Thumb Code   346  queue.o(i.xQueueGenericSend)
    xQueueReceive                            0x08004de5   Thumb Code   308  queue.o(i.xQueueReceive)
    xTaskCheckForTimeOut                     0x08004f1d   Thumb Code   112  tasks.o(i.xTaskCheckForTimeOut)
    xTaskCreate                              0x08004f91   Thumb Code    90  tasks.o(i.xTaskCreate)
    xTaskCreateStatic                        0x08004feb   Thumb Code    86  tasks.o(i.xTaskCreateStatic)
    xTaskGetSchedulerState                   0x08005041   Thumb Code    22  tasks.o(i.xTaskGetSchedulerState)
    xTaskGetTickCount                        0x0800505d   Thumb Code     6  tasks.o(i.xTaskGetTickCount)
    xTaskIncrementTick                       0x08005069   Thumb Code   194  tasks.o(i.xTaskIncrementTick)
    xTaskPriorityDisinherit                  0x08005135   Thumb Code   144  tasks.o(i.xTaskPriorityDisinherit)
    xTaskRemoveFromEventList                 0x080051cd   Thumb Code   108  tasks.o(i.xTaskRemoveFromEventList)
    xTaskResumeAll                           0x08005241   Thumb Code   182  tasks.o(i.xTaskResumeAll)
    AHBPrescTable                            0x08005360   Data          16  system_stm32f1xx.o(.constdata)
    APBPrescTable                            0x08005370   Data           8  system_stm32f1xx.o(.constdata)
    Radio                                    0x08005378   Data         108  radio.o(.constdata)
    Bandwidths                               0x080053e4   Data           3  radio.o(.constdata)
    FskBandwidths                            0x080053e8   Data         176  radio.o(.constdata)
    Region$$Table$$Base                      0x080054b0   Number         0  anon$$obj.o(Region$$Table)
    Region$$Table$$Limit                     0x080054d0   Number         0  anon$$obj.o(Region$$Table)
    rcctrlDataQueue                          0x20000000   Data           4  freertos.o(.data)
    controlcommandDataQueue                  0x20000004   Data           4  freertos.o(.data)
    rccontrolDataQueue                       0x20000008   Data           4  freertos.o(.data)
    defaultTaskHandle                        0x2000000c   Data           4  freertos.o(.data)
    START_TASKHandle                         0x20000010   Data           4  freertos.o(.data)
    uwTickFreq                               0x20000014   Data           1  stm32f1xx_hal.o(.data)
    uwTickPrio                               0x20000018   Data           4  stm32f1xx_hal.o(.data)
    uwTick                                   0x2000001c   Data           4  stm32f1xx_hal.o(.data)
    SystemCoreClock                          0x20000020   Data           4  system_stm32f1xx.o(.data)
    pxCurrentTCB                             0x20000024   Data           4  tasks.o(.data)
    MaxPayloadLength                         0x2000008c   Data           1  radio.o(.data)
    RxContinuous                             0x2000008d   Data           1  radio.o(.data)
    IrqFired                                 0x2000008e   Data           1  radio.o(.data)
    TxTimeout                                0x20000094   Data           4  radio.o(.data)
    RxTimeout                                0x20000098   Data           4  radio.o(.data)
    FrequencyError                           0x200000a4   Data           4  sx126x.o(.data)
    sendflag                                 0x200000a8   Data           1  sx126x_example_recive.o(.data)
    RC_THR_MAP                               0x200000c4   Data           8  processstate.o(.data)
    RC_YAW_MAP                               0x200000cc   Data           8  processstate.o(.data)
    RC_ROL_MAP                               0x200000d4   Data           8  processstate.o(.data)
    RC_PIT_MAP                               0x200000dc   Data           8  processstate.o(.data)
    hadc1                                    0x20000348   Data          48  adc.o(.bss)
    hdma_adc1                                0x20000378   Data          68  adc.o(.bss)
    hspi1                                    0x200003bc   Data          88  spi.o(.bss)
    htim4                                    0x20000414   Data          72  tim.o(.bss)
    htim3                                    0x2000045c   Data          72  stm32f1xx_hal_timebase_tim.o(.bss)
    RadioPktStatus                           0x20002594   Data          20  radio.o(.bss)
    RadioRxPayload                           0x200025a8   Data         255  radio.o(.bss)
    SX126x                                   0x200026a8   Data          60  radio.o(.bss)
    sendbuff                                 0x200026e4   Data          32  sx126x_example_recive.o(.bss)
    __libspace_start                         0x20002788   Data          96  libspace.o(.bss)
    __temporary_stack_top$libspace           0x200027e8   Data           0  libspace.o(.bss)



==============================================================================

Memory Map of the image

  Image Entry point : 0x080000ed

  Load Region LR_IROM1 (Base: 0x08000000, Size: 0x000055c4, Max: 0x00010000, ABSOLUTE)

    Execution Region ER_IROM1 (Exec base: 0x08000000, Load base: 0x08000000, Size: 0x000054d0, Max: 0x00010000, ABSOLUTE)

    Exec Addr    Load Addr    Size         Type   Attr      Idx    E Section Name        Object

    0x08000000   0x08000000   0x000000ec   Data   RO            3    RESET               startup_stm32f103xb.o
    0x080000ec   0x080000ec   0x00000008   Code   RO         5840  * !!!main             c_w.l(__main.o)
    0x080000f4   0x080000f4   0x00000034   Code   RO         5997    !!!scatter          c_w.l(__scatter.o)
    0x08000128   0x08000128   0x0000001a   Code   RO         5999    !!handler_copy      c_w.l(__scatter_copy.o)
    0x08000142   0x08000142   0x00000002   PAD
    0x08000144   0x08000144   0x0000001c   Code   RO         6001    !!handler_zi        c_w.l(__scatter_zi.o)
    0x08000160   0x08000160   0x00000002   Code   RO         5867    .ARM.Collect$$libinit$$00000000  c_w.l(libinit.o)
    0x08000162   0x08000162   0x00000000   Code   RO         5874    .ARM.Collect$$libinit$$00000002  c_w.l(libinit2.o)
    0x08000162   0x08000162   0x00000000   Code   RO         5876    .ARM.Collect$$libinit$$00000004  c_w.l(libinit2.o)
    0x08000162   0x08000162   0x00000000   Code   RO         5879    .ARM.Collect$$libinit$$0000000A  c_w.l(libinit2.o)
    0x08000162   0x08000162   0x00000000   Code   RO         5881    .ARM.Collect$$libinit$$0000000C  c_w.l(libinit2.o)
    0x08000162   0x08000162   0x00000000   Code   RO         5883    .ARM.Collect$$libinit$$0000000E  c_w.l(libinit2.o)
    0x08000162   0x08000162   0x00000000   Code   RO         5886    .ARM.Collect$$libinit$$00000011  c_w.l(libinit2.o)
    0x08000162   0x08000162   0x00000000   Code   RO         5888    .ARM.Collect$$libinit$$00000013  c_w.l(libinit2.o)
    0x08000162   0x08000162   0x00000000   Code   RO         5890    .ARM.Collect$$libinit$$00000015  c_w.l(libinit2.o)
    0x08000162   0x08000162   0x00000000   Code   RO         5892    .ARM.Collect$$libinit$$00000017  c_w.l(libinit2.o)
    0x08000162   0x08000162   0x00000000   Code   RO         5894    .ARM.Collect$$libinit$$00000019  c_w.l(libinit2.o)
    0x08000162   0x08000162   0x00000000   Code   RO         5896    .ARM.Collect$$libinit$$0000001B  c_w.l(libinit2.o)
    0x08000162   0x08000162   0x00000000   Code   RO         5898    .ARM.Collect$$libinit$$0000001D  c_w.l(libinit2.o)
    0x08000162   0x08000162   0x00000000   Code   RO         5900    .ARM.Collect$$libinit$$0000001F  c_w.l(libinit2.o)
    0x08000162   0x08000162   0x00000000   Code   RO         5902    .ARM.Collect$$libinit$$00000021  c_w.l(libinit2.o)
    0x08000162   0x08000162   0x00000000   Code   RO         5904    .ARM.Collect$$libinit$$00000023  c_w.l(libinit2.o)
    0x08000162   0x08000162   0x00000000   Code   RO         5906    .ARM.Collect$$libinit$$00000025  c_w.l(libinit2.o)
    0x08000162   0x08000162   0x00000000   Code   RO         5910    .ARM.Collect$$libinit$$0000002C  c_w.l(libinit2.o)
    0x08000162   0x08000162   0x00000000   Code   RO         5912    .ARM.Collect$$libinit$$0000002E  c_w.l(libinit2.o)
    0x08000162   0x08000162   0x00000000   Code   RO         5914    .ARM.Collect$$libinit$$00000030  c_w.l(libinit2.o)
    0x08000162   0x08000162   0x00000000   Code   RO         5916    .ARM.Collect$$libinit$$00000032  c_w.l(libinit2.o)
    0x08000162   0x08000162   0x00000002   Code   RO         5917    .ARM.Collect$$libinit$$00000033  c_w.l(libinit2.o)
    0x08000164   0x08000164   0x00000002   Code   RO         5937    .ARM.Collect$$libshutdown$$00000000  c_w.l(libshutdown.o)
    0x08000166   0x08000166   0x00000000   Code   RO         5950    .ARM.Collect$$libshutdown$$00000002  c_w.l(libshutdown2.o)
    0x08000166   0x08000166   0x00000000   Code   RO         5952    .ARM.Collect$$libshutdown$$00000004  c_w.l(libshutdown2.o)
    0x08000166   0x08000166   0x00000000   Code   RO         5955    .ARM.Collect$$libshutdown$$00000007  c_w.l(libshutdown2.o)
    0x08000166   0x08000166   0x00000000   Code   RO         5958    .ARM.Collect$$libshutdown$$0000000A  c_w.l(libshutdown2.o)
    0x08000166   0x08000166   0x00000000   Code   RO         5960    .ARM.Collect$$libshutdown$$0000000C  c_w.l(libshutdown2.o)
    0x08000166   0x08000166   0x00000000   Code   RO         5963    .ARM.Collect$$libshutdown$$0000000F  c_w.l(libshutdown2.o)
    0x08000166   0x08000166   0x00000002   Code   RO         5964    .ARM.Collect$$libshutdown$$00000010  c_w.l(libshutdown2.o)
    0x08000168   0x08000168   0x00000000   Code   RO         5842    .ARM.Collect$$rtentry$$00000000  c_w.l(__rtentry.o)
    0x08000168   0x08000168   0x00000000   Code   RO         5844    .ARM.Collect$$rtentry$$00000002  c_w.l(__rtentry2.o)
    0x08000168   0x08000168   0x00000006   Code   RO         5856    .ARM.Collect$$rtentry$$00000004  c_w.l(__rtentry4.o)
    0x0800016e   0x0800016e   0x00000000   Code   RO         5846    .ARM.Collect$$rtentry$$00000009  c_w.l(__rtentry2.o)
    0x0800016e   0x0800016e   0x00000004   Code   RO         5847    .ARM.Collect$$rtentry$$0000000A  c_w.l(__rtentry2.o)
    0x08000172   0x08000172   0x00000000   Code   RO         5849    .ARM.Collect$$rtentry$$0000000C  c_w.l(__rtentry2.o)
    0x08000172   0x08000172   0x00000008   Code   RO         5850    .ARM.Collect$$rtentry$$0000000D  c_w.l(__rtentry2.o)
    0x0800017a   0x0800017a   0x00000002   Code   RO         5871    .ARM.Collect$$rtexit$$00000000  c_w.l(rtexit.o)
    0x0800017c   0x0800017c   0x00000000   Code   RO         5919    .ARM.Collect$$rtexit$$00000002  c_w.l(rtexit2.o)
    0x0800017c   0x0800017c   0x00000004   Code   RO         5920    .ARM.Collect$$rtexit$$00000003  c_w.l(rtexit2.o)
    0x08000180   0x08000180   0x00000006   Code   RO         5921    .ARM.Collect$$rtexit$$00000004  c_w.l(rtexit2.o)
    0x08000186   0x08000186   0x00000002   PAD
    0x08000188   0x08000188   0x00000096   Code   RO         4503    .emb_text           port.o
    0x0800021e   0x0800021e   0x00000002   PAD
    0x08000220   0x08000220   0x00000040   Code   RO            4    .text               startup_stm32f103xb.o
    0x08000260   0x08000260   0x0000008a   Code   RO         5826    .text               c_w.l(rt_memcpy_v6.o)
    0x080002ea   0x080002ea   0x00000064   Code   RO         5828    .text               c_w.l(rt_memcpy_w.o)
    0x0800034e   0x0800034e   0x00000010   Code   RO         5832    .text               c_w.l(aeabi_memset.o)
    0x0800035e   0x0800035e   0x00000044   Code   RO         5834    .text               c_w.l(rt_memclr.o)
    0x080003a2   0x080003a2   0x0000004e   Code   RO         5836    .text               c_w.l(rt_memclr_w.o)
    0x080003f0   0x080003f0   0x00000006   Code   RO         5838    .text               c_w.l(heapauxi.o)
    0x080003f6   0x080003f6   0x0000004a   Code   RO         5858    .text               c_w.l(sys_stackheap_outer.o)
    0x08000440   0x08000440   0x00000012   Code   RO         5860    .text               c_w.l(exit.o)
    0x08000452   0x08000452   0x00000002   PAD
    0x08000454   0x08000454   0x00000008   Code   RO         5868    .text               c_w.l(libspace.o)
    0x0800045c   0x0800045c   0x0000000c   Code   RO         5929    .text               c_w.l(sys_exit.o)
    0x08000468   0x08000468   0x00000002   Code   RO         5940    .text               c_w.l(use_no_semi.o)
    0x0800046a   0x0800046a   0x00000000   Code   RO         5942    .text               c_w.l(indicate_semi.o)
    0x0800046a   0x0800046a   0x00000002   PAD
    0x0800046c   0x0800046c   0x00000056   Code   RO         1637    i.ADC_ConversionStop_Disable  stm32f1xx_hal_adc.o
    0x080004c2   0x080004c2   0x0000004e   Code   RO         1638    i.ADC_DMAConvCplt   stm32f1xx_hal_adc.o
    0x08000510   0x08000510   0x0000001a   Code   RO         1639    i.ADC_DMAError      stm32f1xx_hal_adc.o
    0x0800052a   0x0800052a   0x0000000a   Code   RO         1640    i.ADC_DMAHalfConvCplt  stm32f1xx_hal_adc.o
    0x08000534   0x08000534   0x0000007c   Code   RO         1641    i.ADC_Enable        stm32f1xx_hal_adc.o
    0x080005b0   0x080005b0   0x00000028   Code   RO         5429    i.ADC_Filter        processstate.o
    0x080005d8   0x080005d8   0x00000002   Code   RO          483    i.BusFault_Handler  stm32f1xx_it.o
    0x080005da   0x080005da   0x00000002   PAD
    0x080005dc   0x080005dc   0x0000000c   Code   RO          484    i.DMA1_Channel1_IRQHandler  stm32f1xx_it.o
    0x080005e8   0x080005e8   0x0000002a   Code   RO         2293    i.DMA_SetConfig     stm32f1xx_hal_dma.o
    0x08000612   0x08000612   0x00000002   Code   RO          485    i.DebugMon_Handler  stm32f1xx_it.o
    0x08000614   0x08000614   0x00000008   Code   RO          486    i.EXTI9_5_IRQHandler  stm32f1xx_it.o
    0x0800061c   0x0800061c   0x00000004   Code   RO           13    i.Error_Handler     main.o
    0x08000620   0x08000620   0x0000004c   Code   RO         5430    i.Flash_ErasePage   processstate.o
    0x0800066c   0x0800066c   0x00000010   Code   RO         5431    i.Flash_Lock        processstate.o
    0x0800067c   0x0800067c   0x00000018   Code   RO         5432    i.Flash_Unlock      processstate.o
    0x08000694   0x08000694   0x00000044   Code   RO         5433    i.Flash_WriteHalfWord  processstate.o
    0x080006d8   0x080006d8   0x0000002c   Code   RO          387    i.HALSpi1InOut      spi.o
    0x08000704   0x08000704   0x000000d8   Code   RO         1817    i.HAL_ADCEx_Calibration_Start  stm32f1xx_hal_adc_ex.o
    0x080007dc   0x080007dc   0x000000fc   Code   RO         1643    i.HAL_ADC_ConfigChannel  stm32f1xx_hal_adc.o
    0x080008d8   0x080008d8   0x00000002   Code   RO         1644    i.HAL_ADC_ConvCpltCallback  stm32f1xx_hal_adc.o
    0x080008da   0x080008da   0x00000002   Code   RO         1645    i.HAL_ADC_ConvHalfCpltCallback  stm32f1xx_hal_adc.o
    0x080008dc   0x080008dc   0x00000002   Code   RO         1647    i.HAL_ADC_ErrorCallback  stm32f1xx_hal_adc.o
    0x080008de   0x080008de   0x00000002   PAD
    0x080008e0   0x080008e0   0x0000011c   Code   RO         1652    i.HAL_ADC_Init      stm32f1xx_hal_adc.o
    0x080009fc   0x080009fc   0x00000090   Code   RO          322    i.HAL_ADC_MspInit   adc.o
    0x08000a8c   0x08000a8c   0x0000010c   Code   RO         1659    i.HAL_ADC_Start_DMA  stm32f1xx_hal_adc.o
    0x08000b98   0x08000b98   0x00000154   Code   RO         2299    i.HAL_DMA_IRQHandler  stm32f1xx_hal_dma.o
    0x08000cec   0x08000cec   0x0000005c   Code   RO         2300    i.HAL_DMA_Init      stm32f1xx_hal_dma.o
    0x08000d48   0x08000d48   0x00000070   Code   RO         2304    i.HAL_DMA_Start_IT  stm32f1xx_hal_dma.o
    0x08000db8   0x08000db8   0x0000000c   Code   RO          232    i.HAL_GPIO_EXTI_Callback  gpio.o
    0x08000dc4   0x08000dc4   0x00000018   Code   RO         2229    i.HAL_GPIO_EXTI_IRQHandler  stm32f1xx_hal_gpio.o
    0x08000ddc   0x08000ddc   0x000001e0   Code   RO         2230    i.HAL_GPIO_Init     stm32f1xx_hal_gpio.o
    0x08000fbc   0x08000fbc   0x0000000a   Code   RO         2232    i.HAL_GPIO_ReadPin  stm32f1xx_hal_gpio.o
    0x08000fc6   0x08000fc6   0x0000000a   Code   RO         2234    i.HAL_GPIO_WritePin  stm32f1xx_hal_gpio.o
    0x08000fd0   0x08000fd0   0x0000000c   Code   RO         1924    i.HAL_GetTick       stm32f1xx_hal.o
    0x08000fdc   0x08000fdc   0x00000010   Code   RO         1930    i.HAL_IncTick       stm32f1xx_hal.o
    0x08000fec   0x08000fec   0x00000024   Code   RO         1931    i.HAL_Init          stm32f1xx_hal.o
    0x08001010   0x08001010   0x00000098   Code   RO          589    i.HAL_InitTick      stm32f1xx_hal_timebase_tim.o
    0x080010a8   0x080010a8   0x00000048   Code   RO          565    i.HAL_MspInit       stm32f1xx_hal_msp.o
    0x080010f0   0x080010f0   0x0000001a   Code   RO         2390    i.HAL_NVIC_EnableIRQ  stm32f1xx_hal_cortex.o
    0x0800110a   0x0800110a   0x00000002   PAD
    0x0800110c   0x0800110c   0x00000040   Code   RO         2396    i.HAL_NVIC_SetPriority  stm32f1xx_hal_cortex.o
    0x0800114c   0x0800114c   0x00000024   Code   RO         2397    i.HAL_NVIC_SetPriorityGrouping  stm32f1xx_hal_cortex.o
    0x08001170   0x08001170   0x000000a4   Code   RO         2191    i.HAL_RCCEx_GetPeriphCLKFreq  stm32f1xx_hal_rcc_ex.o
    0x08001214   0x08001214   0x000000ec   Code   RO         2192    i.HAL_RCCEx_PeriphCLKConfig  stm32f1xx_hal_rcc_ex.o
    0x08001300   0x08001300   0x0000012c   Code   RO         2088    i.HAL_RCC_ClockConfig  stm32f1xx_hal_rcc.o
    0x0800142c   0x0800142c   0x00000040   Code   RO         2092    i.HAL_RCC_GetClockConfig  stm32f1xx_hal_rcc.o
    0x0800146c   0x0800146c   0x00000020   Code   RO         2095    i.HAL_RCC_GetPCLK1Freq  stm32f1xx_hal_rcc.o
    0x0800148c   0x0800148c   0x00000020   Code   RO         2096    i.HAL_RCC_GetPCLK2Freq  stm32f1xx_hal_rcc.o
    0x080014ac   0x080014ac   0x0000004c   Code   RO         2097    i.HAL_RCC_GetSysClockFreq  stm32f1xx_hal_rcc.o
    0x080014f8   0x080014f8   0x00000320   Code   RO         2100    i.HAL_RCC_OscConfig  stm32f1xx_hal_rcc.o
    0x08001818   0x08001818   0x000000b2   Code   RO         2901    i.HAL_SPI_Init      stm32f1xx_hal_spi.o
    0x080018ca   0x080018ca   0x00000002   PAD
    0x080018cc   0x080018cc   0x00000070   Code   RO          389    i.HAL_SPI_MspInit   spi.o
    0x0800193c   0x0800193c   0x000001f0   Code   RO         2910    i.HAL_SPI_TransmitReceive  stm32f1xx_hal_spi.o
    0x08001b2c   0x08001b2c   0x00000002   Code   RO         1370    i.HAL_TIMEx_BreakCallback  stm32f1xx_hal_tim_ex.o
    0x08001b2e   0x08001b2e   0x00000002   Code   RO         1371    i.HAL_TIMEx_CommutCallback  stm32f1xx_hal_tim_ex.o
    0x08001b30   0x08001b30   0x00000068   Code   RO         1389    i.HAL_TIMEx_MasterConfigSynchronization  stm32f1xx_hal_tim_ex.o
    0x08001b98   0x08001b98   0x0000005a   Code   RO          666    i.HAL_TIM_Base_Init  stm32f1xx_hal_tim.o
    0x08001bf2   0x08001bf2   0x00000002   PAD
    0x08001bf4   0x08001bf4   0x0000003c   Code   RO          442    i.HAL_TIM_Base_MspInit  tim.o
    0x08001c30   0x08001c30   0x00000058   Code   RO          671    i.HAL_TIM_Base_Start_IT  stm32f1xx_hal_tim.o
    0x08001c88   0x08001c88   0x000000dc   Code   RO          675    i.HAL_TIM_ConfigClockSource  stm32f1xx_hal_tim.o
    0x08001d64   0x08001d64   0x00000002   Code   RO          700    i.HAL_TIM_IC_CaptureCallback  stm32f1xx_hal_tim.o
    0x08001d66   0x08001d66   0x00000130   Code   RO          714    i.HAL_TIM_IRQHandler  stm32f1xx_hal_tim.o
    0x08001e96   0x08001e96   0x00000002   Code   RO          717    i.HAL_TIM_OC_DelayElapsedCallback  stm32f1xx_hal_tim.o
    0x08001e98   0x08001e98   0x00000002   Code   RO          744    i.HAL_TIM_PWM_PulseFinishedCallback  stm32f1xx_hal_tim.o
    0x08001e9a   0x08001e9a   0x00000002   PAD
    0x08001e9c   0x08001e9c   0x00000014   Code   RO           14    i.HAL_TIM_PeriodElapsedCallback  main.o
    0x08001eb0   0x08001eb0   0x00000002   Code   RO          757    i.HAL_TIM_TriggerCallback  stm32f1xx_hal_tim.o
    0x08001eb2   0x08001eb2   0x00000002   Code   RO          487    i.HardFault_Handler  stm32f1xx_it.o
    0x08001eb4   0x08001eb4   0x0000008c   Code   RO          323    i.MX_ADC1_Init      adc.o
    0x08001f40   0x08001f40   0x0000002c   Code   RO          363    i.MX_DMA_Init       dma.o
    0x08001f6c   0x08001f6c   0x00000060   Code   RO          262    i.MX_FREERTOS_Init  freertos.o
    0x08001fcc   0x08001fcc   0x00000134   Code   RO          233    i.MX_GPIO_Init      gpio.o
    0x08002100   0x08002100   0x00000048   Code   RO          390    i.MX_SPI1_Init      spi.o
    0x08002148   0x08002148   0x0000006c   Code   RO          443    i.MX_TIM4_Init      tim.o
    0x080021b4   0x080021b4   0x00000002   Code   RO          488    i.MemManage_Handler  stm32f1xx_it.o
    0x080021b6   0x080021b6   0x00000002   Code   RO          489    i.NMI_Handler       stm32f1xx_it.o
    0x080021b8   0x080021b8   0x00000044   Code   RO         5435    i.QuadTrim_StoreToFlash  processstate.o
    0x080021fc   0x080021fc   0x00000032   Code   RO         5436    i.RC_Map            processstate.o
    0x0800222e   0x0800222e   0x00000004   Code   RO         4631    i.RadioCheckRfFrequency  radio.o
    0x08002232   0x08002232   0x00000002   PAD
    0x08002234   0x08002234   0x00000034   Code   RO         4632    i.RadioGetFskBandwidthRegValue  radio.o
    0x08002268   0x08002268   0x0000007a   Code   RO         4633    i.RadioGetLoRaTimeOnAirNumerator  radio.o
    0x080022e2   0x080022e2   0x00000002   PAD
    0x080022e4   0x080022e4   0x00000024   Code   RO         4634    i.RadioGetStatus    radio.o
    0x08002308   0x08002308   0x00000004   Code   RO         4635    i.RadioGetWakeupTime  radio.o
    0x0800230c   0x0800230c   0x0000004c   Code   RO         4636    i.RadioInit         radio.o
    0x08002358   0x08002358   0x00000120   Code   RO         4637    i.RadioIrqProcess   radio.o
    0x08002478   0x08002478   0x00000078   Code   RO         4638    i.RadioIsChannelFree  radio.o
    0x080024f0   0x080024f0   0x0000000c   Code   RO         4639    i.RadioOnDioIrq     radio.o
    0x080024fc   0x080024fc   0x0000001c   Code   RO         4642    i.RadioRandom       radio.o
    0x08002518   0x08002518   0x00000006   Code   RO         4643    i.RadioRead         radio.o
    0x0800251e   0x0800251e   0x00000006   Code   RO         4644    i.RadioReadBuffer   radio.o
    0x08002524   0x08002524   0x00000004   Code   RO         4645    i.RadioRssi         radio.o
    0x08002528   0x08002528   0x0000003c   Code   RO         4646    i.RadioRx           radio.o
    0x08002564   0x08002564   0x0000003c   Code   RO         4647    i.RadioRxBoosted    radio.o
    0x080025a0   0x080025a0   0x00000050   Code   RO         4648    i.RadioSend         radio.o
    0x080025f0   0x080025f0   0x00000004   Code   RO         4649    i.RadioSetChannel   radio.o
    0x080025f4   0x080025f4   0x00000028   Code   RO         4650    i.RadioSetMaxPayloadLength  radio.o
    0x0800261c   0x0800261c   0x00000030   Code   RO         4651    i.RadioSetModem     radio.o
    0x0800264c   0x0800264c   0x00000038   Code   RO         4652    i.RadioSetPublicNetwork  radio.o
    0x08002684   0x08002684   0x000001a0   Code   RO         4653    i.RadioSetRxConfig  radio.o
    0x08002824   0x08002824   0x00000004   Code   RO         4654    i.RadioSetRxDutyCycle  radio.o
    0x08002828   0x08002828   0x00000174   Code   RO         4655    i.RadioSetTxConfig  radio.o
    0x0800299c   0x0800299c   0x00000028   Code   RO         4656    i.RadioSetTxContinuousWave  radio.o
    0x080029c4   0x080029c4   0x00000012   Code   RO         4657    i.RadioSleep        radio.o
    0x080029d6   0x080029d6   0x00000006   Code   RO         4658    i.RadioStandby      radio.o
    0x080029dc   0x080029dc   0x00000018   Code   RO         4659    i.RadioStartCad     radio.o
    0x080029f4   0x080029f4   0x000000cc   Code   RO         4660    i.RadioTimeOnAir    radio.o
    0x08002ac0   0x08002ac0   0x00000006   Code   RO         4661    i.RadioWrite        radio.o
    0x08002ac6   0x08002ac6   0x00000006   Code   RO         4662    i.RadioWriteBuffer  radio.o
    0x08002acc   0x08002acc   0x00000034   Code   RO         2939    i.SPI_EndRxTxTransaction  stm32f1xx_hal_spi.o
    0x08002b00   0x08002b00   0x000000b8   Code   RO         2944    i.SPI_WaitFlagStateUntilTimeout  stm32f1xx_hal_spi.o
    0x08002bb8   0x08002bb8   0x00000002   Code   RO         4663    i.SX126xAntSwOff    radio.o
    0x08002bba   0x08002bba   0x00000002   Code   RO         4664    i.SX126xAntSwOn     radio.o
    0x08002bbc   0x08002bbc   0x00000074   Code   RO         4950    i.SX126xCalibrateImage  sx126x.o
    0x08002c30   0x08002c30   0x00000020   Code   RO         4951    i.SX126xCheckDeviceReady  sx126x.o
    0x08002c50   0x08002c50   0x00000018   Code   RO         4953    i.SX126xClearIrqStatus  sx126x.o
    0x08002c68   0x08002c68   0x0000001e   Code   RO         4954    i.SX126xConvertFreqInHzToPllStep  sx126x.o
    0x08002c86   0x08002c86   0x00000004   Code   RO         5299    i.SX126xDelayMs     sx126xstm32f103-board.o
    0x08002c8a   0x08002c8a   0x00000004   Code   RO         4666    i.SX126xGetDeviceId  radio.o
    0x08002c8e   0x08002c8e   0x00000014   Code   RO         4956    i.SX126xGetIrqStatus  sx126x.o
    0x08002ca2   0x08002ca2   0x00000002   PAD
    0x08002ca4   0x08002ca4   0x0000000c   Code   RO         4667    i.SX126xGetOperatingMode  radio.o
    0x08002cb0   0x08002cb0   0x00000070   Code   RO         4957    i.SX126xGetPacketStatus  sx126x.o
    0x08002d20   0x08002d20   0x0000000c   Code   RO         4958    i.SX126xGetPacketType  sx126x.o
    0x08002d2c   0x08002d2c   0x0000002e   Code   RO         4959    i.SX126xGetPayload  sx126x.o
    0x08002d5a   0x08002d5a   0x0000005e   Code   RO         4960    i.SX126xGetRandom   sx126x.o
    0x08002db8   0x08002db8   0x00000018   Code   RO         4961    i.SX126xGetRssiInst  sx126x.o
    0x08002dd0   0x08002dd0   0x0000003c   Code   RO         4962    i.SX126xGetRxBufferStatus  sx126x.o
    0x08002e0c   0x08002e0c   0x0000002a   Code   RO         4964    i.SX126xInit        sx126x.o
    0x08002e36   0x08002e36   0x00000002   Code   RO         5301    i.SX126xIoInit      sx126xstm32f103-board.o
    0x08002e38   0x08002e38   0x0000000c   Code   RO         5302    i.SX126xIoIrqInit   sx126xstm32f103-board.o
    0x08002e44   0x08002e44   0x00000006   Code   RO         4668    i.SX126xIoRfSwitchInit  radio.o
    0x08002e4a   0x08002e4a   0x00000002   Code   RO         4669    i.SX126xIoTcxoInit  radio.o
    0x08002e4c   0x08002e4c   0x00000018   Code   RO         5238    i.SX126xOnRxDone    sx126x_example_recive.o
    0x08002e64   0x08002e64   0x00000018   Code   RO         5239    i.SX126xOnRxError   sx126x_example_recive.o
    0x08002e7c   0x08002e7c   0x00000018   Code   RO         5240    i.SX126xOnRxTimeout  sx126x_example_recive.o
    0x08002e94   0x08002e94   0x00000018   Code   RO         5241    i.SX126xOnTxDone    sx126x_example_recive.o
    0x08002eac   0x08002eac   0x00000002   Code   RO         5242    i.SX126xOnTxTimeout  sx126x_example_recive.o
    0x08002eae   0x08002eae   0x00000048   Code   RO         4670    i.SX126xReadBuffer  radio.o
    0x08002ef6   0x08002ef6   0x00000046   Code   RO         4671    i.SX126xReadCommand  radio.o
    0x08002f3c   0x08002f3c   0x00000010   Code   RO         4672    i.SX126xReadRegister  radio.o
    0x08002f4c   0x08002f4c   0x0000004e   Code   RO         4673    i.SX126xReadRegisters  radio.o
    0x08002f9a   0x08002f9a   0x00000002   Code   RO         5303    i.SX126xReset       sx126xstm32f103-board.o
    0x08002f9c   0x08002f9c   0x00000018   Code   RO         5304    i.SX126xRxTimerStart  sx126xstm32f103-board.o
    0x08002fb4   0x08002fb4   0x0000000c   Code   RO         5305    i.SX126xRxTimerStop  sx126xstm32f103-board.o
    0x08002fc0   0x08002fc0   0x00000012   Code   RO         4965    i.SX126xSendPayload  sx126x.o
    0x08002fd2   0x08002fd2   0x00000016   Code   RO         4966    i.SX126xSetBufferBaseAddress  sx126x.o
    0x08002fe8   0x08002fe8   0x00000016   Code   RO         4967    i.SX126xSetCad      sx126x.o
    0x08002ffe   0x08002ffe   0x00000002   PAD
    0x08003000   0x08003000   0x00000028   Code   RO         4969    i.SX126xSetCrcPolynomial  sx126x.o
    0x08003028   0x08003028   0x00000028   Code   RO         4970    i.SX126xSetCrcSeed  sx126x.o
    0x08003050   0x08003050   0x0000000e   Code   RO         4971    i.SX126xSetDio2AsRfSwitchCtrl  sx126x.o
    0x0800305e   0x0800305e   0x00000036   Code   RO         4973    i.SX126xSetDioIrqParams  sx126x.o
    0x08003094   0x08003094   0x00000052   Code   RO         4975    i.SX126xSetLoRaSymbNumTimeout  sx126x.o
    0x080030e6   0x080030e6   0x00000002   PAD
    0x080030e8   0x080030e8   0x0000008c   Code   RO         4976    i.SX126xSetModulationParams  sx126x.o
    0x08003174   0x08003174   0x00000018   Code   RO         5306    i.SX126xSetNss      sx126xstm32f103-board.o
    0x0800318c   0x0800318c   0x0000000c   Code   RO         4674    i.SX126xSetOperatingMode  radio.o
    0x08003198   0x08003198   0x0000001e   Code   RO         4977    i.SX126xSetPaConfig  sx126x.o
    0x080031b6   0x080031b6   0x00000002   PAD
    0x080031b8   0x080031b8   0x000000c4   Code   RO         4978    i.SX126xSetPacketParams  sx126x.o
    0x0800327c   0x0800327c   0x0000001c   Code   RO         4979    i.SX126xSetPacketType  sx126x.o
    0x08003298   0x08003298   0x0000000a   Code   RO         4980    i.SX126xSetPayload  sx126x.o
    0x080032a2   0x080032a2   0x0000000e   Code   RO         4981    i.SX126xSetRegulatorMode  sx126x.o
    0x080032b0   0x080032b0   0x00000040   Code   RO         4982    i.SX126xSetRfFrequency  sx126x.o
    0x080032f0   0x080032f0   0x00000006   Code   RO         4675    i.SX126xSetRfTxPower  radio.o
    0x080032f6   0x080032f6   0x00000026   Code   RO         4983    i.SX126xSetRx       sx126x.o
    0x0800331c   0x0800331c   0x00000030   Code   RO         4984    i.SX126xSetRxBoosted  sx126x.o
    0x0800334c   0x0800334c   0x00000034   Code   RO         4985    i.SX126xSetRxDutyCycle  sx126x.o
    0x08003380   0x08003380   0x0000000c   Code   RO         5307    i.SX126xSetRxTimerValue  sx126xstm32f103-board.o
    0x0800338c   0x0800338c   0x00000038   Code   RO         4987    i.SX126xSetSleep    sx126x.o
    0x080033c4   0x080033c4   0x0000001c   Code   RO         4988    i.SX126xSetStandby  sx126x.o
    0x080033e0   0x080033e0   0x0000000e   Code   RO         4989    i.SX126xSetStopRxTimerOnPreambleDetect  sx126x.o
    0x080033ee   0x080033ee   0x00000012   Code   RO         4990    i.SX126xSetSyncWord  sx126x.o
    0x08003400   0x08003400   0x00000026   Code   RO         4991    i.SX126xSetTx       sx126x.o
    0x08003426   0x08003426   0x00000016   Code   RO         4992    i.SX126xSetTxContinuousWave  sx126x.o
    0x0800343c   0x0800343c   0x0000007e   Code   RO         4994    i.SX126xSetTxParams  sx126x.o
    0x080034ba   0x080034ba   0x00000002   PAD
    0x080034bc   0x080034bc   0x0000000c   Code   RO         5308    i.SX126xSetTxTimerValue  sx126xstm32f103-board.o
    0x080034c8   0x080034c8   0x00000038   Code   RO         4995    i.SX126xSetWhiteningSeed  sx126x.o
    0x08003500   0x08003500   0x00000004   Code   RO         5309    i.SX126xSpiInOut    sx126xstm32f103-board.o
    0x08003504   0x08003504   0x00000002   Code   RO         5310    i.SX126xTimerInit   sx126xstm32f103-board.o
    0x08003506   0x08003506   0x00000002   PAD
    0x08003508   0x08003508   0x00000018   Code   RO         5312    i.SX126xTxTimerStart  sx126xstm32f103-board.o
    0x08003520   0x08003520   0x0000000c   Code   RO         5313    i.SX126xTxTimerStop  sx126xstm32f103-board.o
    0x0800352c   0x0800352c   0x00000038   Code   RO         5314    i.SX126xWaitOnBusy  sx126xstm32f103-board.o
    0x08003564   0x08003564   0x0000002c   Code   RO         4676    i.SX126xWakeup      radio.o
    0x08003590   0x08003590   0x00000040   Code   RO         4677    i.SX126xWriteBuffer  radio.o
    0x080035d0   0x080035d0   0x00000042   Code   RO         4678    i.SX126xWriteCommand  radio.o
    0x08003612   0x08003612   0x0000000c   Code   RO         4679    i.SX126xWriteRegister  radio.o
    0x0800361e   0x0800361e   0x00000046   Code   RO         4680    i.SX126xWriteRegisters  radio.o
    0x08003664   0x08003664   0x00000008   Code   RO          263    i.StartDefaultTask  freertos.o
    0x0800366c   0x0800366c   0x0000002c   Code   RO         4504    i.SysTick_Handler   port.o
    0x08003698   0x08003698   0x00000078   Code   RO           15    i.SystemClock_Config  main.o
    0x08003710   0x08003710   0x00000002   Code   RO         3213    i.SystemInit        system_stm32f1xx.o
    0x08003712   0x08003712   0x00000002   PAD
    0x08003714   0x08003714   0x0000000c   Code   RO          490    i.TIM3_IRQHandler   stm32f1xx_it.o
    0x08003720   0x08003720   0x0000000c   Code   RO          491    i.TIM4_IRQHandler   stm32f1xx_it.o
    0x0800372c   0x0800372c   0x00000078   Code   RO          759    i.TIM_Base_SetConfig  stm32f1xx_hal_tim.o
    0x080037a4   0x080037a4   0x00000014   Code   RO          770    i.TIM_ETR_SetConfig  stm32f1xx_hal_tim.o
    0x080037b8   0x080037b8   0x00000010   Code   RO          771    i.TIM_ITRx_SetConfig  stm32f1xx_hal_tim.o
    0x080037c8   0x080037c8   0x00000022   Code   RO          777    i.TIM_TI1_ConfigInputStage  stm32f1xx_hal_tim.o
    0x080037ea   0x080037ea   0x00000024   Code   RO          779    i.TIM_TI2_ConfigInputStage  stm32f1xx_hal_tim.o
    0x0800380e   0x0800380e   0x00000002   Code   RO          492    i.UsageFault_Handler  stm32f1xx_it.o
    0x08003810   0x08003810   0x00000020   Code   RO         2403    i.__NVIC_SetPriority  stm32f1xx_hal_cortex.o
    0x08003830   0x08003830   0x00000014   Code   RO         5315    i.dio_EXTI          sx126xstm32f103-board.o
    0x08003844   0x08003844   0x00000038   Code   RO         5439    i.initKeyScan       processstate.o
    0x0800387c   0x0800387c   0x0000001c   Code   RO         5440    i.isKeyPressed      processstate.o
    0x08003898   0x08003898   0x00000024   Code   RO         5443    i.isTWPressed       processstate.o
    0x080038bc   0x080038bc   0x00000034   Code   RO           16    i.main              main.o
    0x080038f0   0x080038f0   0x0000000c   Code   RO         4069    i.makeFreeRtosPriority  cmsis_os.o
    0x080038fc   0x080038fc   0x0000000e   Code   RO         4071    i.osDelay           cmsis_os.o
    0x0800390a   0x0800390a   0x0000000a   Code   RO         4074    i.osKernelStart     cmsis_os.o
    0x08003914   0x08003914   0x00000054   Code   RO         4108    i.osThreadCreate    cmsis_os.o
    0x08003968   0x08003968   0x00000070   Code   RO         3739    i.prvAddCurrentTaskToDelayedList  tasks.o
    0x080039d8   0x080039d8   0x000000d0   Code   RO         3740    i.prvAddNewTaskToReadyList  tasks.o
    0x08003aa8   0x08003aa8   0x00000026   Code   RO         3391    i.prvCopyDataFromQueue  queue.o
    0x08003ace   0x08003ace   0x0000006c   Code   RO         3392    i.prvCopyDataToQueue  queue.o
    0x08003b3a   0x08003b3a   0x00000034   Code   RO         3741    i.prvDeleteTCB      tasks.o
    0x08003b6e   0x08003b6e   0x00000002   PAD
    0x08003b70   0x08003b70   0x0000004c   Code   RO         4436    i.prvHeapInit       heap_4.o
    0x08003bbc   0x08003bbc   0x00000060   Code   RO         3742    i.prvIdleTask       tasks.o
    0x08003c1c   0x08003c1c   0x00000016   Code   RO         3394    i.prvInitialiseNewQueue  queue.o
    0x08003c32   0x08003c32   0x00000002   PAD
    0x08003c34   0x08003c34   0x000000b0   Code   RO         3743    i.prvInitialiseNewTask  tasks.o
    0x08003ce4   0x08003ce4   0x0000004c   Code   RO         4437    i.prvInsertBlockIntoFreeList  heap_4.o
    0x08003d30   0x08003d30   0x0000001c   Code   RO         3395    i.prvIsQueueEmpty   queue.o
    0x08003d4c   0x08003d4c   0x00000020   Code   RO         3744    i.prvResetNextTaskUnblockTime  tasks.o
    0x08003d6c   0x08003d6c   0x00000028   Code   RO         4505    i.prvTaskExitError  port.o
    0x08003d94   0x08003d94   0x0000006a   Code   RO         3396    i.prvUnlockQueue    queue.o
    0x08003dfe   0x08003dfe   0x00000002   PAD
    0x08003e00   0x08003e00   0x000000dc   Code   RO         4438    i.pvPortMalloc      heap_4.o
    0x08003edc   0x08003edc   0x00000024   Code   RO         4506    i.pxPortInitialiseStack  port.o
    0x08003f00   0x08003f00   0x00000110   Code   RO         5444    i.scanMatrixKeys    processstate.o
    0x08004010   0x08004010   0x000000b4   Code   RO         5445    i.scanTWInputs      processstate.o
    0x080040c4   0x080040c4   0x00000084   Code   RO          264    i.startTask         freertos.o
    0x08004148   0x08004148   0x0000027c   Code   RO         5446    i.updateStateTask   processstate.o
    0x080043c4   0x080043c4   0x00000026   Code   RO         3351    i.uxListRemove      list.o
    0x080043ea   0x080043ea   0x00000002   PAD
    0x080043ec   0x080043ec   0x00000020   Code   RO         3750    i.uxTaskGetStackHighWaterMark  tasks.o
    0x0800440c   0x0800440c   0x00000014   Code   RO          265    i.vApplicationGetIdleTaskMemory  freertos.o
    0x08004420   0x08004420   0x00000016   Code   RO         3352    i.vListInitialise   list.o
    0x08004436   0x08004436   0x00000006   Code   RO         3353    i.vListInitialiseItem  list.o
    0x0800443c   0x0800443c   0x00000030   Code   RO         3354    i.vListInsert       list.o
    0x0800446c   0x0800446c   0x00000018   Code   RO         3355    i.vListInsertEnd    list.o
    0x08004484   0x08004484   0x00000040   Code   RO         4508    i.vPortEnterCritical  port.o
    0x080044c4   0x080044c4   0x00000028   Code   RO         4509    i.vPortExitCritical  port.o
    0x080044ec   0x080044ec   0x00000064   Code   RO         4439    i.vPortFree         heap_4.o
    0x08004550   0x08004550   0x0000006c   Code   RO         4440    i.vPortGetHeapStats  heap_4.o
    0x080045bc   0x080045bc   0x00000024   Code   RO         4510    i.vPortSetupTimerInterrupt  port.o
    0x080045e0   0x080045e0   0x0000004c   Code   RO         3754    i.vTaskDelay        tasks.o
    0x0800462c   0x0800462c   0x0000008c   Code   RO         3755    i.vTaskDelayUntil   tasks.o
    0x080046b8   0x080046b8   0x000000ac   Code   RO         3756    i.vTaskDelete       tasks.o
    0x08004764   0x08004764   0x00000010   Code   RO         3758    i.vTaskInternalSetTimeOutState  tasks.o
    0x08004774   0x08004774   0x0000000c   Code   RO         3759    i.vTaskMissedYield  tasks.o
    0x08004780   0x08004780   0x00000030   Code   RO         3761    i.vTaskPlaceOnEventList  tasks.o
    0x080047b0   0x080047b0   0x0000006c   Code   RO         3768    i.vTaskStartScheduler  tasks.o
    0x0800481c   0x0800481c   0x00000010   Code   RO         3770    i.vTaskSuspendAll   tasks.o
    0x0800482c   0x0800482c   0x0000005c   Code   RO         3771    i.vTaskSwitchContext  tasks.o
    0x08004888   0x08004888   0x000000e4   Code   RO         5243    i.wirelessTask      sx126x_example_recive.o
    0x0800496c   0x0800496c   0x000001a4   Code   RO         4584    i.wirelessTxTask    wireless.o
    0x08004b10   0x08004b10   0x000000a8   Code   RO         4512    i.xPortStartScheduler  port.o
    0x08004bb8   0x08004bb8   0x00000042   Code   RO         3407    i.xQueueGenericCreate  queue.o
    0x08004bfa   0x08004bfa   0x00000002   PAD
    0x08004bfc   0x08004bfc   0x00000088   Code   RO         3409    i.xQueueGenericReset  queue.o
    0x08004c84   0x08004c84   0x00000160   Code   RO         3410    i.xQueueGenericSend  queue.o
    0x08004de4   0x08004de4   0x00000138   Code   RO         3418    i.xQueueReceive     queue.o
    0x08004f1c   0x08004f1c   0x00000074   Code   RO         3773    i.xTaskCheckForTimeOut  tasks.o
    0x08004f90   0x08004f90   0x0000005a   Code   RO         3774    i.xTaskCreate       tasks.o
    0x08004fea   0x08004fea   0x00000056   Code   RO         3775    i.xTaskCreateStatic  tasks.o
    0x08005040   0x08005040   0x0000001c   Code   RO         3779    i.xTaskGetSchedulerState  tasks.o
    0x0800505c   0x0800505c   0x0000000c   Code   RO         3780    i.xTaskGetTickCount  tasks.o
    0x08005068   0x08005068   0x000000cc   Code   RO         3782    i.xTaskIncrementTick  tasks.o
    0x08005134   0x08005134   0x00000098   Code   RO         3785    i.xTaskPriorityDisinherit  tasks.o
    0x080051cc   0x080051cc   0x00000074   Code   RO         3787    i.xTaskRemoveFromEventList  tasks.o
    0x08005240   0x08005240   0x000000c4   Code   RO         3788    i.xTaskResumeAll    tasks.o
    0x08005304   0x08005304   0x00000038   Data   RO          267    .constdata          freertos.o
    0x0800533c   0x0800533c   0x00000012   Data   RO         2101    .constdata          stm32f1xx_hal_rcc.o
    0x0800534e   0x0800534e   0x00000012   Data   RO         2193    .constdata          stm32f1xx_hal_rcc_ex.o
    0x08005360   0x08005360   0x00000010   Data   RO         3214    .constdata          system_stm32f1xx.o
    0x08005370   0x08005370   0x00000008   Data   RO         3215    .constdata          system_stm32f1xx.o
    0x08005378   0x08005378   0x0000006c   Data   RO         4682    .constdata          radio.o
    0x080053e4   0x080053e4   0x000000b4   Data   RO         4683    .constdata          radio.o
    0x08005498   0x08005498   0x00000018   Data   RO          268    .conststring        freertos.o
    0x080054b0   0x080054b0   0x00000020   Data   RO         5995    Region$$Table       anon$$obj.o


    Execution Region RW_IRAM1 (Exec base: 0x20000000, Load base: 0x080054d0, Size: 0x00002de8, Max: 0x00005000, ABSOLUTE)

    Exec Addr    Load Addr    Size         Type   Attr      Idx    E Section Name        Object

    0x20000000   0x080054d0   0x00000014   Data   RW          269    .data               freertos.o
    0x20000014   0x080054e4   0x0000000c   Data   RW         1938    .data               stm32f1xx_hal.o
    0x20000020   0x080054f0   0x00000004   Data   RW         3216    .data               system_stm32f1xx.o
    0x20000024   0x080054f4   0x0000003c   Data   RW         3791    .data               tasks.o
    0x20000060   0x08005530   0x00000020   Data   RW         4445    .data               heap_4.o
    0x20000080   0x08005550   0x0000000c   Data   RW         4513    .data               port.o
    0x2000008c   0x0800555c   0x00000014   Data   RW         4684    .data               radio.o
    0x200000a0   0x08005570   0x00000008   Data   RW         4996    .data               sx126x.o
    0x200000a8   0x08005578   0x00000001   Data   RW         5245    .data               sx126x_example_recive.o
    0x200000a9   0x08005579   0x00000003   PAD
    0x200000ac   0x0800557c   0x00000008   Data   RW         5317    .data               sx126xstm32f103-board.o
    0x200000b4   0x08005584   0x00000040   Data   RW         5448    .data               processstate.o
    0x200000f4        -       0x00000254   Zero   RW          266    .bss                freertos.o
    0x20000348        -       0x00000074   Zero   RW          324    .bss                adc.o
    0x200003bc        -       0x00000058   Zero   RW          392    .bss                spi.o
    0x20000414        -       0x00000048   Zero   RW          444    .bss                tim.o
    0x2000045c        -       0x00000048   Zero   RW          592    .bss                stm32f1xx_hal_timebase_tim.o
    0x200004a4        -       0x000000f0   Zero   RW         3790    .bss                tasks.o
    0x20000594        -       0x00002000   Zero   RW         4444    .bss                heap_4.o
    0x20002594        -       0x00000150   Zero   RW         4681    .bss                radio.o
    0x200026e4        -       0x00000044   Zero   RW         5244    .bss                sx126x_example_recive.o
    0x20002728        -       0x00000018   Zero   RW         5316    .bss                sx126xstm32f103-board.o
    0x20002740        -       0x00000048   Zero   RW         5447    .bss                processstate.o
    0x20002788        -       0x00000060   Zero   RW         5869    .bss                c_w.l(libspace.o)
    0x200027e8        -       0x00000200   Zero   RW            2    HEAP                startup_stm32f103xb.o
    0x200029e8        -       0x00000400   Zero   RW            1    STACK               startup_stm32f103xb.o


==============================================================================

Image component sizes


      Code (inc. data)   RO Data    RW Data    ZI Data      Debug   Object Name

       284         30          0          0        116       1755   adc.o
       120          0          0          0          0      23085   cmsis_os.o
        44          4          0          0          0        734   dma.o
         0          0          0          0          0      19988   event_groups.o
       256         72         80         20        596       3106   freertos.o
       320         20          0          0          0       1508   gpio.o
       580         30          0         32       8192       8167   heap_4.o
       138          0          0          0          0       3350   list.o
       196         10          0          0          0     481649   main.o
       578         60          0         12          0      10120   port.o
      1550        122          0         64         72       9975   processstate.o
      1168         14          0          0          0      13315   queue.o
      2740        148        288         20        336      32073   radio.o
       228         30          0          0         88       2152   spi.o
        64         26        236          0       1536        800   startup_stm32f103xb.o
        64         14          0         12          0       4566   stm32f1xx_hal.o
      1134         56          0          0          0       8378   stm32f1xx_hal_adc.o
       216          6          0          0          0       1406   stm32f1xx_hal_adc_ex.o
       158         14          0          0          0      28154   stm32f1xx_hal_cortex.o
       586         32          0          0          0       3535   stm32f1xx_hal_dma.o
       524         40          0          0          0       4054   stm32f1xx_hal_gpio.o
        72         10          0          0          0        846   stm32f1xx_hal_msp.o
      1304         94         18          0          0       5653   stm32f1xx_hal_rcc.o
       400         28         18          0          0       2429   stm32f1xx_hal_rcc_ex.o
       910          4          0          0          0       4605   stm32f1xx_hal_spi.o
       936         24          0          0          0       9693   stm32f1xx_hal_tim.o
       108         12          0          0          0       2353   stm32f1xx_hal_tim_ex.o
       152         20          0          0         72       1439   stm32f1xx_hal_timebase_tim.o
        56         18          0          0          0       4209   stm32f1xx_it.o
         0          0          0          0          0        456   stream_buffer.o
      1882         74          0          8          0      22524   sx126x.o
       326         56          0          1         68       3831   sx126x_example_recive.o
       222         62          0          8         24       8029   sx126xstm32f103-board.o
         2          0         24          4          0       1083   system_stm32f1xx.o
      2388        182          0         60        240      27464   tasks.o
       168         18          0          0         72       1618   tim.o
       420         14          0          0          0      10541   wireless.o

    ----------------------------------------------------------------------
     20336       1344        696        244      11412     768643   Object Totals
         0          0         32          0          0          0   (incl. Generated)
        42          0          0          3          0          0   (incl. Padding)

    ----------------------------------------------------------------------

      Code (inc. data)   RO Data    RW Data    ZI Data      Debug   Library Member Name

         8          0          0          0          0         68   __main.o
         0          0          0          0          0          0   __rtentry.o
        12          0          0          0          0          0   __rtentry2.o
         6          0          0          0          0          0   __rtentry4.o
        52          8          0          0          0          0   __scatter.o
        26          0          0          0          0          0   __scatter_copy.o
        28          0          0          0          0          0   __scatter_zi.o
        16          0          0          0          0         68   aeabi_memset.o
        18          0          0          0          0         80   exit.o
         6          0          0          0          0        152   heapauxi.o
         0          0          0          0          0          0   indicate_semi.o
         2          0          0          0          0          0   libinit.o
         2          0          0          0          0          0   libinit2.o
         2          0          0          0          0          0   libshutdown.o
         2          0          0          0          0          0   libshutdown2.o
         8          4          0          0         96         68   libspace.o
        68          0          0          0          0         68   rt_memclr.o
        78          0          0          0          0         80   rt_memclr_w.o
       138          0          0          0          0         68   rt_memcpy_v6.o
       100          0          0          0          0         80   rt_memcpy_w.o
         2          0          0          0          0          0   rtexit.o
        10          0          0          0          0          0   rtexit2.o
        12          4          0          0          0         68   sys_exit.o
        74          0          0          0          0         80   sys_stackheap_outer.o
         2          0          0          0          0         68   use_no_semi.o

    ----------------------------------------------------------------------
       680         16          0          0         96        948   Library Totals
         8          0          0          0          0          0   (incl. Padding)

    ----------------------------------------------------------------------

      Code (inc. data)   RO Data    RW Data    ZI Data      Debug   Library Name

       672         16          0          0         96        948   c_w.l

    ----------------------------------------------------------------------
       680         16          0          0         96        948   Library Totals

    ----------------------------------------------------------------------

==============================================================================


      Code (inc. data)   RO Data    RW Data    ZI Data      Debug   

     21016       1360        696        244      11508     755807   Grand Totals
     21016       1360        696        244      11508     755807   ELF Image Totals
     21016       1360        696        244          0          0   ROM Totals

==============================================================================

    Total RO  Size (Code + RO Data)                21712 (  21.20kB)
    Total RW  Size (RW Data + ZI Data)             11752 (  11.48kB)
    Total ROM Size (Code + RO Data + RW Data)      21956 (  21.44kB)

==============================================================================

